{
  "statements": [
    {
      "kind": "Let",
      "name": "x",
      "type_hint": null,
      "value": {
        "expr": {
          "kind": "Datalit",
          "value": {
            "type_hint": null,
            "expr": {
              "heap": "Local",
              "expr": {
                "String": {
                  "value": "\"hello\""
                }
              }
            }
          }
        }
      }
    }
  ]
}