{
  "type_hint": null,
  "expr": {
    "heap": "Local",
    "expr": {
      "AnonEnum": {
        "variant_name": "Bar",
        "payload": {
          "type_hint": null,
          "expr": {
            "heap": "Omitted",
            "expr": {
              "AnonTuple": {
                "elements": [
                  {
                    "type_hint": null,
                    "expr": {
                      "heap": "Local",
                      "expr": {
                        "U32": {
                          "value": 42
                        }
                      }
                    }
                  }
                ]
              }
            }
          }
        }
      }
    }
  }
}