{
  "type_hint": {
    "heap": "Local",
    "type_hint": {
      "NamedTuple": {
        "name": "Bar",
        "fields": [
          {
            "heap": "Local",
            "type_hint": "Bool"
          },
          {
            "heap": "Local",
            "type_hint": "U32"
          }
        ]
      }
    }
  },
  "expr": {
    "heap": "Local",
    "expr": {
      "NamedTuple": {
        "name": "Bar",
        "elements": [
          {
            "type_hint": null,
            "expr": {
              "heap": "Local",
              "expr": "True"
            }
          },
          {
            "type_hint": null,
            "expr": {
              "heap": "Local",
              "expr": {
                "U32": {
                  "value": 1
                }
              }
            }
          }
        ]
      }
    }
  }
}