{
  "ast": {
    "expr": {
      "expr": {
        "Err": {
          "value": {
            "expr": {
              "expr": {
                "String": {
                  "value": "\"oops\""
                }
              },
              "heap": "Omitted"
            },
            "type_hint": null
          }
        }
      },
      "heap": "Local"
    },
    "type_hint": {
      "heap": "Local",
      "type_hint": "Error"
    }
  },
  "diagnostics": []
}