{
  "type_hint": {
    "heap": "Local",
    "type_hint": "Data"
  },
  "expr": {
    "heap": "Local",
    "expr": {
      "Data": {
        "value": {
          "type_hint": {
            "heap": "Local",
            "type_hint": "Int"
          },
          "expr": {
            "heap": "Omitted",
            "expr": {
              "Int": {
                "value": "1"
              }
            }
          }
        }
      }
    }
  }
}