{
  "ast": {
    "expr": {
      "expr": {
        "AnonEnum": {
          "payload": {
            "expr": {
              "expr": {
                "Int": {
                  "value": "42"
                }
              },
              "heap": "Local"
            },
            "type_hint": null
          },
          "variant_name": "Ok"
        }
      },
      "heap": "Local"
    },
    "type_hint": {
      "heap": "Omitted",
      "type_hint": {
        "AnonEnum": {
          "variants": [
            {
              "name": "Ok",
              "payload": {
                "heap": "Local",
                "type_hint": "U32"
              }
            },
            {
              "name": "Err",
              "payload": null
            }
          ]
        }
      }
    }
  },
  "diagnostics": []
}