{
  "ast": {
    "expr": {
      "expr": {
        "List": {
          "elements": []
        }
      },
      "heap": "Local"
    },
    "type_hint": {
      "heap": "Local",
      "type_hint": {
        "List": {
          "element_type": {
            "heap": "Local",
            "type_hint": "U32"
          }
        }
      }
    }
  },
  "diagnostics": []
}