{
  "ast": {
    "expr": {
      "ParseError": {
        "message": "unexpected token in Parser expression"
      }
    },
    "type_hint": null
  },
  "diagnostics": [
    {
      "code": "D020",
      "labels": [
        {
          "message": "unexpected token",
          "span": [
            0,
            1
          ],
          "text": "@"
        }
      ],
      "message": "unexpected token in Parser expression"
    }
  ]
}