{
  "ast": {
    "expr": {
      "ParseError": {
        "message": "expected comma between tensor element type and rank"
      }
    },
    "type_hint": {
      "ParseError": {
        "message": "expected comma between tensor element type and rank"
      }
    }
  },
  "diagnostics": [
    {
      "code": "D009",
      "labels": [
        {
          "message": "expected ',' after element type",
          "span": [
            8,
            9
          ],
          "text": "2"
        }
      ],
      "message": "expected comma between tensor element type and rank"
    }
  ]
}