{
  "ast": {
    "expr": {
      "ParseError": {
        "message": "invalid escape in string literal"
      }
    },
    "type_hint": null
  },
  "diagnostics": [
    {
      "code": "D039",
      "labels": [
        {
          "message": "`\\q` is not an escape; the escapes are \\\" \\\\ \\n \\r \\t \\0 and \\u{...}",
          "span": [
            0,
            5
          ],
          "text": "\"a\\q\""
        }
      ],
      "message": "invalid escape in string literal"
    }
  ]
}