{
  "ast": {
    "expr": {
      "Tensor": {
        "elements": [
          {
            "expr": {
              "Int": {
                "value": "1"
              }
            },
            "type_hint": null
          },
          {
            "expr": {
              "Int": {
                "value": "2"
              }
            },
            "type_hint": null
          },
          {
            "expr": {
              "Int": {
                "value": "3"
              }
            },
            "type_hint": null
          },
          {
            "expr": {
              "Int": {
                "value": "4"
              }
            },
            "type_hint": null
          },
          {
            "expr": {
              "Int": {
                "value": "5"
              }
            },
            "type_hint": null
          }
        ],
        "header": false,
        "shape": [
          2,
          3
        ]
      }
    },
    "type_hint": null
  },
  "diagnostics": [
    {
      "code": "D023",
      "labels": [
        {
          "message": "shape mismatch",
          "span": [
            0,
            0
          ],
          "text": ""
        }
      ],
      "message": "inconsistent tensor shape at group 1: expected [3] but got [2]"
    }
  ]
}