{
  "ast": {
    "expr": {
      "expr": {
        "AnonEnum": {
          "payload": null,
          "variant_name": "Foo"
        }
      },
      "heap": "Local"
    },
    "type_hint": {
      "heap": "Local",
      "type_hint": {
        "AnonEnum": {
          "variants": [
            {
              "name": "<error>",
              "payload": null
            },
            {
              "name": "Foo",
              "payload": null
            }
          ]
        }
      }
    }
  },
  "diagnostics": [
    {
      "code": "D011",
      "labels": [
        {
          "message": "expected variant name",
          "span": [
            10,
            11
          ],
          "text": ","
        }
      ],
      "message": "expected variant name in enum definition"
    }
  ]
}