{
  "ast": {
    "expr": {
      "ParseError": {
        "message": "a tensor of shape `2 3` holds 6 elements, and 5 are written"
      }
    },
    "type_hint": null
  },
  "diagnostics": [
    {
      "code": "D041",
      "labels": [
        {
          "message": "the shape",
          "span": [
            3,
            8
          ],
          "text": "2 3 |"
        }
      ],
      "message": "a tensor of shape `2 3` holds 6 elements, and 5 are written"
    }
  ]
}