{
  "ast": {
    "expr": {
      "ParseError": {
        "message": "unknown type 'tuple', did you mean '(T, ...)'?"
      }
    },
    "type_hint": {
      "ParseError": {
        "message": "unknown type 'tuple', did you mean '(T, ...)'?"
      }
    }
  },
  "diagnostics": [
    {
      "code": "D008",
      "labels": [
        {
          "message": "a collection type is written with its sigil",
          "span": [
            2,
            7
          ],
          "text": "tuple"
        }
      ],
      "message": "unknown type 'tuple', did you mean '(T, ...)'?"
    }
  ]
}