{
  "ast": {
    "expr": {
      "expr": {
        "AnonEnum": {
          "payload": null,
          "variant_name": "Foo"
        }
      },
      "heap": "Omitted"
    },
    "type_hint": {
      "heap": "Omitted",
      "type_hint": {
        "ParseError": {
          "message": "expected {} after enum keyword"
        }
      }
    }
  },
  "diagnostics": [
    {
      "code": "D003",
      "labels": [
        {
          "message": "expected '{' after 'enum'",
          "span": [
            2,
            6
          ],
          "text": "enum"
        }
      ],
      "message": "expected {} after enum keyword"
    }
  ]
}