[
    ScriptAnalysis(
        type: "Script",
        ast: Script(
            statements: [
                StmtLet(
                    kind: "Let",
                    name: "lt_t",
                    type_hint: None,
                    value: ExprFun(
                        expr: ExprBinOp(
                            kind: "BinOp",
                            op: Lt,
                            lhs: ExprFun(
                                expr: ExprInt(
                                    kind: "Int",
                                    heap: Local,
                                    type_hint: None,
                                    value: "5",
                                ),
                            ),
                            rhs: ExprFun(
                                expr: ExprInt(
                                    kind: "Int",
                                    heap: Local,
                                    type_hint: None,
                                    value: "10",
                                ),
                            ),
                        ),
                    ),
                ),
                StmtLet(
                    kind: "Let",
                    name: "lt_f",
                    type_hint: None,
                    value: ExprFun(
                        expr: ExprBinOp(
                            kind: "BinOp",
                            op: Lt,
                            lhs: ExprFun(
                                expr: ExprInt(
                                    kind: "Int",
                                    heap: Local,
                                    type_hint: None,
                                    value: "10",
                                ),
                            ),
                            rhs: ExprFun(
                                expr: ExprInt(
                                    kind: "Int",
                                    heap: Local,
                                    type_hint: None,
                                    value: "5",
                                ),
                            ),
                        ),
                    ),
                ),
                StmtLet(
                    kind: "Let",
                    name: "gt_t",
                    type_hint: None,
                    value: ExprFun(
                        expr: ExprBinOp(
                            kind: "BinOp",
                            op: Gt,
                            lhs: ExprFun(
                                expr: ExprInt(
                                    kind: "Int",
                                    heap: Local,
                                    type_hint: None,
                                    value: "10",
                                ),
                            ),
                            rhs: ExprFun(
                                expr: ExprInt(
                                    kind: "Int",
                                    heap: Local,
                                    type_hint: None,
                                    value: "5",
                                ),
                            ),
                        ),
                    ),
                ),
                StmtLet(
                    kind: "Let",
                    name: "gt_f",
                    type_hint: None,
                    value: ExprFun(
                        expr: ExprBinOp(
                            kind: "BinOp",
                            op: Gt,
                            lhs: ExprFun(
                                expr: ExprInt(
                                    kind: "Int",
                                    heap: Local,
                                    type_hint: None,
                                    value: "5",
                                ),
                            ),
                            rhs: ExprFun(
                                expr: ExprInt(
                                    kind: "Int",
                                    heap: Local,
                                    type_hint: None,
                                    value: "10",
                                ),
                            ),
                        ),
                    ),
                ),
                StmtLet(
                    kind: "Let",
                    name: "le_t",
                    type_hint: None,
                    value: ExprFun(
                        expr: ExprBinOp(
                            kind: "BinOp",
                            op: Le,
                            lhs: ExprFun(
                                expr: ExprInt(
                                    kind: "Int",
                                    heap: Local,
                                    type_hint: None,
                                    value: "5",
                                ),
                            ),
                            rhs: ExprFun(
                                expr: ExprInt(
                                    kind: "Int",
                                    heap: Local,
                                    type_hint: None,
                                    value: "5",
                                ),
                            ),
                        ),
                    ),
                ),
                StmtLet(
                    kind: "Let",
                    name: "le_f",
                    type_hint: None,
                    value: ExprFun(
                        expr: ExprBinOp(
                            kind: "BinOp",
                            op: Le,
                            lhs: ExprFun(
                                expr: ExprInt(
                                    kind: "Int",
                                    heap: Local,
                                    type_hint: None,
                                    value: "6",
                                ),
                            ),
                            rhs: ExprFun(
                                expr: ExprInt(
                                    kind: "Int",
                                    heap: Local,
                                    type_hint: None,
                                    value: "5",
                                ),
                            ),
                        ),
                    ),
                ),
                StmtLet(
                    kind: "Let",
                    name: "ge_t",
                    type_hint: None,
                    value: ExprFun(
                        expr: ExprBinOp(
                            kind: "BinOp",
                            op: Ge,
                            lhs: ExprFun(
                                expr: ExprInt(
                                    kind: "Int",
                                    heap: Local,
                                    type_hint: None,
                                    value: "10",
                                ),
                            ),
                            rhs: ExprFun(
                                expr: ExprInt(
                                    kind: "Int",
                                    heap: Local,
                                    type_hint: None,
                                    value: "5",
                                ),
                            ),
                        ),
                    ),
                ),
                StmtLet(
                    kind: "Let",
                    name: "ge_f",
                    type_hint: None,
                    value: ExprFun(
                        expr: ExprBinOp(
                            kind: "BinOp",
                            op: Ge,
                            lhs: ExprFun(
                                expr: ExprInt(
                                    kind: "Int",
                                    heap: Local,
                                    type_hint: None,
                                    value: "5",
                                ),
                            ),
                            rhs: ExprFun(
                                expr: ExprInt(
                                    kind: "Int",
                                    heap: Local,
                                    type_hint: None,
                                    value: "10",
                                ),
                            ),
                        ),
                    ),
                ),
                StmtLet(
                    kind: "Let",
                    name: "eq_t",
                    type_hint: None,
                    value: ExprFun(
                        expr: ExprBinOp(
                            kind: "BinOp",
                            op: Eq,
                            lhs: ExprFun(
                                expr: ExprInt(
                                    kind: "Int",
                                    heap: Local,
                                    type_hint: None,
                                    value: "7",
                                ),
                            ),
                            rhs: ExprFun(
                                expr: ExprInt(
                                    kind: "Int",
                                    heap: Local,
                                    type_hint: None,
                                    value: "7",
                                ),
                            ),
                        ),
                    ),
                ),
                StmtLet(
                    kind: "Let",
                    name: "eq_f",
                    type_hint: None,
                    value: ExprFun(
                        expr: ExprBinOp(
                            kind: "BinOp",
                            op: Eq,
                            lhs: ExprFun(
                                expr: ExprInt(
                                    kind: "Int",
                                    heap: Local,
                                    type_hint: None,
                                    value: "7",
                                ),
                            ),
                            rhs: ExprFun(
                                expr: ExprInt(
                                    kind: "Int",
                                    heap: Local,
                                    type_hint: None,
                                    value: "8",
                                ),
                            ),
                        ),
                    ),
                ),
                StmtLet(
                    kind: "Let",
                    name: "ne_t",
                    type_hint: None,
                    value: ExprFun(
                        expr: ExprBinOp(
                            kind: "BinOp",
                            op: Ne,
                            lhs: ExprFun(
                                expr: ExprInt(
                                    kind: "Int",
                                    heap: Local,
                                    type_hint: None,
                                    value: "7",
                                ),
                            ),
                            rhs: ExprFun(
                                expr: ExprInt(
                                    kind: "Int",
                                    heap: Local,
                                    type_hint: None,
                                    value: "8",
                                ),
                            ),
                        ),
                    ),
                ),
                StmtLet(
                    kind: "Let",
                    name: "ne_f",
                    type_hint: None,
                    value: ExprFun(
                        expr: ExprBinOp(
                            kind: "BinOp",
                            op: Ne,
                            lhs: ExprFun(
                                expr: ExprInt(
                                    kind: "Int",
                                    heap: Local,
                                    type_hint: None,
                                    value: "7",
                                ),
                            ),
                            rhs: ExprFun(
                                expr: ExprInt(
                                    kind: "Int",
                                    heap: Local,
                                    type_hint: None,
                                    value: "7",
                                ),
                            ),
                        ),
                    ),
                ),
                StmtLet(
                    kind: "Let",
                    name: "output",
                    type_hint: None,
                    value: ExprFun(
                        expr: ExprFunKind(
                            kind: "Name",
                            name: "lt_t",
                        ),
                    ),
                ),
            ],
        ),
        typecheck: TypecheckResult(
            status: "Success",
        ),
        output: "@true",
    ),
]