{
  "ast": {
    "expr": {
      "expr": {
        "NamedTuple": {
          "elements": [
            {
              "expr": {
                "expr": {
                  "U32": {
                    "value": 1
                  }
                },
                "heap": "Local"
              },
              "type_hint": null
            },
            {
              "expr": {
                "expr": {
                  "U32": {
                    "value": 2
                  }
                },
                "heap": "Local"
              },
              "type_hint": null
            }
          ],
          "name": "Pair"
        }
      },
      "heap": "Local"
    },
    "type_hint": {
      "heap": "Local",
      "type_hint": {
        "NamedTuple": {
          "fields": [
            {
              "heap": "Local",
              "type_hint": "U32"
            },
            {
              "heap": "Local",
              "type_hint": "U32"
            }
          ],
          "name": "Pair"
        }
      }
    }
  },
  "errors": [],
  "resolutions": [
    {
      "binding_id": 0,
      "name": "Pair",
      "scope_depth": 0
    }
  ]
}