AotAnalysis(
    sections: [
        AotSectionResult(
            section_type: "scriptunit-fragment",
            name: None,
            typecheck: TypecheckResult(
                status: "Success",
            ),
            ownership: OwnershipResult(
                status: "Success",
            ),
            lowering: LoweringResult(
                status: "Success",
                ir: """
                    scriptunit:
                    block0:
                        v0 = call f0()
                        debuglog v0
                        unit_end
                    
                    fn test_string():
                    block0:
                        v0 = const "hello"
                        debuglog v0
                        v1 = const 0u32
                        drop v0
                        return v1
                    exports:
                        test_string = f0
                """,
            ),
            aot_compile: Some(AotCompileResult(
                status: "Success",
            )),
            link: Some(LinkResult(
                status: "Success",
            )),
            execution: Some(ExecutionResult(
                status: "Success",
                exit_code: 0,
            )),
            output: "\"hello\"\n0\n",
        ),
    ],
)