AotAnalysis(
    sections: [
        AotSectionResult(
            section_type: "scriptunit-fragment",
            name: None,
            typecheck: TypecheckResult(
                status: "Success",
            ),
            lowering: LoweringResult(
                status: "Success",
                ir: "scriptunit:\nblock0:\n    v0 = const 1u32\n    v1 = const 100u32\n    v2 = const 2u32\n    v3 = const 200u32\n    v4 = map {v0: v1, v2: v3}\n    debuglog v4\n    unit_end_drop v4\n    unit_end\nexports:\n    m = v4\n",
            ),
            aot_compile: Some(AotCompileResult(
                status: "Success",
            )),
            link: Some(LinkResult(
                status: "Success",
            )),
            execution: Some(ExecutionResult(
                status: "Success",
                exit_code: 0,
            )),
            output: "map {1 = 100, 2 = 200}\n",
        ),
    ],
)