AotAnalysis(
    sections: [
        AotSectionResult(
            section_type: "scriptunit-fragment",
            name: None,
            typecheck: TypecheckResult(
                status: "Success",
            ),
            ownership: OwnershipResult(
                status: "Success",
            ),
            lowering: LoweringResult(
                status: "Success",
                ir: """
                    scriptunit:
                    block0:
                        v0 = const.tracked 10int
                        v1 = const.tracked 32int
                        v2 = call.tracked f0(v0, v1)
                        debuglog v2
                        drop v2
                        v3 = const.tracked 100int
                        v4 = const.tracked 42int
                        v5 = call.tracked f1(v3, v4)
                        debuglog v5
                        drop v5
                        v6 = const.tracked 7int
                        v7 = const.tracked 6int
                        v8 = call.tracked f2(v6, v7)
                        debuglog v8
                        drop v8
                        v9 = const.tracked 42int
                        v10 = call.tracked f3(v9)
                        debuglog v10
                        drop v10
                        unit_end
                    
                    fn add_ints(p0, p1):
                    block0:
                        v0 = add p0, p1
                        drop p0
                        drop p1
                        return v0
                    fn sub_ints(p0, p1):
                    block0:
                        v0 = sub p0, p1
                        drop p0
                        drop p1
                        return v0
                    fn mul_ints(p0, p1):
                    block0:
                        v0 = mul p0, p1
                        drop p0
                        drop p1
                        return v0
                    fn neg_int(p0):
                    block0:
                        v0 = neg p0
                        drop p0
                        return v0
                    exports:
                        add_ints = f0
                        sub_ints = f1
                        mul_ints = f2
                        neg_int = f3
                """,
            ),
            aot_compile: Some(AotCompileResult(
                status: "Success",
            )),
            link: Some(LinkResult(
                status: "Success",
            )),
            execution: Some(ExecutionResult(
                status: "Success",
                exit_code: 0,
            )),
            output: "42\n58\n42\n-42\n",
        ),
    ],
)