AotAnalysis(
    sections: [
        AotSectionResult(
            section_type: "scriptunit-fragment",
            name: None,
            typecheck: TypecheckResult(
                status: "Success",
            ),
            lowering: LoweringResult(
                status: "Success",
                ir: """
                    scriptunit:
                    block0:
                        v0 = const "label"
                        v1 = const 123456789012345678901234567890int
                        v2 = pack Tuple2 {v0, v1}
                        debuglog v2
                        unit_end_drop v2
                        unit_end
                    exports:
                        label = v0
                        num = v1
                        pair = v2
                """,
            ),
            aot_compile: Some(AotCompileResult(
                status: "Success",
            )),
            link: Some(LinkResult(
                status: "Success",
            )),
            execution: Some(ExecutionResult(
                status: "Success",
                exit_code: 0,
            )),
            output: "(\"label\", 123456789012345678901234567890)\n",
        ),
    ],
)