AotAnalysis(
    sections: [
        AotSectionResult(
            section_type: "scriptunit-fragment",
            name: None,
            typecheck: TypecheckResult(
                status: "Success",
            ),
            ownership: OwnershipResult(
                status: "Success",
            ),
            lowering: LoweringResult(
                status: "Success",
                ir: """
                    scriptunit:
                    block0:
                        v0 = const.tracked 42int
                        v1 = call.tracked f0(v0)
                        debuglog v1
                        drop v1
                        v2 = call.tracked f0(v0)
                        debuglog v2
                        drop v2
                        unit_end_drop v0
                        unit_end
                    
                    fn read_int(p0):
                    block0:
                        v0 = const.tracked 0int
                        v1 = add p0, v0
                        drop v0
                        return v1
                    exports:
                        read_int = f0
                        val = v0
                """,
            ),
            aot_compile: Some(AotCompileResult(
                status: "Success",
            )),
            link: Some(LinkResult(
                status: "Success",
            )),
            execution: Some(ExecutionResult(
                status: "Success",
                exit_code: 0,
            )),
            output: "42\n42\n",
        ),
    ],
)