AotAnalysis(
    sections: [
        AotSectionResult(
            section_type: "scriptunit-fragment",
            name: None,
            typecheck: TypecheckResult(
                status: "Success",
            ),
            ownership: OwnershipResult(
                status: "Success",
            ),
            lowering: LoweringResult(
                status: "Success",
                ir: """
                    scriptunit:
                    block0:
                        v0 = call @0 f1()
                        debuglog v0
                        drop v0
                        unit_end
                    
                    fn set_to_100(p0):
                    block0:
                        v0 = const 100int
                        store p0, v0
                        v1 = const true
                        return v1
                    fn test():
                    block0:
                        v0 = const 5int
                        store.move.tracked s0, v0
                        v1 = call @0 f0(s0)
                        v2 = load.move.tracked s0
                        return v2
                    exports:
                        set_to_100 = f0
                        test = f1
                """,
            ),
            aot_compile: Some(AotCompileResult(
                status: "Success",
            )),
            link: Some(LinkResult(
                status: "Success",
            )),
            execution: Some(ExecutionResult(
                status: "Success",
                exit_code: 0,
            )),
            output: "100\n",
        ),
    ],
)