AotAnalysis(
    sections: [
        AotSectionResult(
            section_type: "scriptunit-fragment",
            name: None,
            typecheck: TypecheckResult(
                status: "Success",
            ),
            lowering: LoweringResult(
                status: "Success",
                ir: """
                    scriptunit:
                    block0:
                        v0 = call.tracked f0()
                        v1, v2, v3 = unwrap_result.tracking v0
                        branch v3, block2, block1
                    block1:
                        v4 = err.tracked v2
                        unit_early_return v4
                    block2:
                        v5 = const 999u32
                        debuglog v5
                        unit_end
                    
                    fn get_err():
                    block0:
                        v0 = const 99u32
                        v1 = error_from.tracked v0
                        v2 = err.tracked v1
                        return v2
                    exports:
                        get_err = f0
                        x = v1
                """,
            ),
            aot_compile: Some(AotCompileResult(
                status: "Success",
            )),
            link: Some(LinkResult(
                status: "Success",
            )),
            execution: Some(ExecutionResult(
                status: "Success",
                exit_code: 0,
            )),
            output: "error 99\n",
        ),
    ],
)