AotAnalysis(
    sections: [
        AotSectionResult(
            section_type: "scriptunit-fragment",
            name: None,
            typecheck: TypecheckResult(
                status: "Success",
            ),
            ownership: OwnershipResult(
                status: "Success",
            ),
            lowering: LoweringResult(
                status: "Success",
                ir: """
                    scriptunit:
                    block0:
                        v0 = const 5int
                        v1 = call f1(v0)
                        debuglog v1
                        drop v1
                        unit_end
                    
                    fn double(p0):
                    block0:
                        v0 = add p0, p0
                        drop p0
                        return v0
                    fn quadruple(p0):
                    block0:
                        v0 = call f0(p0)
                        v1 = call f0(v0)
                        return v1
                    exports:
                        double = f0
                        quadruple = f1
                """,
            ),
            aot_compile: Some(AotCompileResult(
                status: "Success",
            )),
            link: Some(LinkResult(
                status: "Success",
            )),
            execution: Some(ExecutionResult(
                status: "Success",
                exit_code: 0,
            )),
            output: "20\n",
        ),
    ],
)