{
  "errors": [
    {
      "actual_type": "u32",
      "kind": "TryTypeMismatch",
      "operator": "?"
    },
    {
      "kind": "CannotSynthesize"
    }
  ],
  "judgements": [
    {
      "kind": "function",
      "name": "try_non_option",
      "params": [
        {
          "name": "val",
          "type": "u32"
        }
      ],
      "return_type": "?u32"
    }
  ]
}