{
  "diagnostics": [
    {
      "code": "F016",
      "labels": [
        {
          "message": "type mismatch",
          "span": [
            100,
            102
          ],
          "text": "42"
        }
      ],
      "message": "mismatched types: expected `?u32`, found `u32`"
    },
    {
      "code": "F016",
      "labels": [
        {
          "message": "type mismatch",
          "span": [
            147,
            148
          ],
          "text": "?"
        }
      ],
      "message": "mismatched types: expected `?u32`, found `u32`"
    }
  ],
  "errors": [
    {
      "actual": "u32",
      "expected": "?u32",
      "kind": "TypeMismatch"
    },
    {
      "actual": "u32",
      "expected": "?u32",
      "kind": "TypeMismatch"
    }
  ],
  "judgements": [
    {
      "kind": "function",
      "name": "get_option",
      "params": [],
      "return_type": "?u32"
    },
    {
      "kind": "function",
      "name": "test",
      "params": [],
      "return_type": "?u32"
    },
    {
      "kind": "variable",
      "name": "output",
      "type": "?u32"
    }
  ]
}