{
  "diagnostics": [
    {
      "code": "F054",
      "labels": [
        {
          "message": "variable not defined",
          "span": [
            19,
            20
          ],
          "text": "x"
        }
      ],
      "message": "undefined variable: x",
      "notes": [
        "declare the variable with 'var' before assigning to it"
      ]
    }
  ],
  "errors": [
    {
      "kind": "UndefinedVariable"
    }
  ],
  "judgements": [
    {
      "kind": "function",
      "name": "test",
      "params": [],
      "return_type": "?"
    }
  ]
}