{
  "diagnostics": [
    {
      "code": "F001",
      "labels": [
        {
          "message": "not found in this scope",
          "span": [
            91,
            92
          ],
          "text": "x"
        }
      ],
      "message": "cannot find value `x` in this scope"
    }
  ],
  "errors": [
    {
      "kind": "UnresolvedName",
      "name": "x"
    }
  ],
  "judgements": [
    {
      "kind": "function",
      "name": "test",
      "params": [],
      "return_type": "@u32"
    }
  ]
}