{
  "diagnostics": [],
  "errors": [],
  "judgements": [
    {
      "kind": "function",
      "name": "all_ops",
      "params": [
        {
          "name": "a",
          "type": "u32"
        },
        {
          "name": "b",
          "type": "u32"
        }
      ],
      "return_type": "!u32"
    }
  ]
}