{
  "diagnostics": [],
  "errors": [
    {
      "kind": "ViewTypeMutBinding",
      "view_type": "[|u32, 1|]"
    }
  ],
  "judgements": [
    {
      "kind": "function",
      "name": "set_first",
      "params": [
        {
          "name": "row",
          "type": "[|u32, 1|]"
        }
      ],
      "return_type": "?bool"
    },
    {
      "kind": "function",
      "name": "test",
      "params": [
        {
          "name": "t",
          "type": "[|u32, 2|]"
        }
      ],
      "return_type": "?bool"
    }
  ]
}