{
  "diagnostics": [],
  "errors": [
    {
      "field_type": "(int, int)",
      "kind": "NonCopyFieldProjection"
    },
    {
      "field_type": "int",
      "kind": "NonCopyFieldProjection"
    }
  ],
  "judgements": [
    {
      "kind": "variable",
      "name": "nested",
      "type": "((int, int), (int, int))"
    }
  ]
}