{
  "diagnostics": [
    {
      "code": "F068",
      "labels": [
        {
          "message": "only a struct or a tuple has fields",
          "span": [
            20,
            22
          ],
          "text": ".0"
        }
      ],
      "message": "`int` has no fields"
    }
  ],
  "errors": [
    {
      "kind": "ProjectionOnNonAggregate",
      "type": "int"
    }
  ],
  "judgements": [
    {
      "kind": "variable",
      "name": "x",
      "type": "int"
    }
  ]
}