{
  "diagnostics": [
    {
      "code": "F074",
      "labels": [
        {
          "message": "this index needs `?` or `!`",
          "span": [
            152,
            156
          ],
          "text": "b[i]"
        }
      ],
      "message": "a bare index can only insert into a map, not `[u32]`",
      "notes": [
        "write `[i]?` or `[i]!` to replace an element that is already there"
      ]
    }
  ],
  "errors": [
    {
      "kind": "DatalitError",
      "message": "a bare index can only insert into a map, not `[u32]`"
    }
  ],
  "judgements": [
    {
      "kind": "function",
      "name": "set_elem",
      "params": [
        {
          "name": "a",
          "type": "[u32]"
        },
        {
          "name": "i",
          "type": "index"
        },
        {
          "name": "v",
          "type": "u32"
        }
      ],
      "return_type": "[u32]"
    }
  ]
}