Analysis(
    sections: [
        SectionResult(
            section_type: "scriptunit-fragment",
            name: None,
            typecheck: TypecheckResult(
                status: "Success",
            ),
            lowering: LoweringResult(
                status: "Success",
                ir: "scriptunit:\nblock0:\n    unit_end\n\nfn count_to_n(p0):\nblock0:\n    v0 = const 0int\n    store.move s0, v0\n    v1 = const 0int\n    store.move s1, v1\n    goto block1\nblock1:\n    v2 = const 1int\n    v3 = add s0, v2\n    drop v2\n    drop s0\n    store.move s0, v3\n    v4 = add s1, s0\n    drop s1\n    store.move s1, v4\n    v5 = eq s0, p0\n    branch v5, block2, block3\nblock2:\n    goto block5\nblock3:\n    goto block4\nblock4:\n    goto block1\nblock5:\n    v6 = load.move s1\n    drop p0\n    drop s0\n    return v6\nexports:\n    count_to_n = f0\n",
            ),
            output: "(fragment executed)",
        ),
        SectionResult(
            section_type: "scriptunit-expr",
            name: None,
            typecheck: TypecheckResult(
                status: "Success",
            ),
            lowering: LoweringResult(
                status: "Success",
                ir: "scriptunit:\nblock0:\n    v0 = const 4int\n    v1 = call unit0.f0(v0)\n    unit_end v1\n",
            ),
            output: "10",
        ),
    ],
)