Analysis(
    sections: [
        SectionResult(
            section_type: "scriptunit-expr",
            name: None,
            typecheck: TypecheckResult(
                status: "Success",
            ),
            lowering: LoweringResult(
                status: "Success",
                ir: """
                    scriptunit:
                    block0:
                        v0 = const 5u32
                        v1 = const 10u32
                        v2 = const 15u32
                        v3 = set.tracked {v0, v1, v2}
                        unit_end v3
                """,
            ),
            output: "set {5, 10, 15}",
        ),
    ],
)