Analysis(
    sections: [
        SectionResult(
            section_type: "scriptunit-fragment",
            name: None,
            typecheck: TypecheckResult(
                status: "Success",
            ),
            lowering: LoweringResult(
                status: "Success",
                ir: """
                    scriptunit:
                    block0:
                        unit_end
                    
                    fn make_set():
                    block0:
                        v0 = const 100u32
                        v1 = const 200u32
                        v2 = const 300u32
                        v3 = set {v0, v1, v2}
                        return v3
                    exports:
                        make_set = f0
                """,
            ),
            output: "(fragment executed)",
        ),
        SectionResult(
            section_type: "scriptunit-expr",
            name: None,
            typecheck: TypecheckResult(
                status: "Success",
            ),
            lowering: LoweringResult(
                status: "Success",
                ir: """
                    scriptunit:
                    block0:
                        v0 = call unit0.f0()
                        unit_end v0
                """,
            ),
            output: "set {100, 200, 300}",
        ),
    ],
)