Analysis(
    sections: [
        SectionResult(
            section_type: "scriptunit-fragment",
            name: None,
            typecheck: TypecheckResult(
                status: "Success",
            ),
            ownership: OwnershipResult(
                status: "Success",
            ),
            lowering: LoweringResult(
                status: "Success",
                ir: """
                    scriptunit:
                    block0:
                        exit
                    
                    fn make_map():
                    block0:
                        v0 = const 1u32
                        v1 = const 1000u32
                        v2 = const 2u32
                        v3 = const 2000u32
                        v4 = map {v0: v1, v2: v3}
                        exit v4
                """,
            ),
            output: "(fragment executed)",
        ),
        SectionResult(
            section_type: "scriptunit-expr",
            name: None,
            typecheck: TypecheckResult(
                status: "Success",
            ),
            ownership: OwnershipResult(
                status: "Success",
            ),
            lowering: LoweringResult(
                status: "Success",
                ir: """
                    scriptunit:
                    block0:
                        v0 = call @0 unit0.u0()
                        exit v0
                """,
            ),
            output: "map {1 = 1000, 2 = 2000}",
        ),
    ],
)