Analysis(
    sections: [
        SectionResult(
            section_type: "module",
            name: Some("local/test/bad_module"),
            typecheck: TypecheckResult(
                status: "Error",
                errors: [
                    "line 4, col 9: error[F016]: mismatched types: expected `u32`, found `int`",
                ],
            ),
            lowering: LoweringResult(
                status: "Skipped",
            ),
            output: "",
        ),
        SectionResult(
            section_type: "scriptunit-fragment",
            name: None,
            typecheck: TypecheckResult(
                status: "Success",
            ),
            lowering: LoweringResult(
                status: "Success",
                ir: "scriptunit:\nblock0:\n    unit_end\n",
            ),
            output: "(fragment executed)",
        ),
        SectionResult(
            section_type: "scriptunit-expr",
            name: None,
            typecheck: TypecheckResult(
                status: "Success",
            ),
            lowering: LoweringResult(
                status: "Success",
                ir: "scriptunit:\nblock0:\n    v0 = const 5u32\n    v1 = call m0.f0(v0)\n    unit_end v1\n",
            ),
            output: "Error: ModuleFunctionNotFound { module: IrModuleId(0), func: FuncId(0) }",
        ),
    ],
)