Analysis(
    sections: [
        SectionResult(
            section_type: "scriptunit-fragment",
            name: None,
            typecheck: TypecheckResult(
                status: "Success",
            ),
            lowering: LoweringResult(
                status: "Success",
                ir: """
                    scriptunit:
                    block0:
                        v0 = const 0u32
                        v1 = const 5u32
                        v2 = widen v0
                        v3 = widen v1
                        v4 = sub v2, v3
                        drop v2
                        drop v3
                        v5 = const 10u32
                        v6 = const 0u32
                        v7 = widen v5
                        v8 = widen v6
                        v9 = sub v7, v8
                        drop v7
                        drop v8
                        unit_end_drop v4
                        unit_end_drop v9
                        unit_end
                    exports:
                        neg = v4
                        pos = v9
                """,
            ),
            output: "(fragment executed)",
        ),
        SectionResult(
            section_type: "scriptunit-expr",
            name: None,
            typecheck: TypecheckResult(
                status: "Success",
            ),
            lowering: LoweringResult(
                status: "Success",
                ir: """
                    scriptunit:
                    block0:
                        v0 = lt unit0.v4, unit0.v9
                        unit_end v0
                """,
            ),
            output: "true",
        ),
    ],
)