Analysis(
    sections: [
        SectionResult(
            section_type: "scriptunit-fragment",
            name: None,
            typecheck: TypecheckResult(
                status: "Success",
            ),
            ownership: OwnershipResult(
                status: "Success",
            ),
            lowering: LoweringResult(
                status: "Success",
                ir: """
                    scriptunit:
                    block0:
                        v0 = const 1int
                        v1 = const 2int
                        v2 = list [v0, v1]
                        store.move.tracked s0, v2
                        unit_end_drop.tracked s0
                        unit_end
                """,
            ),
            output: "(fragment executed)",
        ),
        SectionResult(
            section_type: "scriptunit-fragment",
            name: None,
            typecheck: TypecheckResult(
                status: "Success",
            ),
            ownership: OwnershipResult(
                status: "Success",
            ),
            lowering: LoweringResult(
                status: "Success",
                ir: """
                    scriptunit:
                    block0:
                        v0 = const 3int
                        v1 = const 4int
                        v2 = const 5int
                        v3 = list [v0, v1, v2]
                        drop.tracked unit0.s0
                        store.move.tracked unit0.s0, v3
                        unit_end
                """,
            ),
            output: "(fragment executed)",
        ),
        SectionResult(
            section_type: "scriptunit-expr",
            name: None,
            typecheck: TypecheckResult(
                status: "Success",
            ),
            ownership: OwnershipResult(
                status: "Success",
            ),
            lowering: LoweringResult(
                status: "Success",
                ir: """
                    scriptunit:
                    block0:
                        v0 = clone unit0.s0
                        unit_end v0
                """,
            ),
            output: "[3, 4, 5]",
        ),
    ],
)