Analysis(
    sections: [
        SectionResult(
            section_type: "scriptunit-fragment",
            name: None,
            typecheck: TypecheckResult(
                status: "ParseError",
                errors: [
                    "unexpected token after expression",
                ],
            ),
            lowering: LoweringResult(
                status: "Skipped",
            ),
            output: "",
        ),
        SectionResult(
            section_type: "scriptunit-expr",
            name: None,
            typecheck: TypecheckResult(
                status: "Error",
                errors: [
                    "UnresolvedName(\"get_message\")",
                ],
            ),
            lowering: LoweringResult(
                status: "Skipped",
            ),
            output: "",
        ),
    ],
)