[
    ScriptAnalysis(
        type: "Script",
        ast: Script(
            statements: [
                StmtFun(
                    kind: "Fun",
                    name: "test",
                    params: [],
                    return_type: Some(TypeHintAndHeap(
                        heap: Omitted,
                        type_hint: U32,
                    )),
                    body: [
                        StmtRet(
                            kind: "Ret",
                            value: Some(ExprFun(
                                expr: ExprInt(
                                    kind: "Int",
                                    heap: Local,
                                    type_hint: None,
                                    value: "42",
                                ),
                            )),
                        ),
                    ],
                ),
                StmtLet(
                    kind: "Let",
                    name: "output",
                    type_hint: None,
                    value: ExprFun(
                        expr: ExprFunctionCall(
                            kind: "FunctionCall",
                            name: "test",
                            args: [],
                        ),
                    ),
                ),
            ],
        ),
        typecheck: TypecheckResult(
            status: "Success",
        ),
        output: "@42",
    ),
]