Analysis(
    sections: [
        SectionResult(
            section_type: "module",
            name: Some("local/test/main"),
            typecheck: TypecheckResult(
                status: "Success",
            ),
            ownership: OwnershipResult(
                status: "Success",
            ),
            lowering: LoweringResult(
                status: "Success",
                ir: """
                    fn is_equal(p0, p1):
                    block0:
                        v0 = eq p0, p1
                        return v0
                """,
            ),
            output: "",
        ),
        SectionResult(
            section_type: "scriptunit-fragment",
            name: None,
            typecheck: TypecheckResult(
                status: "Success",
            ),
            ownership: OwnershipResult(
                status: "Success",
            ),
            lowering: LoweringResult(
                status: "Success",
                ir: """
                    scriptunit:
                    block0:
                        v0 = const 10int
                        v1 = const 20int
                        v2 = const 10int
                        v3 = call @0 m0.u0(v0, v2)
                        v4 = call @1 m0.u0(v0, v1)
                        v5 = call @2 m0.u0(v0, v0)
                        v6 = pack Tuple3 {v3, v4, v5}
                        unit_end_drop v0
                        unit_end_drop v1
                        unit_end_drop v2
                        unit_end
                """,
            ),
            output: "(fragment executed)",
        ),
        SectionResult(
            section_type: "scriptunit-expr",
            name: None,
            typecheck: TypecheckResult(
                status: "Success",
            ),
            ownership: OwnershipResult(
                status: "Success",
            ),
            lowering: LoweringResult(
                status: "Success",
                ir: """
                    scriptunit:
                    block0:
                        unit_end
                """,
            ),
            output: "(true, false, true)",
        ),
    ],
)