Analysis(
    sections: [
        SectionResult(
            section_type: "module",
            name: Some("local/test/main"),
            typecheck: TypecheckResult(
                status: "Error",
                errors: [
                    "line 5, col 5: error[F055]: cannot assign to immutable variable `x`",
                ],
            ),
            ownership: OwnershipResult(
                status: "Skipped",
            ),
            lowering: LoweringResult(
                status: "Skipped",
            ),
            output: "",
        ),
        SectionResult(
            section_type: "scriptunit-fragment",
            name: None,
            typecheck: TypecheckResult(
                status: "Skipped",
            ),
            ownership: OwnershipResult(
                status: "Skipped",
            ),
            lowering: LoweringResult(
                status: "Skipped",
            ),
            output: "",
        ),
        SectionResult(
            section_type: "scriptunit-expr",
            name: None,
            typecheck: TypecheckResult(
                status: "Skipped",
            ),
            ownership: OwnershipResult(
                status: "Skipped",
            ),
            lowering: LoweringResult(
                status: "Skipped",
            ),
            output: "",
        ),
    ],
)