[
    ScriptAnalysis(
        type: "Script",
        ast: Script(
            statements: [
                StmtFun(
                    kind: "Fun",
                    name: "get_value",
                    params: [],
                    return_type: Some(TypeHintAndHeap(
                        heap: Omitted,
                        type_hint: Int,
                    )),
                    body: [
                        StmtRet(
                            kind: "Ret",
                            value: ExprFun(
                                expr: ExprInt(
                                    kind: "Int",
                                    heap: Local,
                                    type_hint: Some(TypeHintAndHeap(
                                        heap: Omitted,
                                        type_hint: Int,
                                    )),
                                    value: "5",
                                ),
                            ),
                        ),
                    ],
                ),
                StmtFun(
                    kind: "Fun",
                    name: "calc",
                    params: [],
                    return_type: Some(TypeHintAndHeap(
                        heap: Omitted,
                        type_hint: Int,
                    )),
                    body: [
                        StmtLet(
                            kind: "Let",
                            name: "x",
                            type_hint: None,
                            value: ExprFun(
                                expr: ExprFunctionCall(
                                    kind: "FunctionCall",
                                    name: "get_value",
                                    args: [],
                                ),
                            ),
                        ),
                        StmtLet(
                            kind: "Let",
                            name: "y",
                            type_hint: None,
                            value: ExprFun(
                                expr: ExprInt(
                                    kind: "Int",
                                    heap: Local,
                                    type_hint: Some(TypeHintAndHeap(
                                        heap: Omitted,
                                        type_hint: Int,
                                    )),
                                    value: "2",
                                ),
                            ),
                        ),
                        StmtRet(
                            kind: "Ret",
                            value: ExprFun(
                                expr: ExprBinOp(
                                    kind: "BinOp",
                                    op: Mul,
                                    lhs: ExprFun(
                                        expr: ExprFunKind(
                                            kind: "Name",
                                            name: "x",
                                        ),
                                    ),
                                    rhs: ExprFun(
                                        expr: ExprFunKind(
                                            kind: "Name",
                                            name: "y",
                                        ),
                                    ),
                                ),
                            ),
                        ),
                    ],
                ),
                StmtLet(
                    kind: "Let",
                    name: "output",
                    type_hint: None,
                    value: ExprFun(
                        expr: ExprFunctionCall(
                            kind: "FunctionCall",
                            name: "calc",
                            args: [],
                        ),
                    ),
                ),
            ],
        ),
        typecheck: TypecheckResult(
            status: "Error",
            errors: [
                "RuntimeError(\"Cannot write integer to destination type Int\")",
            ],
        ),
        output: "",
    ),
]