[
    ModuleAnalysis(
        type: "Module",
        path: "sys/test/mixed",
        ast: Script(
            statements: [
                StmtFun(
                    kind: "Fun",
                    name: "process_int",
                    params: [
                        FunParam(
                            name: "x",
                            mode: In,
                            type_hint: TypeHintAndHeap(
                                heap: Omitted,
                                type_hint: Int,
                            ),
                        ),
                        FunParam(
                            name: "y",
                            mode: In,
                            type_hint: TypeHintAndHeap(
                                heap: Omitted,
                                type_hint: Int,
                            ),
                        ),
                    ],
                    return_type: Some(TypeHintAndHeap(
                        heap: Omitted,
                        type_hint: Int,
                    )),
                    body: [
                        StmtRet(
                            kind: "Ret",
                            value: ExprFun(
                                expr: ExprBinOp(
                                    kind: "BinOp",
                                    op: Add,
                                    lhs: ExprFun(
                                        expr: ExprFunKind(
                                            kind: "Name",
                                            name: "x",
                                        ),
                                    ),
                                    rhs: ExprFun(
                                        expr: ExprFunKind(
                                            kind: "Name",
                                            name: "y",
                                        ),
                                    ),
                                ),
                            ),
                        ),
                    ],
                ),
                StmtFun(
                    kind: "Fun",
                    name: "process_int_scaled",
                    params: [
                        FunParam(
                            name: "x",
                            mode: In,
                            type_hint: TypeHintAndHeap(
                                heap: Omitted,
                                type_hint: Int,
                            ),
                        ),
                    ],
                    return_type: Some(TypeHintAndHeap(
                        heap: Omitted,
                        type_hint: Int,
                    )),
                    body: [
                        StmtLet(
                            kind: "Let",
                            name: "hundred",
                            type_hint: None,
                            value: ExprFun(
                                expr: ExprBinOp(
                                    kind: "BinOp",
                                    op: Add,
                                    lhs: ExprFun(
                                        expr: ExprInt(
                                            kind: "Int",
                                            heap: Local,
                                            type_hint: None,
                                            value: "100",
                                        ),
                                    ),
                                    rhs: ExprFun(
                                        expr: ExprInt(
                                            kind: "Int",
                                            heap: Local,
                                            type_hint: None,
                                            value: "0",
                                        ),
                                    ),
                                ),
                            ),
                        ),
                        StmtLet(
                            kind: "Let",
                            name: "thousand",
                            type_hint: None,
                            value: ExprFun(
                                expr: ExprBinOp(
                                    kind: "BinOp",
                                    op: Add,
                                    lhs: ExprFun(
                                        expr: ExprInt(
                                            kind: "Int",
                                            heap: Local,
                                            type_hint: None,
                                            value: "1000",
                                        ),
                                    ),
                                    rhs: ExprFun(
                                        expr: ExprInt(
                                            kind: "Int",
                                            heap: Local,
                                            type_hint: None,
                                            value: "0",
                                        ),
                                    ),
                                ),
                            ),
                        ),
                        StmtLet(
                            kind: "Let",
                            name: "a",
                            type_hint: None,
                            value: ExprFun(
                                expr: ExprBinOp(
                                    kind: "BinOp",
                                    op: Mul,
                                    lhs: ExprFun(
                                        expr: ExprFunKind(
                                            kind: "Name",
                                            name: "x",
                                        ),
                                    ),
                                    rhs: ExprFun(
                                        expr: ExprFunKind(
                                            kind: "Name",
                                            name: "hundred",
                                        ),
                                    ),
                                ),
                            ),
                        ),
                        StmtRet(
                            kind: "Ret",
                            value: ExprFun(
                                expr: ExprBinOp(
                                    kind: "BinOp",
                                    op: Mul,
                                    lhs: ExprFun(
                                        expr: ExprFunKind(
                                            kind: "Name",
                                            name: "a",
                                        ),
                                    ),
                                    rhs: ExprFun(
                                        expr: ExprFunKind(
                                            kind: "Name",
                                            name: "thousand",
                                        ),
                                    ),
                                ),
                            ),
                        ),
                    ],
                ),
                StmtFun(
                    kind: "Fun",
                    name: "process_string",
                    params: [
                        FunParam(
                            name: "s",
                            mode: In,
                            type_hint: TypeHintAndHeap(
                                heap: Omitted,
                                type_hint: String,
                            ),
                        ),
                    ],
                    return_type: Some(TypeHintAndHeap(
                        heap: Omitted,
                        type_hint: String,
                    )),
                    body: [
                        StmtRet(
                            kind: "Ret",
                            value: ExprFun(
                                expr: ExprFunKind(
                                    kind: "Name",
                                    name: "s",
                                ),
                            ),
                        ),
                    ],
                ),
                StmtFun(
                    kind: "Fun",
                    name: "combined",
                    params: [
                        FunParam(
                            name: "x",
                            mode: In,
                            type_hint: TypeHintAndHeap(
                                heap: Omitted,
                                type_hint: Int,
                            ),
                        ),
                    ],
                    return_type: Some(TypeHintAndHeap(
                        heap: Omitted,
                        type_hint: Int,
                    )),
                    body: [
                        StmtLet(
                            kind: "Let",
                            name: "ten",
                            type_hint: None,
                            value: ExprFun(
                                expr: ExprBinOp(
                                    kind: "BinOp",
                                    op: Add,
                                    lhs: ExprFun(
                                        expr: ExprInt(
                                            kind: "Int",
                                            heap: Local,
                                            type_hint: None,
                                            value: "10",
                                        ),
                                    ),
                                    rhs: ExprFun(
                                        expr: ExprInt(
                                            kind: "Int",
                                            heap: Local,
                                            type_hint: None,
                                            value: "0",
                                        ),
                                    ),
                                ),
                            ),
                        ),
                        StmtLet(
                            kind: "Let",
                            name: "a",
                            type_hint: None,
                            value: ExprFun(
                                expr: ExprFunctionCall(
                                    kind: "FunctionCall",
                                    name: "process_int",
                                    args: [
                                        ExprFun(
                                            expr: ExprFunKind(
                                                kind: "Name",
                                                name: "x",
                                            ),
                                        ),
                                        ExprFun(
                                            expr: ExprFunKind(
                                                kind: "Name",
                                                name: "ten",
                                            ),
                                        ),
                                    ],
                                ),
                            ),
                        ),
                        StmtLet(
                            kind: "Let",
                            name: "b",
                            type_hint: None,
                            value: ExprFun(
                                expr: ExprFunctionCall(
                                    kind: "FunctionCall",
                                    name: "process_int_scaled",
                                    args: [
                                        ExprFun(
                                            expr: ExprFunKind(
                                                kind: "Name",
                                                name: "a",
                                            ),
                                        ),
                                    ],
                                ),
                            ),
                        ),
                        StmtRet(
                            kind: "Ret",
                            value: ExprFun(
                                expr: ExprFunKind(
                                    kind: "Name",
                                    name: "b",
                                ),
                            ),
                        ),
                    ],
                ),
            ],
        ),
        typecheck: TypecheckResult(
            status: "Success",
        ),
        exports: [],
    ),
    ScriptAnalysis(
        type: "Script",
        ast: Script(
            statements: [
                StmtRequireModule(
                    kind: "Require",
                    variant: "Module",
                    import_space: "sys",
                    package_alias: "test",
                    module_alias: "mixed",
                ),
                StmtImport(
                    kind: "Import",
                    module_name: "mixed",
                    item_name: "process_int",
                ),
                StmtImport(
                    kind: "Import",
                    module_name: "mixed",
                    item_name: "process_int_scaled",
                ),
                StmtImport(
                    kind: "Import",
                    module_name: "mixed",
                    item_name: "process_string",
                ),
                StmtImport(
                    kind: "Import",
                    module_name: "mixed",
                    item_name: "combined",
                ),
                StmtLet(
                    kind: "Let",
                    name: "a",
                    type_hint: None,
                    value: ExprFun(
                        expr: ExprFunctionCall(
                            kind: "FunctionCall",
                            name: "process_int",
                            args: [
                                ExprFun(
                                    expr: ExprBinOp(
                                        kind: "BinOp",
                                        op: Add,
                                        lhs: ExprFun(
                                            expr: ExprInt(
                                                kind: "Int",
                                                heap: Local,
                                                type_hint: None,
                                                value: "5",
                                            ),
                                        ),
                                        rhs: ExprFun(
                                            expr: ExprInt(
                                                kind: "Int",
                                                heap: Local,
                                                type_hint: None,
                                                value: "0",
                                            ),
                                        ),
                                    ),
                                ),
                                ExprFun(
                                    expr: ExprBinOp(
                                        kind: "BinOp",
                                        op: Add,
                                        lhs: ExprFun(
                                            expr: ExprInt(
                                                kind: "Int",
                                                heap: Local,
                                                type_hint: None,
                                                value: "3",
                                            ),
                                        ),
                                        rhs: ExprFun(
                                            expr: ExprInt(
                                                kind: "Int",
                                                heap: Local,
                                                type_hint: None,
                                                value: "0",
                                            ),
                                        ),
                                    ),
                                ),
                            ],
                        ),
                    ),
                ),
                StmtLet(
                    kind: "Let",
                    name: "b",
                    type_hint: None,
                    value: ExprFun(
                        expr: ExprFunctionCall(
                            kind: "FunctionCall",
                            name: "process_int_scaled",
                            args: [
                                ExprFun(
                                    expr: ExprBinOp(
                                        kind: "BinOp",
                                        op: Add,
                                        lhs: ExprFun(
                                            expr: ExprInt(
                                                kind: "Int",
                                                heap: Local,
                                                type_hint: None,
                                                value: "7",
                                            ),
                                        ),
                                        rhs: ExprFun(
                                            expr: ExprInt(
                                                kind: "Int",
                                                heap: Local,
                                                type_hint: None,
                                                value: "0",
                                            ),
                                        ),
                                    ),
                                ),
                            ],
                        ),
                    ),
                ),
                StmtLet(
                    kind: "Let",
                    name: "c",
                    type_hint: None,
                    value: ExprFun(
                        expr: ExprFunctionCall(
                            kind: "FunctionCall",
                            name: "process_string",
                            args: [
                                ExprFun(
                                    expr: ExprString(
                                        kind: "String",
                                        heap: Omitted,
                                        type_hint: None,
                                        value: "\"test\"",
                                    ),
                                ),
                            ],
                        ),
                    ),
                ),
                StmtLet(
                    kind: "Let",
                    name: "output",
                    type_hint: None,
                    value: ExprFun(
                        expr: ExprFunctionCall(
                            kind: "FunctionCall",
                            name: "combined",
                            args: [
                                ExprFun(
                                    expr: ExprBinOp(
                                        kind: "BinOp",
                                        op: Add,
                                        lhs: ExprFun(
                                            expr: ExprInt(
                                                kind: "Int",
                                                heap: Local,
                                                type_hint: None,
                                                value: "2",
                                            ),
                                        ),
                                        rhs: ExprFun(
                                            expr: ExprInt(
                                                kind: "Int",
                                                heap: Local,
                                                type_hint: None,
                                                value: "0",
                                            ),
                                        ),
                                    ),
                                ),
                            ],
                        ),
                    ),
                ),
            ],
        ),
        typecheck: TypecheckResult(
            status: "Error",
            errors: [
                "RuntimeError(\"Function \'process_int_scaled\' has analysis errors: [UseAfterMove { slot: SlotId(0), use_location: ProgramPoint { stmt_id: StmtId(2), position: Before }, move_location: ProgramPoint { stmt_id: StmtId(0), position: Before } }, UseAfterMove { slot: SlotId(1), use_location: ProgramPoint { stmt_id: StmtId(2), position: Before }, move_location: ProgramPoint { stmt_id: StmtId(0), position: Before } }, UseAfterMove { slot: SlotId(9), use_location: ProgramPoint { stmt_id: StmtId(3), position: Before }, move_location: ProgramPoint { stmt_id: StmtId(0), position: Before } }, UseAfterMove { slot: SlotId(5), use_location: ProgramPoint { stmt_id: StmtId(3), position: Before }, move_location: ProgramPoint { stmt_id: StmtId(0), position: Before } }]\")",
            ],
        ),
        output: "",
    ),
]