Analysis(
    sections: [
        SectionResult(
            section_type: "module",
            name: Some("local/test/binopfunc"),
            typecheck: TypecheckResult(
                status: "Error",
                errors: [
                    "line 4, col 20: error[F026]: invalid operand type `u32` for operator `+`",
                    "line 5, col 9: error[F001]: cannot find value `A` in this scope",
                ],
            ),
            ownership: OwnershipResult(
                status: "Skipped",
            ),
            lowering: LoweringResult(
                status: "Skipped",
            ),
            output: "",
        ),
        SectionResult(
            section_type: "scriptunit-fragment",
            name: None,
            typecheck: TypecheckResult(
                status: "Skipped",
            ),
            ownership: OwnershipResult(
                status: "Skipped",
            ),
            lowering: LoweringResult(
                status: "Skipped",
            ),
            output: "",
        ),
    ],
)