Analysis(
    sections: [
        SectionResult(
            section_type: "module",
            name: Some("local/test/optmod"),
            typecheck: TypecheckResult(
                status: "Success",
            ),
            ownership: OwnershipResult(
                status: "Success",
            ),
            lowering: LoweringResult(
                status: "Success",
                ir: """
                    fn get_opt():
                    block0:
                        v0 = const some 55u32
                        return v0
                """,
            ),
            output: "",
        ),
        SectionResult(
            section_type: "scriptunit-fragment",
            name: None,
            typecheck: TypecheckResult(
                status: "Success",
            ),
            ownership: OwnershipResult(
                status: "Success",
            ),
            lowering: LoweringResult(
                status: "Success",
                ir: """
                    scriptunit:
                    block0:
                        v0 = call m0.f0()
                        debuglog v0
                        unit_end
                """,
            ),
            output: "(fragment executed)",
            debug_output: Some("some 55\n"),
        ),
    ],
)