Analysis(
    sections: [
        SectionResult(
            section_type: "module",
            name: Some("local/test/base"),
            typecheck: TypecheckResult(
                status: "Success",
            ),
            ownership: OwnershipResult(
                status: "Success",
            ),
            lowering: LoweringResult(
                status: "Success",
                ir: """
                    fn get_value():
                    block0:
                        v0 = const 21u32
                        return v0
                """,
            ),
            output: "",
        ),
        SectionResult(
            section_type: "module",
            name: Some("local/test/caller"),
            typecheck: TypecheckResult(
                status: "Success",
            ),
            ownership: OwnershipResult(
                status: "Success",
            ),
            lowering: LoweringResult(
                status: "Error",
                message: "compute::const \'X\': CTFE error: interpreter error: ModuleFunctionNotFound { module: IrModuleId(0), func: FuncId(0) }",
            ),
            output: "",
        ),
        SectionResult(
            section_type: "scriptunit-fragment",
            name: None,
            typecheck: TypecheckResult(
                status: "Skipped",
            ),
            ownership: OwnershipResult(
                status: "Skipped",
            ),
            lowering: LoweringResult(
                status: "Skipped",
            ),
            output: "",
        ),
    ],
)