Analysis(
    sections: [
        SectionResult(
            section_type: "module",
            name: Some("local/test/complexctfe"),
            typecheck: TypecheckResult(
                status: "Error",
                errors: [
                    "line 4, col 92: error[F001]: cannot find value `enum` in this scope",
                    "line 5, col 9: error[F001]: cannot find value `D` in this scope",
                ],
            ),
            ownership: OwnershipResult(
                status: "Skipped",
            ),
            lowering: LoweringResult(
                status: "Skipped",
            ),
            output: "",
        ),
        SectionResult(
            section_type: "scriptunit-fragment",
            name: None,
            typecheck: TypecheckResult(
                status: "Skipped",
            ),
            ownership: OwnershipResult(
                status: "Skipped",
            ),
            lowering: LoweringResult(
                status: "Skipped",
            ),
            output: "",
        ),
    ],
)