[
    ScriptAnalysis(
        type: "Script",
        ast: Script(
            statements: [
                StmtFun(
                    kind: "Fun",
                    name: "test",
                    params: [],
                    return_type: Some(TypeHintAndHeap(
                        heap: Omitted,
                        type_hint: ParseError(TypeHintParseError(
                            message: "unknown type \'Int\', did you mean \'int\'?",
                        )),
                    )),
                    body: [
                        StmtRet(
                            kind: "Ret",
                            value: ExprFun(
                                expr: ExprInt(
                                    kind: "Int",
                                    heap: Local,
                                    type_hint: None,
                                    value: "5",
                                ),
                            ),
                        ),
                    ],
                ),
                StmtLet(
                    kind: "Let",
                    name: "output",
                    type_hint: None,
                    value: ExprFun(
                        expr: ExprFunctionCall(
                            kind: "FunctionCall",
                            name: "test",
                            args: [],
                        ),
                    ),
                ),
            ],
        ),
        typecheck: TypecheckResult(
            status: "Error",
            errors: [
                "TypecheckErrors(3)",
            ],
        ),
        output: "",
    ),
]