Analysis(
    sections: [
        SectionResult(
            section_type: "scriptunit-fragment",
            name: None,
            typecheck: TypecheckResult(
                status: "Success",
            ),
            ownership: OwnershipResult(
                status: "Success",
            ),
            lowering: LoweringResult(
                status: "Success",
                ir: """
                    scriptunit:
                    block0:
                        v0 = call @0 f0()
                        debuglog v0
                        drop v0
                        unit_end
                    
                    fn sub_checked():
                    block0:
                        v0 = const 100i32
                        v1 = const 30i32
                        v2 = const 70i32
                        v3 = const false
                        goto block1
                    block1:
                        v7 = ok v2
                        return v7
                """,
            ),
            output: "(fragment executed)",
            debug_output: Some("ok 70\n"),
        ),
    ],
)