Analysis(
    sections: [
        SectionResult(
            section_type: "scriptunit-fragment",
            name: None,
            typecheck: TypecheckResult(
                status: "Success",
            ),
            ownership: OwnershipResult(
                status: "Success",
            ),
            lowering: LoweringResult(
                status: "Success",
                ir: """
                    scriptunit:
                    block0:
                        v0 = call @0 u0()
                        debuglog v0
                        drop v0
                        unit_end
                    
                    fn compute():
                    block0:
                        v0 = const 1000i64
                        v1 = const 234i64
                        v2 = const 1234i64
                        v3 = const false
                        goto block1
                    block1:
                        v7 = ok v2
                        return v7
                """,
            ),
            output: "(fragment executed)",
            debug_output: Some("ok 1234\n"),
        ),
    ],
)