Analysis(
    sections: [
        SectionResult(
            section_type: "scriptunit-fragment",
            name: None,
            typecheck: TypecheckResult(
                status: "Success",
            ),
            ownership: OwnershipResult(
                status: "Success",
            ),
            lowering: LoweringResult(
                status: "Success",
                ir: """
                    scriptunit:
                    block0:
                        v0 = call @0 u0()
                        debuglog v0
                        drop v0
                        v1 = call @1 u1()
                        debuglog v1
                        drop v1
                        unit_end
                    
                    fn linear_elements():
                    block0:
                        v3 = staticref [1int, 2int, 3int]
                        v4 = clone *v3
                        return v4
                    
                    fn copy_elements():
                    block0:
                        v2 = staticref [1u32, 2u32]
                        v3 = clone *v2
                        return v3
                """,
            ),
            output: "(fragment executed)",
            debug_output: Some("[1, 2, 3]\n[1, 2]\n"),
        ),
    ],
)