[
    ScriptAnalysis(
        type: "Script",
        ast: Script(
            statements: [
                StmtFun(
                    kind: "Fun",
                    name: "test",
                    params: [
                        FunParam(
                            name: "a",
                            mode: In,
                            type_hint: TypeHintAndHeap(
                                heap: Local,
                                type_hint: Option(TypeHintOption(
                                    inner_type: TypeHintAndHeap(
                                        heap: Omitted,
                                        type_hint: U8,
                                    ),
                                )),
                            ),
                        ),
                    ],
                    return_type: Some(TypeHintAndHeap(
                        heap: Local,
                        type_hint: U8,
                    )),
                    body: [
                        StmtIf(
                            kind: "If",
                            condition: ExprFun(
                                expr: ExprFunKind(
                                    kind: "Name",
                                    name: "a",
                                ),
                            ),
                            then_body: [
                                StmtRet(
                                    kind: "Ret",
                                    value: Some(ExprFun(
                                        expr: ExprFunKind(
                                            kind: "Name",
                                            name: "value",
                                        ),
                                    )),
                                ),
                            ],
                            else_body: Some([
                                StmtRet(
                                    kind: "Ret",
                                    value: Some(ExprFun(
                                        expr: ExprInt(
                                            kind: "Int",
                                            heap: Local,
                                            type_hint: None,
                                            value: "0",
                                        ),
                                    )),
                                ),
                            ]),
                        ),
                    ],
                ),
                StmtLet(
                    kind: "Let",
                    name: "val",
                    type_hint: Some(TypeHintAndHeap(
                        heap: Local,
                        type_hint: Option(TypeHintOption(
                            inner_type: TypeHintAndHeap(
                                heap: Omitted,
                                type_hint: U8,
                            ),
                        )),
                    )),
                    value: ExprFun(
                        expr: ExprSome(
                            kind: "Some",
                            heap: Omitted,
                            type_hint: None,
                            payload: ExprFun(
                                expr: ExprInt(
                                    kind: "Int",
                                    heap: Local,
                                    type_hint: None,
                                    value: "255",
                                ),
                            ),
                        ),
                    ),
                ),
                StmtLet(
                    kind: "Let",
                    name: "output",
                    type_hint: None,
                    value: ExprFun(
                        expr: ExprFunctionCall(
                            kind: "FunctionCall",
                            name: "test",
                            args: [
                                ExprFun(
                                    expr: ExprFunKind(
                                        kind: "Name",
                                        name: "val",
                                    ),
                                ),
                            ],
                        ),
                    ),
                ),
            ],
        ),
        typecheck: TypecheckResult(
            status: "Success",
        ),
        output: "@255",
    ),
]