Analysis(
    sections: [
        SectionResult(
            section_type: "scriptunit-fragment",
            name: None,
            typecheck: TypecheckResult(
                status: "Success",
            ),
            ownership: OwnershipResult(
                status: "Success",
            ),
            lowering: LoweringResult(
                status: "Success",
                ir: """
                    scriptunit:
                    block0:
                        v0 = const "hello"
                        v1 = const "world"
                        v2 = list [v0, v1]
                        v3 = const 5index
                        v4 = call @0 u0(v2, v3)
                        debuglog v4
                        drop v4
                        unit_end
                    
                    fn get_str(p0, p1):
                    block0:
                        v0, v1 = listget p0[p1]
                        branch v1, block2, block1
                    block1:
                        v2 = none
                        drop p0
                        return v2
                    block2:
                        v3 = some v0
                        drop p0
                        return v3
                """,
            ),
            output: "(fragment executed)",
            debug_output: Some("none\n"),
        ),
    ],
)