Analysis(
    sections: [
        SectionResult(
            section_type: "scriptunit-fragment",
            name: None,
            typecheck: TypecheckResult(
                status: "Success",
            ),
            ownership: OwnershipResult(
                status: "Success",
            ),
            lowering: LoweringResult(
                status: "Success",
                ir: """
                    scriptunit:
                    block0:
                        v0 = const "hello"
                        v1 = call @0 u0(v0)
                        debuglog v1
                        drop v0
                        drop v1
                        unit_end
                    
                    fn clone_str(p0):
                    block0:
                        v0 = clone p0
                        v1 = some v0
                        return v1
                """,
            ),
            output: "(fragment executed)",
            debug_output: Some("some \"hello\"\n"),
        ),
    ],
)