IrSerialAnalysis(
    sections: [
        IrSerialSectionResult(
            section_type: "scriptunit-fragment",
            typecheck: TypecheckResult(
                status: "Success",
            ),
            lowering: LoweringResult(
                status: "Success",
                ir: "scriptunit:\nblock0:\n    v0 = const 5u32\n    v1 = call f0(v0)\n    debuglog v1\n    drop v1\n    unit_end\n\nfn countdown(p0):\nblock0:\n    v0 = const 0u32\n    v1 = eq p0, v0\n    branch v1, block1, block2\nblock1:\n    v2 = const 0u32\n    v3 = ok v2\n    return v3\nblock2:\n    v4 = const 1u32\n    v5, v6 = sub.checked p0, v4\n    branch v6, block3, block4\nblock3:\n    v7 = const \"arithmetic overflow\"\n    v8 = error_from v7\n    v9 = err v8\n    return v9\nblock4:\n    v10 = call f0(v5)\n    return v10\nexports:\n    countdown = f0\n",
            ),
            direct_interp_output: "ok 0\n",
            direct_aot_output: "ok 0\n",
            serialized_ir_size: 5641,
            serialized_registry_size: 177,
            deser_success: true,
            deser_interp_output: "ok 0\n",
            deser_aot_output: "ok 0\n",
            interp_output_match: true,
            aot_output_match: true,
            aot_compile: Some(AotCompileResult(
                status: "Success",
            )),
            link: Some(LinkResult(
                status: "Success",
            )),
            execution: Some(ExecutionResult(
                status: "Success",
                exit_code: 0,
            )),
        ),
    ],
)