{
  "ast": {
    "statements": [
      {
        "kind": "ParseError",
        "message": "expected '=' after let binding"
      }
    ]
  },
  "diagnostics": [
    {
      "code": "D021",
      "labels": [
        {
          "message": "unexpected tokens",
          "span": [
            0,
            1
          ],
          "text": "l"
        }
      ],
      "message": "unexpected tokens in type hint"
    },
    {
      "code": "D023",
      "labels": [
        {
          "message": "expected '='",
          "span": [
            14,
            15
          ],
          "text": ","
        }
      ],
      "message": "expected '=' after let binding"
    }
  ]
}