{
  "ast": {
    "statements": [
      {
        "kind": "Let",
        "name": "x",
        "type_hint": null,
        "value": {
          "expr": {
            "kind": "Er",
            "payload": {
              "expr": {
                "kind": "Error",
                "type_hint": null,
                "value": {
                  "expr": {
                    "kind": "Float",
                    "type_hint": "F64",
                    "value": "19.0"
                  }
                }
              }
            },
            "type_hint": "U32"
          }
        }
      }
    ]
  },
  "diagnostics": []
}