{
  "ast": {
    "statements": [
      {
        "body": [
          {
            "kind": "Let",
            "name": "y",
            "type_hint": null,
            "value": {
              "expr": {
                "kind": "BinOp",
                "lhs": {
                  "expr": {
                    "kind": "Place",
                    "root": "x",
                    "steps": []
                  }
                },
                "op": "Add",
                "rhs": {
                  "expr": {
                    "kind": "Int",
                    "type_hint": null,
                    "value": "1"
                  }
                }
              }
            }
          }
        ],
        "kind": "Fun",
        "name": "do_something",
        "params": [
          {
            "is_comptime": false,
            "mode": "In",
            "name": "x",
            "type_hint": "U32"
          }
        ],
        "return_type": null
      }
    ]
  },
  "diagnostics": []
}