{
  "ast": {
    "statements": [
      {
        "body": [
          {
            "kind": "Let",
            "name": "x",
            "type_hint": null,
            "value": {
              "expr": {
                "kind": "BinOp",
                "lhs": {
                  "expr": {
                    "kind": "Name",
                    "name": "a"
                  }
                },
                "op": "Add",
                "rhs": {
                  "expr": {
                    "kind": "Name",
                    "name": "b"
                  }
                }
              }
            }
          },
          {
            "kind": "Let",
            "name": "y",
            "type_hint": null,
            "value": {
              "expr": {
                "kind": "BinOp",
                "lhs": {
                  "expr": {
                    "kind": "Name",
                    "name": "x"
                  }
                },
                "op": "Mul",
                "rhs": {
                  "expr": {
                    "kind": "Int",
                    "type_hint": null,
                    "value": "2"
                  }
                }
              }
            }
          }
        ],
        "kind": "Fun",
        "name": "process",
        "params": [
          {
            "mode": "In",
            "name": "a",
            "type_hint": "U32"
          },
          {
            "mode": "In",
            "name": "b",
            "type_hint": "U32"
          }
        ],
        "return_type": null
      }
    ]
  },
  "diagnostics": []
}