{
  "ast": {
    "statements": [
      {
        "kind": "Const",
        "name": "lookup_tables",
        "type_hint": null,
        "value": {
          "expr": {
            "kind": "DataFile",
            "path": "local/app/lookup_tables"
          }
        }
      }
    ]
  },
  "diagnostics": []
}