{
  "ast": {
    "statements": [
      {
        "body": [
          {
            "condition": {
              "expr": {
                "kind": "BinOp",
                "lhs": {
                  "expr": {
                    "kind": "Name",
                    "name": "n"
                  }
                },
                "op": "Lt",
                "rhs": {
                  "expr": {
                    "kind": "Int",
                    "type_hint": null,
                    "value": "10"
                  }
                }
              }
            },
            "else_body": [
              {
                "kind": "Ret",
                "value": {
                  "expr": {
                    "kind": "Int",
                    "type_hint": null,
                    "value": "3"
                  }
                }
              }
            ],
            "kind": "If",
            "then_body": [
              {
                "condition": {
                  "expr": {
                    "kind": "BinOp",
                    "lhs": {
                      "expr": {
                        "kind": "Name",
                        "name": "n"
                      }
                    },
                    "op": "Lt",
                    "rhs": {
                      "expr": {
                        "kind": "Int",
                        "type_hint": null,
                        "value": "5"
                      }
                    }
                  }
                },
                "else_body": [
                  {
                    "kind": "Ret",
                    "value": {
                      "expr": {
                        "kind": "Int",
                        "type_hint": null,
                        "value": "2"
                      }
                    }
                  }
                ],
                "kind": "If",
                "then_body": [
                  {
                    "kind": "Ret",
                    "value": {
                      "expr": {
                        "kind": "Int",
                        "type_hint": null,
                        "value": "1"
                      }
                    }
                  }
                ]
              }
            ]
          }
        ],
        "kind": "Fun",
        "name": "classify",
        "params": [
          {
            "is_comptime": false,
            "mode": "In",
            "name": "n",
            "type_hint": "U32"
          }
        ],
        "return_type": "U32"
      }
    ]
  },
  "diagnostics": []
}