{
  "ast": {
    "statements": [
      {
        "kind": "Let",
        "name": "x",
        "type_hint": null,
        "value": {
          "expr": {
            "heap": "Local",
            "kind": "Int",
            "type_hint": null,
            "value": "1"
          }
        }
      },
      {
        "kind": "Let",
        "name": "y",
        "type_hint": null,
        "value": {
          "expr": {
            "heap": "Local",
            "kind": "Int",
            "type_hint": null,
            "value": "2"
          }
        }
      },
      {
        "kind": "Let",
        "name": "z",
        "type_hint": null,
        "value": {
          "expr": {
            "kind": "BinOp",
            "lhs": {
              "expr": {
                "kind": "Name",
                "name": "x"
              }
            },
            "op": "Add",
            "rhs": {
              "expr": {
                "kind": "Name",
                "name": "y"
              }
            }
          }
        }
      }
    ]
  },
  "diagnostics": []
}