{
  "ast": {
    "statements": [
      {
        "kind": "Let",
        "name": "x",
        "type_hint": null,
        "value": {
          "expr": {
            "elements": [
              {
                "expr": {
                  "kind": "Int",
                  "type_hint": null,
                  "value": "1"
                }
              },
              {
                "expr": {
                  "kind": "Int",
                  "type_hint": null,
                  "value": "2"
                }
              },
              {
                "expr": {
                  "kind": "Int",
                  "type_hint": null,
                  "value": "3"
                }
              }
            ],
            "kind": "List",
            "type_hint": null
          }
        }
      }
    ]
  },
  "diagnostics": []
}