{
  "ast": {
    "statements": [
      {
        "kind": "Let",
        "name": "x",
        "type_hint": null,
        "value": {
          "expr": {
            "kind": "Place",
            "root": "map",
            "steps": []
          }
        }
      }
    ]
  },
  "diagnostics": [
    {
      "code": "P021",
      "labels": [
        {
          "message": "unexpected token",
          "span": [
            12,
            42
          ],
          "text": "{ 1 = [10, 20], 2 = [30, 40] }"
        }
      ],
      "message": "unexpected token after expression"
    }
  ]
}