{
  "ast": {
    "statements": [
      {
        "condition": {
          "expr": {
            "kind": "Name",
            "name": "cond"
          }
        },
        "else_body": [
          {
            "kind": "Let",
            "name": "x",
            "type_hint": null,
            "value": {
              "expr": {
                "kind": "Name",
                "name": "val"
              }
            }
          }
        ],
        "kind": "If",
        "then_body": [
          {
            "kind": "Let",
            "name": "x",
            "type_hint": null,
            "value": {
              "expr": {
                "kind": "Int",
                "type_hint": null,
                "value": "1"
              }
            }
          }
        ]
      }
    ]
  },
  "diagnostics": []
}