{
  "ast": {
    "statements": [
      {
        "body": [
          {
            "kind": "Let",
            "name": "total",
            "type_hint": null,
            "value": {
              "expr": {
                "kind": "Int",
                "type_hint": null,
                "value": "0"
              }
            }
          },
          {
            "body": [
              {
                "body": [
                  {
                    "kind": "Let",
                    "name": "total",
                    "type_hint": null,
                    "value": {
                      "expr": {
                        "kind": "BinOp",
                        "lhs": {
                          "expr": {
                            "kind": "Name",
                            "name": "total"
                          }
                        },
                        "op": "Add",
                        "rhs": {
                          "expr": {
                            "kind": "Int",
                            "type_hint": null,
                            "value": "1"
                          }
                        }
                      }
                    }
                  },
                  {
                    "kind": "Break"
                  }
                ],
                "kind": "Loop"
              },
              {
                "condition": {
                  "expr": {
                    "kind": "BinOp",
                    "lhs": {
                      "expr": {
                        "kind": "Name",
                        "name": "total"
                      }
                    },
                    "op": "Ge",
                    "rhs": {
                      "expr": {
                        "kind": "Int",
                        "type_hint": null,
                        "value": "3"
                      }
                    }
                  }
                },
                "else_body": null,
                "kind": "If",
                "then_body": [
                  {
                    "kind": "Break"
                  }
                ]
              }
            ],
            "kind": "Loop"
          },
          {
            "kind": "Ret",
            "value": {
              "expr": {
                "kind": "Name",
                "name": "total"
              }
            }
          }
        ],
        "kind": "Fun",
        "name": "nested_loops",
        "params": [],
        "return_type": "U32"
      }
    ]
  },
  "diagnostics": []
}