{
  "ast": {
    "statements": [
      {
        "kind": "Let",
        "name": "x",
        "type_hint": null,
        "value": {
          "expr": {
            "base": {
              "expr": {
                "kind": "TryResult",
                "operand": {
                  "expr": {
                    "base": {
                      "expr": {
                        "kind": "TryOption",
                        "operand": {
                          "expr": {
                            "kind": "Place",
                            "root": "a",
                            "steps": [
                              {
                                "name": "b",
                                "variant": "Name"
                              }
                            ]
                          }
                        }
                      }
                    },
                    "field": {
                      "name": "c",
                      "variant": "Name"
                    },
                    "kind": "FieldProj"
                  }
                }
              }
            },
            "field": {
              "index": 0,
              "variant": "Index"
            },
            "kind": "FieldProj"
          }
        }
      }
    ]
  },
  "diagnostics": []
}