{
  "ast": {
    "statements": [
      {
        "kind": "Var",
        "name": "a",
        "type_hint": null,
        "value": {
          "expr": {
            "kind": "Int",
            "type_hint": null,
            "value": "1"
          }
        }
      },
      {
        "kind": "Set",
        "target": {
          "base": {
            "name": "a",
            "variant": "Name"
          },
          "field": {
            "name": "x",
            "variant": "Name"
          },
          "variant": "Proj"
        },
        "value": {
          "expr": {
            "kind": "Int",
            "type_hint": null,
            "value": "2"
          }
        }
      }
    ]
  },
  "diagnostics": []
}