{
  "ast": {
    "statements": [
      {
        "condition": {
          "expr": {
            "kind": "True",
            "type_hint": null
          }
        },
        "else_body": null,
        "kind": "If",
        "then_body": []
      }
    ]
  },
  "diagnostics": [
    {
      "code": "P020",
      "labels": [
        {
          "message": "expected '|'",
          "span": [
            10,
            10
          ],
          "text": ""
        }
      ],
      "message": "expected '|' after binding name"
    }
  ]
}