{
  "ast": {
    "statements": [
      {
        "body": [],
        "kind": "Fun",
        "name": "get_first",
        "params": [
          {
            "mode": "In",
            "name": "t",
            "type_hint": {
              "AnonTuple": {
                "fields": [
                  "U32",
                  "U32"
                ]
              }
            }
          }
        ],
        "return_type": "U32"
      }
    ]
  },
  "diagnostics": []
}