{
  "ast": {
    "statements": [
      {
        "kind": "ParseError",
        "message": "expected parameter list"
      },
      {
        "kind": "ParseError",
        "message": "unexpected statement"
      }
    ]
  },
  "diagnostics": [
    {
      "code": "P002",
      "labels": [
        {
          "message": "expected '(' to start parameter list",
          "span": [
            7,
            7
          ],
          "text": ""
        }
      ],
      "message": "expected parameter list"
    },
    {
      "code": "P001",
      "labels": [
        {
          "message": "expected 'let', 'var', 'const', 'set', 'fun', 'ret', 'require', 'import', 'if', 'loop', 'break', 'continue', 'debuglog', or 'type'",
          "span": [
            8,
            11
          ],
          "text": "end"
        }
      ],
      "message": "unexpected statement"
    }
  ]
}