{
  "ast": {
    "statements": [
      {
        "kind": "ParseError",
        "message": "expected '/' after package alias"
      }
    ]
  },
  "diagnostics": [
    {
      "code": "P004",
      "labels": [
        {
          "message": "expected '/' after package alias",
          "span": [
            23,
            23
          ],
          "text": ""
        }
      ],
      "message": "expected '/' after package alias"
    }
  ]
}