{
  "ast": {
    "statements": [
      {
        "kind": "ParseError",
        "message": "expected '.' after module name"
      }
    ]
  },
  "diagnostics": [
    {
      "code": "P006",
      "labels": [
        {
          "message": "expected '.' after module name",
          "span": [
            10,
            10
          ],
          "text": ""
        }
      ],
      "message": "expected '.' after module name"
    }
  ]
}