{
  "ast": {
    "expr": {
      "expr": {
        "AnonEnum": {
          "payload": {
            "expr": {
              "expr": {
                "AnonTuple": {
                  "elements": [
                    {
                      "expr": {
                        "expr": {
                          "Int": {
                            "value": "42"
                          }
                        },
                        "heap": "Local"
                      },
                      "type_hint": null
                    },
                    {
                      "expr": {
                        "expr": {
                          "String": {
                            "value": "\"success\""
                          }
                        },
                        "heap": "Local"
                      },
                      "type_hint": null
                    }
                  ]
                }
              },
              "heap": "Local"
            },
            "type_hint": null
          },
          "variant_name": "Ok"
        }
      },
      "heap": "Local"
    },
    "type_hint": {
      "heap": "Local",
      "type_hint": {
        "NamedEnum": {
          "name": "Result",
          "variants": [
            {
              "name": "Ok",
              "payload": {
                "heap": "Local",
                "type_hint": {
                  "AnonTuple": {
                    "fields": [
                      {
                        "heap": "Local",
                        "type_hint": "U32"
                      },
                      {
                        "heap": "Local",
                        "type_hint": "String"
                      }
                    ]
                  }
                }
              }
            },
            {
              "name": "Err",
              "payload": {
                "heap": "Local",
                "type_hint": "String"
              }
            }
          ]
        }
      }
    }
  },
  "errors": [],
  "root_type": {
    "heap": "@",
    "kind": "NamedEnum",
    "name": "Result",
    "variants": [
      {
        "name": "Ok",
        "payload": {
          "fields": [
            "@u32",
            "@string"
          ],
          "heap": "@",
          "kind": "AnonTuple"
        }
      },
      {
        "name": "Err",
        "payload": "@string"
      }
    ]
  }
}