{
  "ast": {
    "expr": {
      "List": {
        "elements": [
          {
            "expr": {
              "Int": {
                "value": "100"
              }
            },
            "type_hint": "U32"
          }
        ]
      }
    },
    "type_hint": {
      "List": {
        "element_type": "I32"
      }
    }
  },
  "diagnostics": [
    {
      "code": "T040",
      "labels": [
        {
          "message": "expected `i32`, found `u32`",
          "span": [
            11,
            22
          ],
          "text": ": u32 / 100"
        }
      ],
      "message": "mismatched types"
    }
  ],
  "errors": [
    {
      "actual": "u32",
      "expected": "i32",
      "kind": "TypeMismatch"
    }
  ],
  "root_type": null
}