{
  "ast": {
    "expr": {
      "Error": {
        "value": {
          "expr": {
            "String": {
              "value": "\"something went wrong\""
            }
          },
          "type_hint": null
        }
      }
    },
    "type_hint": null
  },
  "diagnostics": [],
  "errors": [],
  "root_type": "error"
}