{
  "ast": {
    "expr": {
      "expr": {
        "Map": {
          "entries": []
        }
      },
      "heap": "Omitted"
    },
    "type_hint": null
  },
  "diagnostics": [],
  "errors": [],
  "root_type": {
    "key_type": {
      "fields": [],
      "kind": "AnonTuple"
    },
    "kind": "Map",
    "value_type": {
      "fields": [],
      "kind": "AnonTuple"
    }
  }
}