{
  "ast": {
    "expr": {
      "Term": {
        "name": "Ready",
        "payload": {
          "expr": {
            "Int": {
              "value": "1"
            }
          },
          "type_hint": null
        }
      }
    },
    "type_hint": {
      "Enum": {
        "variants": [
          {
            "name": "Ready",
            "payload": null
          }
        ]
      }
    }
  },
  "diagnostics": [
    {
      "code": "T057",
      "labels": [
        {
          "message": "expected `enum{atom Ready}`, found `term Ready`",
          "span": [
            0,
            36
          ],
          "text": ": enum { atom Ready } / term Ready 1"
        }
      ],
      "message": "mismatched types"
    }
  ],
  "errors": [
    {
      "actual": "term Ready",
      "expected": "enum{atom Ready}",
      "kind": "TypeMismatch"
    }
  ],
  "root_type": null
}