{
  "ast": {
    "expr": {
      "ParseError": {
        "message": "expected 2 elements per row but got 1"
      }
    },
    "type_hint": null
  },
  "diagnostics": [
    {
      "code": "T017",
      "labels": [
        {
          "message": "parse error occurred here",
          "span": [
            0,
            6
          ],
          "text": "tensor"
        }
      ],
      "message": "cannot type-check expression with parse errors"
    }
  ],
  "errors": [
    {
      "kind": "CannotSynthesize"
    }
  ],
  "root_type": null
}