{
  "ast": {
    "expr": {
      "expr": {
        "Map": {
          "entries": [
            {
              "key": {
                "expr": {
                  "expr": {
                    "Int": {
                      "value": "1"
                    }
                  },
                  "heap": "Local"
                },
                "type_hint": null
              },
              "value": {
                "expr": {
                  "expr": {
                    "Int": {
                      "value": "42"
                    }
                  },
                  "heap": "Local"
                },
                "type_hint": null
              }
            }
          ]
        }
      },
      "heap": "Local"
    },
    "type_hint": {
      "heap": "Local",
      "type_hint": {
        "Map": {
          "key_type": {
            "heap": "Local",
            "type_hint": "U32"
          },
          "value_type": {
            "heap": "Local",
            "type_hint": "String"
          }
        }
      }
    }
  },
  "diagnostics": [
    {
      "code": "T032",
      "labels": [
        {
          "message": "expected `string`, found `u32`",
          "span": [
            37,
            38
          ],
          "text": "@"
        }
      ],
      "message": "mismatched types"
    }
  ],
  "errors": [
    {
      "actual": "u32",
      "expected": "string",
      "kind": "TypeMismatch"
    }
  ],
  "root_type": null
}