{
  "ast": {
    "expr": {
      "expr": {
        "AnonTuple": {
          "elements": [
            {
              "expr": {
                "expr": {
                  "Int": {
                    "value": "1"
                  }
                },
                "heap": "Omitted"
              },
              "type_hint": null
            },
            {
              "expr": {
                "expr": {
                  "Int": {
                    "value": "2"
                  }
                },
                "heap": "Omitted"
              },
              "type_hint": null
            },
            {
              "expr": {
                "expr": {
                  "Int": {
                    "value": "3"
                  }
                },
                "heap": "Omitted"
              },
              "type_hint": null
            }
          ]
        }
      },
      "heap": "Omitted"
    },
    "type_hint": {
      "heap": "Omitted",
      "type_hint": {
        "AnonTuple": {
          "fields": [
            {
              "heap": "Omitted",
              "type_hint": "U32"
            },
            {
              "heap": "Omitted",
              "type_hint": "U32"
            }
          ]
        }
      }
    }
  },
  "diagnostics": [
    {
      "code": "T038",
      "labels": [
        {
          "message": "expected 2 element(s), found 3",
          "span": [
            0,
            1
          ],
          "text": ":"
        }
      ],
      "message": "tuple has wrong number of elements"
    }
  ],
  "errors": [
    {
      "actual": 3,
      "expected": 2,
      "kind": "ArityMismatch"
    }
  ],
  "root_type": null
}