{
  "ast": {
    "expr": {
      "expr": {
        "List": {
          "elements": [
            {
              "expr": {
                "expr": {
                  "Int": {
                    "value": "1"
                  }
                },
                "heap": "Omitted"
              },
              "type_hint": null
            },
            {
              "expr": {
                "expr": {
                  "Int": {
                    "value": "2"
                  }
                },
                "heap": "Omitted"
              },
              "type_hint": null
            },
            {
              "expr": {
                "expr": {
                  "String": {
                    "value": "\"three\""
                  }
                },
                "heap": "Omitted"
              },
              "type_hint": null
            }
          ]
        }
      },
      "heap": "Omitted"
    },
    "type_hint": null
  },
  "diagnostics": [
    {
      "code": "T018",
      "labels": [
        {
          "message": "expected `u32`, found `string`",
          "span": [
            7,
            14
          ],
          "text": "\"three\""
        }
      ],
      "message": "mismatched types in list"
    }
  ],
  "errors": [
    {
      "actual": "string",
      "expected": "u32",
      "kind": "TypeMismatch"
    }
  ],
  "root_type": null
}