{
  "ast": {
    "expr": {
      "expr": {
        "Hex": {
          "value": "0x100"
        }
      },
      "heap": "Omitted"
    },
    "type_hint": {
      "heap": "Omitted",
      "type_hint": "U8"
    }
  },
  "diagnostics": [
    {
      "code": "T005",
      "labels": [
        {
          "message": "value out of range",
          "span": [
            0,
            1
          ],
          "text": ":"
        }
      ],
      "message": "hex literal out of range for type u8"
    }
  ],
  "errors": [
    {
      "kind": "IntOutOfRange"
    }
  ],
  "root_type": null
}