{
  "ast": {
    "expr": {
      "expr": {
        "Map": {
          "entries": [
            {
              "key": {
                "expr": {
                  "expr": {
                    "Int": {
                      "value": "1"
                    }
                  },
                  "heap": "Omitted"
                },
                "type_hint": null
              },
              "value": {
                "expr": {
                  "expr": {
                    "String": {
                      "value": "\"a\""
                    }
                  },
                  "heap": "Omitted"
                },
                "type_hint": null
              }
            },
            {
              "key": {
                "expr": {
                  "expr": {
                    "Int": {
                      "value": "2"
                    }
                  },
                  "heap": "Omitted"
                },
                "type_hint": null
              },
              "value": {
                "expr": {
                  "expr": {
                    "ParseError": {
                      "message": "unexpected token in Parser expression"
                    }
                  },
                  "heap": "Omitted"
                },
                "type_hint": null
              }
            }
          ]
        }
      },
      "heap": "Omitted"
    },
    "type_hint": null
  },
  "diagnostics": [
    {
      "code": "T017",
      "labels": [
        {
          "message": "parse error occurred here",
          "span": [
            19,
            20
          ],
          "text": "#"
        }
      ],
      "message": "cannot type-check expression with parse errors"
    }
  ],
  "errors": [
    {
      "kind": "CannotSynthesize"
    }
  ],
  "root_type": null
}