{
  "ast": {
    "expr": {
      "expr": {
        "AnonEnum": {
          "payload": {
            "expr": {
              "expr": {
                "AnonTuple": {
                  "elements": [
                    {
                      "expr": {
                        "expr": {
                          "String": {
                            "value": "\"wrong\""
                          }
                        },
                        "heap": "Local"
                      },
                      "type_hint": null
                    }
                  ]
                }
              },
              "heap": "Omitted"
            },
            "type_hint": null
          },
          "variant_name": "Ok"
        }
      },
      "heap": "Local"
    },
    "type_hint": {
      "heap": "Local",
      "type_hint": {
        "NamedEnum": {
          "name": "Result",
          "variants": [
            {
              "name": "Ok",
              "payload": {
                "heap": "Omitted",
                "type_hint": {
                  "AnonTuple": {
                    "fields": [
                      {
                        "heap": "Local",
                        "type_hint": "U32"
                      }
                    ]
                  }
                }
              }
            }
          ]
        }
      }
    }
  },
  "errors": [
    {
      "actual": "string",
      "expected": "u32",
      "kind": "TypeMismatch"
    }
  ],
  "root_type": null
}