{
  "ast": {
    "expr": {
      "Hex": {
        "value": "0x10000000000000000"
      }
    },
    "type_hint": "U64"
  },
  "diagnostics": [
    {
      "code": "T011",
      "labels": [
        {
          "message": "value out of range",
          "span": [
            0,
            1
          ],
          "text": ":"
        }
      ],
      "message": "hex literal out of range for type u64"
    }
  ],
  "errors": [
    {
      "kind": "IntOutOfRange"
    }
  ],
  "root_type": null
}