{
  "ast": {
    "expr": {
      "Table": {
        "header": [
          "a",
          "b"
        ],
        "rows": [
          {
            "elements": [
              {
                "expr": {
                  "Int": {
                    "value": "1"
                  }
                },
                "type_hint": null
              },
              {
                "expr": {
                  "Int": {
                    "value": "2"
                  }
                },
                "type_hint": null
              }
            ]
          }
        ]
      }
    },
    "type_hint": {
      "Table": {
        "columns": [
          {
            "name": "x",
            "type_hint": "U32"
          },
          {
            "name": "y",
            "type_hint": "U32"
          }
        ]
      }
    }
  },
  "diagnostics": [
    {
      "code": "T055",
      "labels": [
        {
          "message": "column 1: expected `x`, found `a`",
          "span": [
            0,
            44
          ],
          "text": ": {| x: u32, y: u32 |} / {|\n  a, b\n  1, 2\n|}"
        }
      ],
      "message": "table column name mismatch"
    }
  ],
  "errors": [
    {
      "kind": "FieldOrderMismatch"
    }
  ],
  "root_type": null
}