{
  "ast": {
    "expr": {
      "expr": {
        "AnonStruct": {
          "fields": [
            {
              "name": "x",
              "value": {
                "expr": {
                  "expr": {
                    "Int": {
                      "value": "1"
                    }
                  },
                  "heap": "Local"
                },
                "type_hint": null
              }
            },
            {
              "name": "y",
              "value": {
                "expr": {
                  "expr": {
                    "String": {
                      "value": "\"test\""
                    }
                  },
                  "heap": "Local"
                },
                "type_hint": null
              }
            }
          ]
        }
      },
      "heap": "Global"
    },
    "type_hint": {
      "heap": "Global",
      "type_hint": {
        "AnonStruct": {
          "fields": [
            {
              "name": "x",
              "type_hint": {
                "heap": "Omitted",
                "type_hint": "U32"
              }
            },
            {
              "name": "y",
              "type_hint": {
                "heap": "Omitted",
                "type_hint": "String"
              }
            }
          ]
        }
      }
    }
  },
  "errors": [],
  "root_type": {
    "fields": [
      {
        "name": "x",
        "type": "u32"
      },
      {
        "name": "y",
        "type": "string"
      }
    ],
    "heap": "#",
    "kind": "AnonStruct"
  }
}