{
  "ast": {
    "expr": {
      "expr": {
        "Tensor": {
          "elements": [
            {
              "expr": {
                "expr": {
                  "AnonTuple": {
                    "elements": [
                      {
                        "expr": {
                          "expr": {
                            "Int": {
                              "value": "1"
                            }
                          },
                          "heap": "Omitted"
                        },
                        "type_hint": null
                      },
                      {
                        "expr": {
                          "expr": {
                            "Float": {
                              "value": "1.0"
                            }
                          },
                          "heap": "Omitted"
                        },
                        "type_hint": null
                      }
                    ]
                  }
                },
                "heap": "Omitted"
              },
              "type_hint": null
            },
            {
              "expr": {
                "expr": {
                  "AnonTuple": {
                    "elements": [
                      {
                        "expr": {
                          "expr": {
                            "Int": {
                              "value": "2"
                            }
                          },
                          "heap": "Omitted"
                        },
                        "type_hint": null
                      },
                      {
                        "expr": {
                          "expr": {
                            "Float": {
                              "value": "2.0"
                            }
                          },
                          "heap": "Omitted"
                        },
                        "type_hint": null
                      }
                    ]
                  }
                },
                "heap": "Omitted"
              },
              "type_hint": null
            },
            {
              "expr": {
                "expr": {
                  "AnonTuple": {
                    "elements": [
                      {
                        "expr": {
                          "expr": {
                            "Int": {
                              "value": "3"
                            }
                          },
                          "heap": "Omitted"
                        },
                        "type_hint": null
                      },
                      {
                        "expr": {
                          "expr": {
                            "Float": {
                              "value": "3.0"
                            }
                          },
                          "heap": "Omitted"
                        },
                        "type_hint": null
                      }
                    ]
                  }
                },
                "heap": "Omitted"
              },
              "type_hint": null
            },
            {
              "expr": {
                "expr": {
                  "AnonTuple": {
                    "elements": [
                      {
                        "expr": {
                          "expr": {
                            "Int": {
                              "value": "4"
                            }
                          },
                          "heap": "Omitted"
                        },
                        "type_hint": null
                      },
                      {
                        "expr": {
                          "expr": {
                            "Float": {
                              "value": "4.0"
                            }
                          },
                          "heap": "Omitted"
                        },
                        "type_hint": null
                      }
                    ]
                  }
                },
                "heap": "Omitted"
              },
              "type_hint": null
            }
          ],
          "shape": [
            2,
            2
          ]
        }
      },
      "heap": "Local"
    },
    "type_hint": {
      "heap": "Omitted",
      "type_hint": {
        "Tensor": {
          "element_type": {
            "heap": "Omitted",
            "type_hint": {
              "AnonTuple": {
                "fields": [
                  {
                    "heap": "Omitted",
                    "type_hint": "U32"
                  },
                  {
                    "heap": "Omitted",
                    "type_hint": "F32"
                  }
                ]
              }
            }
          },
          "rank": 2
        }
      }
    }
  },
  "errors": [],
  "root_type": {
    "element_type": {
      "fields": [
        "u32",
        "f32"
      ],
      "heap": "",
      "kind": "AnonTuple"
    },
    "heap": "",
    "kind": "Tensor",
    "rank": 2
  }
}