{
  "ast": {
    "expr": {
      "ParseError": {
        "message": "expected 3 elements per row but got 2"
      }
    },
    "type_hint": {
      "Tensor": {
        "element_type": "U32",
        "rank": 2
      }
    }
  },
  "diagnostics": [],
  "errors": [
    {
      "kind": "CannotSynthesize"
    }
  ],
  "root_type": null
}