{
  "ast": {
    "expr": {
      "expr": {
        "AnonTuple": {
          "elements": [
            {
              "expr": {
                "expr": {
                  "Int": {
                    "value": "1"
                  }
                },
                "heap": "Local"
              },
              "type_hint": null
            },
            {
              "expr": {
                "expr": {
                  "Int": {
                    "value": "2"
                  }
                },
                "heap": "Local"
              },
              "type_hint": null
            }
          ]
        }
      },
      "heap": "Local"
    },
    "type_hint": {
      "heap": "Local",
      "type_hint": {
        "AnonTuple": {
          "fields": [
            {
              "heap": "Local",
              "type_hint": "Int"
            },
            {
              "heap": "Local",
              "type_hint": "Int"
            }
          ]
        }
      }
    }
  },
  "diagnostics": [],
  "errors": [],
  "root_type": {
    "fields": [
      "int",
      "int"
    ],
    "heap": "",
    "kind": "AnonTuple"
  }
}