Ir3Analysis(
    sections: [
        SectionResult(
            section_type: "scriptunit-expr",
            name: None,
            typecheck: TypecheckResult(
                status: "Skipped",
            ),
            lowering: LoweringResult(
                status: "Error",
                message: "scriptunit-expr lowering not yet implemented",
            ),
            output: "",
        ),
    ],
)