Ir3Analysis(
    sections: [
        SectionResult(
            section_type: "scriptunit-fragment",
            name: None,
            typecheck: TypecheckResult(
                status: "Success",
            ),
            lowering: LoweringResult(
                status: "Success",
                ir: "scriptunit:\nblock0:\n    v0 = const 100u32\n    v1 = const 42u32\n    v2 = some v1\n    v3 = const 0u32\n    store s0, v3\n    v4, v5 = unwrap_option v2\n    branch v5, block1, block2\nblock1:\n    store s0, v4\n    goto block3\nblock2:\n    goto block3\nblock3:\n    unit_end\nexports:\n    x = v0\n    opt = v2\n    result = s0\n",
            ),
            output: "(fragment executed)",
        ),
        SectionResult(
            section_type: "scriptunit-expr",
            name: None,
            typecheck: TypecheckResult(
                status: "Error",
                errors: [
                    "CannotSynthesize",
                ],
            ),
            lowering: LoweringResult(
                status: "Skipped",
            ),
            output: "",
        ),
    ],
)