Ir3Analysis(
    sections: [
        SectionResult(
            section_type: "scriptunit-fragment",
            name: None,
            typecheck: TypecheckResult(
                status: "Success",
            ),
            lowering: LoweringResult(
                status: "Success",
                ir: "scriptunit:\nblock0:\n    unit_end\n\nfn countdown(v0):\nblock0:\n    v1 = const 1u32\n    v2 = lt v0, v1\n    branch v2, block1, block2\nblock1:\n    v3 = const 0u32\n    v4 = ok v3\n    return v4\nblock4:\n    goto block3\nblock2:\n    v5 = const 1u32\n    v6, v7 = sub.checked v0, v5\n    branch v7, block5, block6\nblock5:\n    v8 = const \"arithmetic overflow\"\n    v9 = error_from v8\n    v10 = err v9\n    try_return v10\nblock6:\n    v11 = call f0(v6)\n    return v11\nblock7:\n    goto block3\nblock3:\n    return\nexports:\n    countdown = f0\n",
            ),
            output: "(fragment executed)",
        ),
        SectionResult(
            section_type: "scriptunit-expr",
            name: None,
            typecheck: TypecheckResult(
                status: "Success",
            ),
            lowering: LoweringResult(
                status: "Success",
                ir: "scriptunit:\nblock0:\n    v0 = const 5u32\n    v1 = call unit0.f0(v0)\n    unit_end v1\n",
            ),
            output: "ok @0",
        ),
    ],
)