ModulesAnalysis(
    typecheck: TypecheckResult(
        status: "Success",
    ),
    lowering: LoweringResult(
        status: "Success",
        ir: "fn main():\nblock0:\n    v0 = const 10u32\n    v1 = const 20u32\n    v2 = widen v0\n    v3 = widen v1\n    v4 = add v2, v3\n    drop v2\n    drop v3\n    return v4\n",
    ),
    output: "@30",
)