ModulesAnalysis(
    typecheck: TypecheckResult(
        status: "Success",
    ),
    lowering: LoweringResult(
        status: "Success",
        ir: """
            fn test():
            block0:
                v0 = none
                return v0
            
            fn main():
            block0:
                v0 = call m0.f0()
                v1, v2 = unwrap_option v0
                branch v2, block1, block2
            block1:
                return v1
            block2:
                v3 = const 999u32
                return v3
        """,
    ),
    output: "999",
)