ModulesAnalysis(
    typecheck: TypecheckResult(
        status: "Success",
    ),
    lowering: LoweringResult(
        status: "Success",
        ir: """
            fn main():
            block0:
                v0 = call @0 m0.f0()
                return v0
            
            fn helper():
            block0:
                v0 = const 42u32
                return v0
        """,
    ),
    output: "42",
)