{
  "auto_adapt_execution": {
    "environment": [
      {
        "kind": "let",
        "name": "m",
        "ty": "int",
        "value": "42"
      },
      {
        "kind": "let",
        "name": "n",
        "ty": "u32",
        "value": "42"
      }
    ],
    "outputs": [
      {
        "kind": "fragment",
        "output": "(fragment executed)"
      }
    ],
    "status": "ran"
  },
  "auto_adapt_mode": {
    "diagnostic_count": 0,
    "diagnostics": [],
    "error_count": 0,
    "errors": [],
    "success": true
  },
  "normal_mode": {
    "diagnostic_count": 1,
    "diagnostics": [
      {
        "code": "F016",
        "labels": [
          {
            "span": [
              189,
              190
            ],
            "text": "n"
          }
        ],
        "message": "mismatched types: expected `int`, found `u32`",
        "notes": [
          "help: use `@` to convert from `u32` to `int`"
        ]
      }
    ],
    "error_count": 1,
    "errors": [
      {
        "error": "TypeMismatch { expected: \"int\", actual: \"u32\" }"
      }
    ],
    "success": false
  }
}