=== BEFORE INLINING ===
fn abs(p0):
block0:
    v0 = const 0int
    v1 = lt p0, v0
    drop v0
    branch v1, block1, block2
block1:
    v2 = const 0int
    v3 = sub v2, p0
    drop v2
    drop p0
    return v3
block2:
    v4 = move p0
    return v4

fn process(p0):
block0:
    v0 = call @0 m0.u0(p0)
    return v0

=== INLINE DIRECTIVES ===
inline process abs

=== AFTER INLINING ===
fn abs(p0):
block0:
    v0 = const 0int
    v1 = lt p0, v0
    drop v0
    branch v1, block1, block2
block1:
    v2 = const 0int
    v3 = sub v2, p0
    drop v2
    drop p0
    return v3
block2:
    v4 = move p0
    return v4

fn process(p0):
block0:
    goto block1
block1:
    v6 = move p0
    v1 = const 0int
    v2 = lt v6, v1
    drop v1
    branch v2, block2, block3
block2:
    v3 = const 0int
    v4 = sub v3, v6
    drop v3
    drop v6
    goto block4(v4)
block3:
    v5 = move v6
    goto block4(v5)
block4(v0):
    return v0

=== INLINING STATS ===
Inlined: 1 call(s)
Skipped: 0
