=== BEFORE INLINING ===
fn bar(p0):
block0:
    v0 = call m0.f0(p0)
    return v0

fn foo(p0):
block0:
    v0 = call m0.f0(p0)
    return v0

fn helper(p0):
block0:
    v0 = widen p0
    v1 = widen p0
    v2 = add v0, v1
    drop v0
    drop v1
    return v2

=== INLINE DIRECTIVES ===
inline-all helper

=== AFTER INLINING ===
fn bar(p0):
block0:
    goto block1
block1:
    v4 = copy p0
    v1 = widen v4
    v2 = widen v4
    v3 = add v1, v2
    drop v1
    drop v2
    goto block2(v3)
block2(v0):
    return v0

fn foo(p0):
block0:
    goto block1
block1:
    v4 = copy p0
    v1 = widen v4
    v2 = widen v4
    v3 = add v1, v2
    drop v1
    drop v2
    goto block2(v3)
block2(v0):
    return v0

fn helper(p0):
block0:
    v0 = widen p0
    v1 = widen p0
    v2 = add v0, v1
    drop v0
    drop v1
    return v2

=== INLINING STATS ===
Inlined: 2 call(s)
Skipped: 0
