=== BEFORE INLINING ===
fn caller():
block0:
    v0 = const 42u32
    store.copy.tracked s0, v0
    v1 = call @0 m0.f0(s0)
    v2 = load.copy s0
    return v2

fn set_to_100(p0):
block0:
    v0 = const 100u32
    store p0, v0
    v1 = const true
    return v1

=== INLINE DIRECTIVES ===
inline caller set_to_100

=== AFTER INLINING ===
fn caller():
block0:
    v0 = const 42u32
    store.copy.tracked s0, v0
    goto block1
block1:
    v3 = const 100u32
    refstore s0, v3
    v4 = const true
    goto block2(v4)
block2(v1):
    v2 = load.copy s0
    return v2

fn set_to_100(p0):
block0:
    v0 = const 100u32
    store p0, v0
    v1 = const true
    return v1

=== INLINING STATS ===
Inlined: 1 call(s)
Skipped: 0
