[
    ScriptAnalysis(
        type: "Script",
        ast: Script(
            statements: [
                StmtLet(
                    kind: "Let",
                    name: "output",
                    type_hint: None,
                    value: ExprFun(
                        expr: ExprFunKind(
                            kind: "Datalit",
                            value: ExprFull(
                                type_hint: None,
                                expr: ExprAndHeap(
                                    heap: Local,
                                    expr: Map(ExprMap(
                                        entries: [
                                            ExprMapEntry(
                                                key: ExprFull(
                                                    type_hint: None,
                                                    expr: ExprAndHeap(
                                                        heap: Local,
                                                        expr: String(ExprString(
                                                            value: "\"a\"",
                                                        )),
                                                    ),
                                                ),
                                                value: ExprFull(
                                                    type_hint: None,
                                                    expr: ExprAndHeap(
                                                        heap: Local,
                                                        expr: Int(ExprInt(
                                                            value: "1",
                                                        )),
                                                    ),
                                                ),
                                            ),
                                            ExprMapEntry(
                                                key: ExprFull(
                                                    type_hint: None,
                                                    expr: ExprAndHeap(
                                                        heap: Local,
                                                        expr: String(ExprString(
                                                            value: "\"b\"",
                                                        )),
                                                    ),
                                                ),
                                                value: ExprFull(
                                                    type_hint: None,
                                                    expr: ExprAndHeap(
                                                        heap: Local,
                                                        expr: Int(ExprInt(
                                                            value: "2",
                                                        )),
                                                    ),
                                                ),
                                            ),
                                        ],
                                    )),
                                ),
                            ),
                        ),
                    ),
                ),
            ],
        ),
        typecheck: TypecheckResult(
            status: "Success",
        ),
        output: "@map {@\"b\" = @2, @\"a\" = @1}",
    ),
]