[
  {
    "input": "let x = 42",
    "parse": {
      "Command": {
        "ScriptStatement": "let x = 42"
      }
    },
    "eval": {
      "SuccessLet": {
        "name": "x",
        "ty": "U32",
        "value": "@42"
      }
    },
    "environment": [
      {
        "name": "x",
        "ty": "U32",
        "value": "@42"
      }
    ]
  },
  {
    "input": "x",
    "parse": {
      "Command": {
        "Expression": "x"
      }
    },
    "eval": {
      "SuccessExpr": {
        "expr_kind": "expr",
        "ty": "U32",
        "value": "@42"
      }
    },
    "environment": [
      {
        "name": "x",
        "ty": "U32",
        "value": "@42"
      }
    ]
  },
  {
    "input": "let y = x + 10",
    "parse": {
      "Command": {
        "ScriptStatement": "let y = x + 10"
      }
    },
    "eval": {
      "SuccessLet": {
        "name": "y",
        "ty": "Int",
        "value": "@52"
      }
    },
    "environment": [
      {
        "name": "x",
        "ty": "U32",
        "value": "@42"
      },
      {
        "name": "y",
        "ty": "Int",
        "value": "@52"
      }
    ]
  },
  {
    "input": "y",
    "parse": {
      "Command": {
        "Expression": "y"
      }
    },
    "eval": {
      "SuccessExpr": {
        "expr_kind": "expr",
        "ty": "Int",
        "value": "@52"
      }
    },
    "environment": [
      {
        "name": "x",
        "ty": "U32",
        "value": "@42"
      },
      {
        "name": "y",
        "ty": "Int",
        "value": "<moved>"
      }
    ]
  }
]