[
  {
    "input": "fun inc(x: u32): u32\n  ret x + 1\nend fun",
    "parse": {
      "Command": {
        "ScriptStatement": "fun inc(x: u32): u32\n  ret x + 1\nend fun"
      }
    },
    "eval": {
      "Error": "TypeMismatch { expected: \"u32\", actual: \"int\" }"
    },
    "environment": []
  },
  {
    "input": "fun double(x: u32): u32\n  ret x + x\nend fun",
    "parse": {
      "Command": {
        "ScriptStatement": "fun double(x: u32): u32\n  ret x + x\nend fun"
      }
    },
    "eval": {
      "Error": "TypeMismatch { expected: \"u32\", actual: \"int\" }"
    },
    "environment": []
  },
  {
    "input": "inc(5)",
    "parse": {
      "Command": {
        "Expression": "inc(5)"
      }
    },
    "eval": {
      "Error": "function not found: inc"
    },
    "environment": []
  },
  {
    "input": "double(5)",
    "parse": {
      "Command": {
        "Expression": "double(5)"
      }
    },
    "eval": {
      "Error": "function not found: double"
    },
    "environment": []
  },
  {
    "input": "double(inc(5))",
    "parse": {
      "Command": {
        "Expression": "double(inc(5))"
      }
    },
    "eval": {
      "Error": "function not found: double"
    },
    "environment": []
  },
  {
    "input": "inc(double(5))",
    "parse": {
      "Command": {
        "Expression": "inc(double(5))"
      }
    },
    "eval": {
      "Error": "function not found: inc"
    },
    "environment": []
  },
  {
    "input": "fun multiply(a: u32, b: u32): u32\n  ret a * b\nend fun",
    "parse": {
      "Command": {
        "ScriptStatement": "fun multiply(a: u32, b: u32): u32\n  ret a * b\nend fun"
      }
    },
    "eval": {
      "Error": "TypeMismatch { expected: \"u32\", actual: \"int\" }"
    },
    "environment": []
  },
  {
    "input": "fun add(a: u32, b: u32): u32\n  ret a + b\nend fun",
    "parse": {
      "Command": {
        "ScriptStatement": "fun add(a: u32, b: u32): u32\n  ret a + b\nend fun"
      }
    },
    "eval": {
      "Error": "TypeMismatch { expected: \"u32\", actual: \"int\" }"
    },
    "environment": []
  },
  {
    "input": "fun compute(x: u32, y: u32): u32\n  let a = add(x, y)\n  let b = multiply(a, 2)\n  ret b\nend fun",
    "parse": {
      "Command": {
        "ScriptStatement": "fun compute(x: u32, y: u32): u32\n  let a = add(x, y)\n  let b = multiply(a, 2)\n  ret b\nend fun"
      }
    },
    "eval": {
      "Error": "function not found: add"
    },
    "environment": []
  },
  {
    "input": "compute(3, 4)",
    "parse": {
      "Command": {
        "Expression": "compute(3, 4)"
      }
    },
    "eval": {
      "Error": "function not found: compute"
    },
    "environment": []
  }
]