[
  {
    "input": "let u8_min: @u8 = @0",
    "parse": {
      "Command": {
        "ScriptStatement": "let u8_min: @u8 = @0"
      }
    },
    "eval": {
      "SuccessLet": {
        "name": "u8_min",
        "ty": "u8",
        "value": "@0"
      }
    },
    "environment": [
      {
        "name": "u8_min",
        "ty": "u8",
        "value": "@0"
      }
    ]
  },
  {
    "input": "u8_min",
    "parse": {
      "Command": {
        "Expression": "u8_min"
      }
    },
    "eval": {
      "SuccessExpr": {
        "expr_kind": "expr",
        "ty": "u8",
        "value": "@0"
      }
    },
    "environment": [
      {
        "name": "u8_min",
        "ty": "u8",
        "value": "@0"
      }
    ]
  },
  {
    "input": "let u8_max: @u8 = @255",
    "parse": {
      "Command": {
        "ScriptStatement": "let u8_max: @u8 = @255"
      }
    },
    "eval": {
      "SuccessLet": {
        "name": "u8_max",
        "ty": "u8",
        "value": "@255"
      }
    },
    "environment": [
      {
        "name": "u8_max",
        "ty": "u8",
        "value": "@255"
      },
      {
        "name": "u8_min",
        "ty": "u8",
        "value": "@0"
      }
    ]
  },
  {
    "input": "u8_max",
    "parse": {
      "Command": {
        "Expression": "u8_max"
      }
    },
    "eval": {
      "SuccessExpr": {
        "expr_kind": "expr",
        "ty": "u8",
        "value": "@255"
      }
    },
    "environment": [
      {
        "name": "u8_max",
        "ty": "u8",
        "value": "@255"
      },
      {
        "name": "u8_min",
        "ty": "u8",
        "value": "@0"
      }
    ]
  },
  {
    "input": "let i8_min: @i8 = @-128",
    "parse": {
      "Command": {
        "ScriptStatement": "let i8_min: @i8 = @-128"
      }
    },
    "eval": {
      "SuccessLet": {
        "name": "i8_min",
        "ty": "i8",
        "value": "@-128"
      }
    },
    "environment": [
      {
        "name": "i8_min",
        "ty": "i8",
        "value": "@-128"
      },
      {
        "name": "u8_max",
        "ty": "u8",
        "value": "@255"
      },
      {
        "name": "u8_min",
        "ty": "u8",
        "value": "@0"
      }
    ]
  },
  {
    "input": "i8_min",
    "parse": {
      "Command": {
        "Expression": "i8_min"
      }
    },
    "eval": {
      "SuccessExpr": {
        "expr_kind": "expr",
        "ty": "i8",
        "value": "@-128"
      }
    },
    "environment": [
      {
        "name": "i8_min",
        "ty": "i8",
        "value": "@-128"
      },
      {
        "name": "u8_max",
        "ty": "u8",
        "value": "@255"
      },
      {
        "name": "u8_min",
        "ty": "u8",
        "value": "@0"
      }
    ]
  },
  {
    "input": "let i8_max: @i8 = @127",
    "parse": {
      "Command": {
        "ScriptStatement": "let i8_max: @i8 = @127"
      }
    },
    "eval": {
      "SuccessLet": {
        "name": "i8_max",
        "ty": "i8",
        "value": "@127"
      }
    },
    "environment": [
      {
        "name": "i8_max",
        "ty": "i8",
        "value": "@127"
      },
      {
        "name": "i8_min",
        "ty": "i8",
        "value": "@-128"
      },
      {
        "name": "u8_max",
        "ty": "u8",
        "value": "@255"
      },
      {
        "name": "u8_min",
        "ty": "u8",
        "value": "@0"
      }
    ]
  },
  {
    "input": "i8_max",
    "parse": {
      "Command": {
        "Expression": "i8_max"
      }
    },
    "eval": {
      "SuccessExpr": {
        "expr_kind": "expr",
        "ty": "i8",
        "value": "@127"
      }
    },
    "environment": [
      {
        "name": "i8_max",
        "ty": "i8",
        "value": "@127"
      },
      {
        "name": "i8_min",
        "ty": "i8",
        "value": "@-128"
      },
      {
        "name": "u8_max",
        "ty": "u8",
        "value": "@255"
      },
      {
        "name": "u8_min",
        "ty": "u8",
        "value": "@0"
      }
    ]
  },
  {
    "input": "let u16_min: @u16 = @0",
    "parse": {
      "Command": {
        "ScriptStatement": "let u16_min: @u16 = @0"
      }
    },
    "eval": {
      "SuccessLet": {
        "name": "u16_min",
        "ty": "u16",
        "value": "@0"
      }
    },
    "environment": [
      {
        "name": "i8_max",
        "ty": "i8",
        "value": "@127"
      },
      {
        "name": "i8_min",
        "ty": "i8",
        "value": "@-128"
      },
      {
        "name": "u16_min",
        "ty": "u16",
        "value": "@0"
      },
      {
        "name": "u8_max",
        "ty": "u8",
        "value": "@255"
      },
      {
        "name": "u8_min",
        "ty": "u8",
        "value": "@0"
      }
    ]
  },
  {
    "input": "u16_min",
    "parse": {
      "Command": {
        "Expression": "u16_min"
      }
    },
    "eval": {
      "SuccessExpr": {
        "expr_kind": "expr",
        "ty": "u16",
        "value": "@0"
      }
    },
    "environment": [
      {
        "name": "i8_max",
        "ty": "i8",
        "value": "@127"
      },
      {
        "name": "i8_min",
        "ty": "i8",
        "value": "@-128"
      },
      {
        "name": "u16_min",
        "ty": "u16",
        "value": "@0"
      },
      {
        "name": "u8_max",
        "ty": "u8",
        "value": "@255"
      },
      {
        "name": "u8_min",
        "ty": "u8",
        "value": "@0"
      }
    ]
  },
  {
    "input": "let u16_max: @u16 = @65535",
    "parse": {
      "Command": {
        "ScriptStatement": "let u16_max: @u16 = @65535"
      }
    },
    "eval": {
      "SuccessLet": {
        "name": "u16_max",
        "ty": "u16",
        "value": "@65535"
      }
    },
    "environment": [
      {
        "name": "i8_max",
        "ty": "i8",
        "value": "@127"
      },
      {
        "name": "i8_min",
        "ty": "i8",
        "value": "@-128"
      },
      {
        "name": "u16_max",
        "ty": "u16",
        "value": "@65535"
      },
      {
        "name": "u16_min",
        "ty": "u16",
        "value": "@0"
      },
      {
        "name": "u8_max",
        "ty": "u8",
        "value": "@255"
      },
      {
        "name": "u8_min",
        "ty": "u8",
        "value": "@0"
      }
    ]
  },
  {
    "input": "u16_max",
    "parse": {
      "Command": {
        "Expression": "u16_max"
      }
    },
    "eval": {
      "SuccessExpr": {
        "expr_kind": "expr",
        "ty": "u16",
        "value": "@65535"
      }
    },
    "environment": [
      {
        "name": "i8_max",
        "ty": "i8",
        "value": "@127"
      },
      {
        "name": "i8_min",
        "ty": "i8",
        "value": "@-128"
      },
      {
        "name": "u16_max",
        "ty": "u16",
        "value": "@65535"
      },
      {
        "name": "u16_min",
        "ty": "u16",
        "value": "@0"
      },
      {
        "name": "u8_max",
        "ty": "u8",
        "value": "@255"
      },
      {
        "name": "u8_min",
        "ty": "u8",
        "value": "@0"
      }
    ]
  },
  {
    "input": "let i16_min: @i16 = @-32768",
    "parse": {
      "Command": {
        "ScriptStatement": "let i16_min: @i16 = @-32768"
      }
    },
    "eval": {
      "SuccessLet": {
        "name": "i16_min",
        "ty": "i16",
        "value": "@-32768"
      }
    },
    "environment": [
      {
        "name": "i16_min",
        "ty": "i16",
        "value": "@-32768"
      },
      {
        "name": "i8_max",
        "ty": "i8",
        "value": "@127"
      },
      {
        "name": "i8_min",
        "ty": "i8",
        "value": "@-128"
      },
      {
        "name": "u16_max",
        "ty": "u16",
        "value": "@65535"
      },
      {
        "name": "u16_min",
        "ty": "u16",
        "value": "@0"
      },
      {
        "name": "u8_max",
        "ty": "u8",
        "value": "@255"
      },
      {
        "name": "u8_min",
        "ty": "u8",
        "value": "@0"
      }
    ]
  },
  {
    "input": "i16_min",
    "parse": {
      "Command": {
        "Expression": "i16_min"
      }
    },
    "eval": {
      "SuccessExpr": {
        "expr_kind": "expr",
        "ty": "i16",
        "value": "@-32768"
      }
    },
    "environment": [
      {
        "name": "i16_min",
        "ty": "i16",
        "value": "@-32768"
      },
      {
        "name": "i8_max",
        "ty": "i8",
        "value": "@127"
      },
      {
        "name": "i8_min",
        "ty": "i8",
        "value": "@-128"
      },
      {
        "name": "u16_max",
        "ty": "u16",
        "value": "@65535"
      },
      {
        "name": "u16_min",
        "ty": "u16",
        "value": "@0"
      },
      {
        "name": "u8_max",
        "ty": "u8",
        "value": "@255"
      },
      {
        "name": "u8_min",
        "ty": "u8",
        "value": "@0"
      }
    ]
  },
  {
    "input": "let i16_max: @i16 = @32767",
    "parse": {
      "Command": {
        "ScriptStatement": "let i16_max: @i16 = @32767"
      }
    },
    "eval": {
      "SuccessLet": {
        "name": "i16_max",
        "ty": "i16",
        "value": "@32767"
      }
    },
    "environment": [
      {
        "name": "i16_max",
        "ty": "i16",
        "value": "@32767"
      },
      {
        "name": "i16_min",
        "ty": "i16",
        "value": "@-32768"
      },
      {
        "name": "i8_max",
        "ty": "i8",
        "value": "@127"
      },
      {
        "name": "i8_min",
        "ty": "i8",
        "value": "@-128"
      },
      {
        "name": "u16_max",
        "ty": "u16",
        "value": "@65535"
      },
      {
        "name": "u16_min",
        "ty": "u16",
        "value": "@0"
      },
      {
        "name": "u8_max",
        "ty": "u8",
        "value": "@255"
      },
      {
        "name": "u8_min",
        "ty": "u8",
        "value": "@0"
      }
    ]
  },
  {
    "input": "i16_max",
    "parse": {
      "Command": {
        "Expression": "i16_max"
      }
    },
    "eval": {
      "SuccessExpr": {
        "expr_kind": "expr",
        "ty": "i16",
        "value": "@32767"
      }
    },
    "environment": [
      {
        "name": "i16_max",
        "ty": "i16",
        "value": "@32767"
      },
      {
        "name": "i16_min",
        "ty": "i16",
        "value": "@-32768"
      },
      {
        "name": "i8_max",
        "ty": "i8",
        "value": "@127"
      },
      {
        "name": "i8_min",
        "ty": "i8",
        "value": "@-128"
      },
      {
        "name": "u16_max",
        "ty": "u16",
        "value": "@65535"
      },
      {
        "name": "u16_min",
        "ty": "u16",
        "value": "@0"
      },
      {
        "name": "u8_max",
        "ty": "u8",
        "value": "@255"
      },
      {
        "name": "u8_min",
        "ty": "u8",
        "value": "@0"
      }
    ]
  },
  {
    "input": "let u32_min: @u32 = @0",
    "parse": {
      "Command": {
        "ScriptStatement": "let u32_min: @u32 = @0"
      }
    },
    "eval": {
      "SuccessLet": {
        "name": "u32_min",
        "ty": "u32",
        "value": "@0"
      }
    },
    "environment": [
      {
        "name": "i16_max",
        "ty": "i16",
        "value": "@32767"
      },
      {
        "name": "i16_min",
        "ty": "i16",
        "value": "@-32768"
      },
      {
        "name": "i8_max",
        "ty": "i8",
        "value": "@127"
      },
      {
        "name": "i8_min",
        "ty": "i8",
        "value": "@-128"
      },
      {
        "name": "u16_max",
        "ty": "u16",
        "value": "@65535"
      },
      {
        "name": "u16_min",
        "ty": "u16",
        "value": "@0"
      },
      {
        "name": "u32_min",
        "ty": "u32",
        "value": "@0"
      },
      {
        "name": "u8_max",
        "ty": "u8",
        "value": "@255"
      },
      {
        "name": "u8_min",
        "ty": "u8",
        "value": "@0"
      }
    ]
  },
  {
    "input": "u32_min",
    "parse": {
      "Command": {
        "Expression": "u32_min"
      }
    },
    "eval": {
      "SuccessExpr": {
        "expr_kind": "expr",
        "ty": "u32",
        "value": "@0"
      }
    },
    "environment": [
      {
        "name": "i16_max",
        "ty": "i16",
        "value": "@32767"
      },
      {
        "name": "i16_min",
        "ty": "i16",
        "value": "@-32768"
      },
      {
        "name": "i8_max",
        "ty": "i8",
        "value": "@127"
      },
      {
        "name": "i8_min",
        "ty": "i8",
        "value": "@-128"
      },
      {
        "name": "u16_max",
        "ty": "u16",
        "value": "@65535"
      },
      {
        "name": "u16_min",
        "ty": "u16",
        "value": "@0"
      },
      {
        "name": "u32_min",
        "ty": "u32",
        "value": "@0"
      },
      {
        "name": "u8_max",
        "ty": "u8",
        "value": "@255"
      },
      {
        "name": "u8_min",
        "ty": "u8",
        "value": "@0"
      }
    ]
  },
  {
    "input": "let u32_max: @u32 = @4294967295",
    "parse": {
      "Command": {
        "ScriptStatement": "let u32_max: @u32 = @4294967295"
      }
    },
    "eval": {
      "SuccessLet": {
        "name": "u32_max",
        "ty": "u32",
        "value": "@4294967295"
      }
    },
    "environment": [
      {
        "name": "i16_max",
        "ty": "i16",
        "value": "@32767"
      },
      {
        "name": "i16_min",
        "ty": "i16",
        "value": "@-32768"
      },
      {
        "name": "i8_max",
        "ty": "i8",
        "value": "@127"
      },
      {
        "name": "i8_min",
        "ty": "i8",
        "value": "@-128"
      },
      {
        "name": "u16_max",
        "ty": "u16",
        "value": "@65535"
      },
      {
        "name": "u16_min",
        "ty": "u16",
        "value": "@0"
      },
      {
        "name": "u32_max",
        "ty": "u32",
        "value": "@4294967295"
      },
      {
        "name": "u32_min",
        "ty": "u32",
        "value": "@0"
      },
      {
        "name": "u8_max",
        "ty": "u8",
        "value": "@255"
      },
      {
        "name": "u8_min",
        "ty": "u8",
        "value": "@0"
      }
    ]
  },
  {
    "input": "u32_max",
    "parse": {
      "Command": {
        "Expression": "u32_max"
      }
    },
    "eval": {
      "SuccessExpr": {
        "expr_kind": "expr",
        "ty": "u32",
        "value": "@4294967295"
      }
    },
    "environment": [
      {
        "name": "i16_max",
        "ty": "i16",
        "value": "@32767"
      },
      {
        "name": "i16_min",
        "ty": "i16",
        "value": "@-32768"
      },
      {
        "name": "i8_max",
        "ty": "i8",
        "value": "@127"
      },
      {
        "name": "i8_min",
        "ty": "i8",
        "value": "@-128"
      },
      {
        "name": "u16_max",
        "ty": "u16",
        "value": "@65535"
      },
      {
        "name": "u16_min",
        "ty": "u16",
        "value": "@0"
      },
      {
        "name": "u32_max",
        "ty": "u32",
        "value": "@4294967295"
      },
      {
        "name": "u32_min",
        "ty": "u32",
        "value": "@0"
      },
      {
        "name": "u8_max",
        "ty": "u8",
        "value": "@255"
      },
      {
        "name": "u8_min",
        "ty": "u8",
        "value": "@0"
      }
    ]
  },
  {
    "input": "let i32_min: @i32 = @-2147483648",
    "parse": {
      "Command": {
        "ScriptStatement": "let i32_min: @i32 = @-2147483648"
      }
    },
    "eval": {
      "SuccessLet": {
        "name": "i32_min",
        "ty": "i32",
        "value": "@-2147483648"
      }
    },
    "environment": [
      {
        "name": "i16_max",
        "ty": "i16",
        "value": "@32767"
      },
      {
        "name": "i16_min",
        "ty": "i16",
        "value": "@-32768"
      },
      {
        "name": "i32_min",
        "ty": "i32",
        "value": "@-2147483648"
      },
      {
        "name": "i8_max",
        "ty": "i8",
        "value": "@127"
      },
      {
        "name": "i8_min",
        "ty": "i8",
        "value": "@-128"
      },
      {
        "name": "u16_max",
        "ty": "u16",
        "value": "@65535"
      },
      {
        "name": "u16_min",
        "ty": "u16",
        "value": "@0"
      },
      {
        "name": "u32_max",
        "ty": "u32",
        "value": "@4294967295"
      },
      {
        "name": "u32_min",
        "ty": "u32",
        "value": "@0"
      },
      {
        "name": "u8_max",
        "ty": "u8",
        "value": "@255"
      },
      {
        "name": "u8_min",
        "ty": "u8",
        "value": "@0"
      }
    ]
  },
  {
    "input": "i32_min",
    "parse": {
      "Command": {
        "Expression": "i32_min"
      }
    },
    "eval": {
      "SuccessExpr": {
        "expr_kind": "expr",
        "ty": "i32",
        "value": "@-2147483648"
      }
    },
    "environment": [
      {
        "name": "i16_max",
        "ty": "i16",
        "value": "@32767"
      },
      {
        "name": "i16_min",
        "ty": "i16",
        "value": "@-32768"
      },
      {
        "name": "i32_min",
        "ty": "i32",
        "value": "@-2147483648"
      },
      {
        "name": "i8_max",
        "ty": "i8",
        "value": "@127"
      },
      {
        "name": "i8_min",
        "ty": "i8",
        "value": "@-128"
      },
      {
        "name": "u16_max",
        "ty": "u16",
        "value": "@65535"
      },
      {
        "name": "u16_min",
        "ty": "u16",
        "value": "@0"
      },
      {
        "name": "u32_max",
        "ty": "u32",
        "value": "@4294967295"
      },
      {
        "name": "u32_min",
        "ty": "u32",
        "value": "@0"
      },
      {
        "name": "u8_max",
        "ty": "u8",
        "value": "@255"
      },
      {
        "name": "u8_min",
        "ty": "u8",
        "value": "@0"
      }
    ]
  },
  {
    "input": "let i32_max: @i32 = @2147483647",
    "parse": {
      "Command": {
        "ScriptStatement": "let i32_max: @i32 = @2147483647"
      }
    },
    "eval": {
      "SuccessLet": {
        "name": "i32_max",
        "ty": "i32",
        "value": "@2147483647"
      }
    },
    "environment": [
      {
        "name": "i16_max",
        "ty": "i16",
        "value": "@32767"
      },
      {
        "name": "i16_min",
        "ty": "i16",
        "value": "@-32768"
      },
      {
        "name": "i32_max",
        "ty": "i32",
        "value": "@2147483647"
      },
      {
        "name": "i32_min",
        "ty": "i32",
        "value": "@-2147483648"
      },
      {
        "name": "i8_max",
        "ty": "i8",
        "value": "@127"
      },
      {
        "name": "i8_min",
        "ty": "i8",
        "value": "@-128"
      },
      {
        "name": "u16_max",
        "ty": "u16",
        "value": "@65535"
      },
      {
        "name": "u16_min",
        "ty": "u16",
        "value": "@0"
      },
      {
        "name": "u32_max",
        "ty": "u32",
        "value": "@4294967295"
      },
      {
        "name": "u32_min",
        "ty": "u32",
        "value": "@0"
      },
      {
        "name": "u8_max",
        "ty": "u8",
        "value": "@255"
      },
      {
        "name": "u8_min",
        "ty": "u8",
        "value": "@0"
      }
    ]
  },
  {
    "input": "i32_max",
    "parse": {
      "Command": {
        "Expression": "i32_max"
      }
    },
    "eval": {
      "SuccessExpr": {
        "expr_kind": "expr",
        "ty": "i32",
        "value": "@2147483647"
      }
    },
    "environment": [
      {
        "name": "i16_max",
        "ty": "i16",
        "value": "@32767"
      },
      {
        "name": "i16_min",
        "ty": "i16",
        "value": "@-32768"
      },
      {
        "name": "i32_max",
        "ty": "i32",
        "value": "@2147483647"
      },
      {
        "name": "i32_min",
        "ty": "i32",
        "value": "@-2147483648"
      },
      {
        "name": "i8_max",
        "ty": "i8",
        "value": "@127"
      },
      {
        "name": "i8_min",
        "ty": "i8",
        "value": "@-128"
      },
      {
        "name": "u16_max",
        "ty": "u16",
        "value": "@65535"
      },
      {
        "name": "u16_min",
        "ty": "u16",
        "value": "@0"
      },
      {
        "name": "u32_max",
        "ty": "u32",
        "value": "@4294967295"
      },
      {
        "name": "u32_min",
        "ty": "u32",
        "value": "@0"
      },
      {
        "name": "u8_max",
        "ty": "u8",
        "value": "@255"
      },
      {
        "name": "u8_min",
        "ty": "u8",
        "value": "@0"
      }
    ]
  },
  {
    "input": "let u64_min: @u64 = @0",
    "parse": {
      "Command": {
        "ScriptStatement": "let u64_min: @u64 = @0"
      }
    },
    "eval": {
      "SuccessLet": {
        "name": "u64_min",
        "ty": "u64",
        "value": "@0"
      }
    },
    "environment": [
      {
        "name": "i16_max",
        "ty": "i16",
        "value": "@32767"
      },
      {
        "name": "i16_min",
        "ty": "i16",
        "value": "@-32768"
      },
      {
        "name": "i32_max",
        "ty": "i32",
        "value": "@2147483647"
      },
      {
        "name": "i32_min",
        "ty": "i32",
        "value": "@-2147483648"
      },
      {
        "name": "i8_max",
        "ty": "i8",
        "value": "@127"
      },
      {
        "name": "i8_min",
        "ty": "i8",
        "value": "@-128"
      },
      {
        "name": "u16_max",
        "ty": "u16",
        "value": "@65535"
      },
      {
        "name": "u16_min",
        "ty": "u16",
        "value": "@0"
      },
      {
        "name": "u32_max",
        "ty": "u32",
        "value": "@4294967295"
      },
      {
        "name": "u32_min",
        "ty": "u32",
        "value": "@0"
      },
      {
        "name": "u64_min",
        "ty": "u64",
        "value": "@0"
      },
      {
        "name": "u8_max",
        "ty": "u8",
        "value": "@255"
      },
      {
        "name": "u8_min",
        "ty": "u8",
        "value": "@0"
      }
    ]
  },
  {
    "input": "u64_min",
    "parse": {
      "Command": {
        "Expression": "u64_min"
      }
    },
    "eval": {
      "SuccessExpr": {
        "expr_kind": "expr",
        "ty": "u64",
        "value": "@0"
      }
    },
    "environment": [
      {
        "name": "i16_max",
        "ty": "i16",
        "value": "@32767"
      },
      {
        "name": "i16_min",
        "ty": "i16",
        "value": "@-32768"
      },
      {
        "name": "i32_max",
        "ty": "i32",
        "value": "@2147483647"
      },
      {
        "name": "i32_min",
        "ty": "i32",
        "value": "@-2147483648"
      },
      {
        "name": "i8_max",
        "ty": "i8",
        "value": "@127"
      },
      {
        "name": "i8_min",
        "ty": "i8",
        "value": "@-128"
      },
      {
        "name": "u16_max",
        "ty": "u16",
        "value": "@65535"
      },
      {
        "name": "u16_min",
        "ty": "u16",
        "value": "@0"
      },
      {
        "name": "u32_max",
        "ty": "u32",
        "value": "@4294967295"
      },
      {
        "name": "u32_min",
        "ty": "u32",
        "value": "@0"
      },
      {
        "name": "u64_min",
        "ty": "u64",
        "value": "@0"
      },
      {
        "name": "u8_max",
        "ty": "u8",
        "value": "@255"
      },
      {
        "name": "u8_min",
        "ty": "u8",
        "value": "@0"
      }
    ]
  },
  {
    "input": "let u64_max: @u64 = @18446744073709551615",
    "parse": {
      "Command": {
        "ScriptStatement": "let u64_max: @u64 = @18446744073709551615"
      }
    },
    "eval": {
      "SuccessLet": {
        "name": "u64_max",
        "ty": "u64",
        "value": "@18446744073709551615"
      }
    },
    "environment": [
      {
        "name": "i16_max",
        "ty": "i16",
        "value": "@32767"
      },
      {
        "name": "i16_min",
        "ty": "i16",
        "value": "@-32768"
      },
      {
        "name": "i32_max",
        "ty": "i32",
        "value": "@2147483647"
      },
      {
        "name": "i32_min",
        "ty": "i32",
        "value": "@-2147483648"
      },
      {
        "name": "i8_max",
        "ty": "i8",
        "value": "@127"
      },
      {
        "name": "i8_min",
        "ty": "i8",
        "value": "@-128"
      },
      {
        "name": "u16_max",
        "ty": "u16",
        "value": "@65535"
      },
      {
        "name": "u16_min",
        "ty": "u16",
        "value": "@0"
      },
      {
        "name": "u32_max",
        "ty": "u32",
        "value": "@4294967295"
      },
      {
        "name": "u32_min",
        "ty": "u32",
        "value": "@0"
      },
      {
        "name": "u64_max",
        "ty": "u64",
        "value": "@18446744073709551615"
      },
      {
        "name": "u64_min",
        "ty": "u64",
        "value": "@0"
      },
      {
        "name": "u8_max",
        "ty": "u8",
        "value": "@255"
      },
      {
        "name": "u8_min",
        "ty": "u8",
        "value": "@0"
      }
    ]
  },
  {
    "input": "u64_max",
    "parse": {
      "Command": {
        "Expression": "u64_max"
      }
    },
    "eval": {
      "SuccessExpr": {
        "expr_kind": "expr",
        "ty": "u64",
        "value": "@18446744073709551615"
      }
    },
    "environment": [
      {
        "name": "i16_max",
        "ty": "i16",
        "value": "@32767"
      },
      {
        "name": "i16_min",
        "ty": "i16",
        "value": "@-32768"
      },
      {
        "name": "i32_max",
        "ty": "i32",
        "value": "@2147483647"
      },
      {
        "name": "i32_min",
        "ty": "i32",
        "value": "@-2147483648"
      },
      {
        "name": "i8_max",
        "ty": "i8",
        "value": "@127"
      },
      {
        "name": "i8_min",
        "ty": "i8",
        "value": "@-128"
      },
      {
        "name": "u16_max",
        "ty": "u16",
        "value": "@65535"
      },
      {
        "name": "u16_min",
        "ty": "u16",
        "value": "@0"
      },
      {
        "name": "u32_max",
        "ty": "u32",
        "value": "@4294967295"
      },
      {
        "name": "u32_min",
        "ty": "u32",
        "value": "@0"
      },
      {
        "name": "u64_max",
        "ty": "u64",
        "value": "@18446744073709551615"
      },
      {
        "name": "u64_min",
        "ty": "u64",
        "value": "@0"
      },
      {
        "name": "u8_max",
        "ty": "u8",
        "value": "@255"
      },
      {
        "name": "u8_min",
        "ty": "u8",
        "value": "@0"
      }
    ]
  },
  {
    "input": "let i64_min: @i64 = @-9223372036854775808",
    "parse": {
      "Command": {
        "ScriptStatement": "let i64_min: @i64 = @-9223372036854775808"
      }
    },
    "eval": {
      "SuccessLet": {
        "name": "i64_min",
        "ty": "i64",
        "value": "@-9223372036854775808"
      }
    },
    "environment": [
      {
        "name": "i16_max",
        "ty": "i16",
        "value": "@32767"
      },
      {
        "name": "i16_min",
        "ty": "i16",
        "value": "@-32768"
      },
      {
        "name": "i32_max",
        "ty": "i32",
        "value": "@2147483647"
      },
      {
        "name": "i32_min",
        "ty": "i32",
        "value": "@-2147483648"
      },
      {
        "name": "i64_min",
        "ty": "i64",
        "value": "@-9223372036854775808"
      },
      {
        "name": "i8_max",
        "ty": "i8",
        "value": "@127"
      },
      {
        "name": "i8_min",
        "ty": "i8",
        "value": "@-128"
      },
      {
        "name": "u16_max",
        "ty": "u16",
        "value": "@65535"
      },
      {
        "name": "u16_min",
        "ty": "u16",
        "value": "@0"
      },
      {
        "name": "u32_max",
        "ty": "u32",
        "value": "@4294967295"
      },
      {
        "name": "u32_min",
        "ty": "u32",
        "value": "@0"
      },
      {
        "name": "u64_max",
        "ty": "u64",
        "value": "@18446744073709551615"
      },
      {
        "name": "u64_min",
        "ty": "u64",
        "value": "@0"
      },
      {
        "name": "u8_max",
        "ty": "u8",
        "value": "@255"
      },
      {
        "name": "u8_min",
        "ty": "u8",
        "value": "@0"
      }
    ]
  },
  {
    "input": "i64_min",
    "parse": {
      "Command": {
        "Expression": "i64_min"
      }
    },
    "eval": {
      "SuccessExpr": {
        "expr_kind": "expr",
        "ty": "i64",
        "value": "@-9223372036854775808"
      }
    },
    "environment": [
      {
        "name": "i16_max",
        "ty": "i16",
        "value": "@32767"
      },
      {
        "name": "i16_min",
        "ty": "i16",
        "value": "@-32768"
      },
      {
        "name": "i32_max",
        "ty": "i32",
        "value": "@2147483647"
      },
      {
        "name": "i32_min",
        "ty": "i32",
        "value": "@-2147483648"
      },
      {
        "name": "i64_min",
        "ty": "i64",
        "value": "@-9223372036854775808"
      },
      {
        "name": "i8_max",
        "ty": "i8",
        "value": "@127"
      },
      {
        "name": "i8_min",
        "ty": "i8",
        "value": "@-128"
      },
      {
        "name": "u16_max",
        "ty": "u16",
        "value": "@65535"
      },
      {
        "name": "u16_min",
        "ty": "u16",
        "value": "@0"
      },
      {
        "name": "u32_max",
        "ty": "u32",
        "value": "@4294967295"
      },
      {
        "name": "u32_min",
        "ty": "u32",
        "value": "@0"
      },
      {
        "name": "u64_max",
        "ty": "u64",
        "value": "@18446744073709551615"
      },
      {
        "name": "u64_min",
        "ty": "u64",
        "value": "@0"
      },
      {
        "name": "u8_max",
        "ty": "u8",
        "value": "@255"
      },
      {
        "name": "u8_min",
        "ty": "u8",
        "value": "@0"
      }
    ]
  },
  {
    "input": "let i64_max: @i64 = @9223372036854775807",
    "parse": {
      "Command": {
        "ScriptStatement": "let i64_max: @i64 = @9223372036854775807"
      }
    },
    "eval": {
      "SuccessLet": {
        "name": "i64_max",
        "ty": "i64",
        "value": "@9223372036854775807"
      }
    },
    "environment": [
      {
        "name": "i16_max",
        "ty": "i16",
        "value": "@32767"
      },
      {
        "name": "i16_min",
        "ty": "i16",
        "value": "@-32768"
      },
      {
        "name": "i32_max",
        "ty": "i32",
        "value": "@2147483647"
      },
      {
        "name": "i32_min",
        "ty": "i32",
        "value": "@-2147483648"
      },
      {
        "name": "i64_max",
        "ty": "i64",
        "value": "@9223372036854775807"
      },
      {
        "name": "i64_min",
        "ty": "i64",
        "value": "@-9223372036854775808"
      },
      {
        "name": "i8_max",
        "ty": "i8",
        "value": "@127"
      },
      {
        "name": "i8_min",
        "ty": "i8",
        "value": "@-128"
      },
      {
        "name": "u16_max",
        "ty": "u16",
        "value": "@65535"
      },
      {
        "name": "u16_min",
        "ty": "u16",
        "value": "@0"
      },
      {
        "name": "u32_max",
        "ty": "u32",
        "value": "@4294967295"
      },
      {
        "name": "u32_min",
        "ty": "u32",
        "value": "@0"
      },
      {
        "name": "u64_max",
        "ty": "u64",
        "value": "@18446744073709551615"
      },
      {
        "name": "u64_min",
        "ty": "u64",
        "value": "@0"
      },
      {
        "name": "u8_max",
        "ty": "u8",
        "value": "@255"
      },
      {
        "name": "u8_min",
        "ty": "u8",
        "value": "@0"
      }
    ]
  },
  {
    "input": "i64_max",
    "parse": {
      "Command": {
        "Expression": "i64_max"
      }
    },
    "eval": {
      "SuccessExpr": {
        "expr_kind": "expr",
        "ty": "i64",
        "value": "@9223372036854775807"
      }
    },
    "environment": [
      {
        "name": "i16_max",
        "ty": "i16",
        "value": "@32767"
      },
      {
        "name": "i16_min",
        "ty": "i16",
        "value": "@-32768"
      },
      {
        "name": "i32_max",
        "ty": "i32",
        "value": "@2147483647"
      },
      {
        "name": "i32_min",
        "ty": "i32",
        "value": "@-2147483648"
      },
      {
        "name": "i64_max",
        "ty": "i64",
        "value": "@9223372036854775807"
      },
      {
        "name": "i64_min",
        "ty": "i64",
        "value": "@-9223372036854775808"
      },
      {
        "name": "i8_max",
        "ty": "i8",
        "value": "@127"
      },
      {
        "name": "i8_min",
        "ty": "i8",
        "value": "@-128"
      },
      {
        "name": "u16_max",
        "ty": "u16",
        "value": "@65535"
      },
      {
        "name": "u16_min",
        "ty": "u16",
        "value": "@0"
      },
      {
        "name": "u32_max",
        "ty": "u32",
        "value": "@4294967295"
      },
      {
        "name": "u32_min",
        "ty": "u32",
        "value": "@0"
      },
      {
        "name": "u64_max",
        "ty": "u64",
        "value": "@18446744073709551615"
      },
      {
        "name": "u64_min",
        "ty": "u64",
        "value": "@0"
      },
      {
        "name": "u8_max",
        "ty": "u8",
        "value": "@255"
      },
      {
        "name": "u8_min",
        "ty": "u8",
        "value": "@0"
      }
    ]
  },
  {
    "input": "let u8_add: @u8 = @100 + @50",
    "parse": {
      "Command": {
        "ScriptStatement": "let u8_add: @u8 = @100 + @50"
      }
    },
    "eval": {
      "Error": "TypeMismatch { expected: \"u8\", actual: \"int\" }"
    },
    "environment": [
      {
        "name": "i16_max",
        "ty": "i16",
        "value": "@32767"
      },
      {
        "name": "i16_min",
        "ty": "i16",
        "value": "@-32768"
      },
      {
        "name": "i32_max",
        "ty": "i32",
        "value": "@2147483647"
      },
      {
        "name": "i32_min",
        "ty": "i32",
        "value": "@-2147483648"
      },
      {
        "name": "i64_max",
        "ty": "i64",
        "value": "@9223372036854775807"
      },
      {
        "name": "i64_min",
        "ty": "i64",
        "value": "@-9223372036854775808"
      },
      {
        "name": "i8_max",
        "ty": "i8",
        "value": "@127"
      },
      {
        "name": "i8_min",
        "ty": "i8",
        "value": "@-128"
      },
      {
        "name": "u16_max",
        "ty": "u16",
        "value": "@65535"
      },
      {
        "name": "u16_min",
        "ty": "u16",
        "value": "@0"
      },
      {
        "name": "u32_max",
        "ty": "u32",
        "value": "@4294967295"
      },
      {
        "name": "u32_min",
        "ty": "u32",
        "value": "@0"
      },
      {
        "name": "u64_max",
        "ty": "u64",
        "value": "@18446744073709551615"
      },
      {
        "name": "u64_min",
        "ty": "u64",
        "value": "@0"
      },
      {
        "name": "u8_max",
        "ty": "u8",
        "value": "@255"
      },
      {
        "name": "u8_min",
        "ty": "u8",
        "value": "@0"
      }
    ]
  },
  {
    "input": "u8_add",
    "parse": {
      "Command": {
        "Expression": "u8_add"
      }
    },
    "eval": {
      "Error": "UnresolvedName(\"u8_add\")"
    },
    "environment": [
      {
        "name": "i16_max",
        "ty": "i16",
        "value": "@32767"
      },
      {
        "name": "i16_min",
        "ty": "i16",
        "value": "@-32768"
      },
      {
        "name": "i32_max",
        "ty": "i32",
        "value": "@2147483647"
      },
      {
        "name": "i32_min",
        "ty": "i32",
        "value": "@-2147483648"
      },
      {
        "name": "i64_max",
        "ty": "i64",
        "value": "@9223372036854775807"
      },
      {
        "name": "i64_min",
        "ty": "i64",
        "value": "@-9223372036854775808"
      },
      {
        "name": "i8_max",
        "ty": "i8",
        "value": "@127"
      },
      {
        "name": "i8_min",
        "ty": "i8",
        "value": "@-128"
      },
      {
        "name": "u16_max",
        "ty": "u16",
        "value": "@65535"
      },
      {
        "name": "u16_min",
        "ty": "u16",
        "value": "@0"
      },
      {
        "name": "u32_max",
        "ty": "u32",
        "value": "@4294967295"
      },
      {
        "name": "u32_min",
        "ty": "u32",
        "value": "@0"
      },
      {
        "name": "u64_max",
        "ty": "u64",
        "value": "@18446744073709551615"
      },
      {
        "name": "u64_min",
        "ty": "u64",
        "value": "@0"
      },
      {
        "name": "u8_max",
        "ty": "u8",
        "value": "@255"
      },
      {
        "name": "u8_min",
        "ty": "u8",
        "value": "@0"
      }
    ]
  },
  {
    "input": "let i8_add: @i8 = @-50 + @25",
    "parse": {
      "Command": {
        "ScriptStatement": "let i8_add: @i8 = @-50 + @25"
      }
    },
    "eval": {
      "Error": "TypeMismatch { expected: \"i32\", actual: \"u32\" }"
    },
    "environment": [
      {
        "name": "i16_max",
        "ty": "i16",
        "value": "@32767"
      },
      {
        "name": "i16_min",
        "ty": "i16",
        "value": "@-32768"
      },
      {
        "name": "i32_max",
        "ty": "i32",
        "value": "@2147483647"
      },
      {
        "name": "i32_min",
        "ty": "i32",
        "value": "@-2147483648"
      },
      {
        "name": "i64_max",
        "ty": "i64",
        "value": "@9223372036854775807"
      },
      {
        "name": "i64_min",
        "ty": "i64",
        "value": "@-9223372036854775808"
      },
      {
        "name": "i8_max",
        "ty": "i8",
        "value": "@127"
      },
      {
        "name": "i8_min",
        "ty": "i8",
        "value": "@-128"
      },
      {
        "name": "u16_max",
        "ty": "u16",
        "value": "@65535"
      },
      {
        "name": "u16_min",
        "ty": "u16",
        "value": "@0"
      },
      {
        "name": "u32_max",
        "ty": "u32",
        "value": "@4294967295"
      },
      {
        "name": "u32_min",
        "ty": "u32",
        "value": "@0"
      },
      {
        "name": "u64_max",
        "ty": "u64",
        "value": "@18446744073709551615"
      },
      {
        "name": "u64_min",
        "ty": "u64",
        "value": "@0"
      },
      {
        "name": "u8_max",
        "ty": "u8",
        "value": "@255"
      },
      {
        "name": "u8_min",
        "ty": "u8",
        "value": "@0"
      }
    ]
  },
  {
    "input": "i8_add",
    "parse": {
      "Command": {
        "Expression": "i8_add"
      }
    },
    "eval": {
      "Error": "UnresolvedName(\"i8_add\")"
    },
    "environment": [
      {
        "name": "i16_max",
        "ty": "i16",
        "value": "@32767"
      },
      {
        "name": "i16_min",
        "ty": "i16",
        "value": "@-32768"
      },
      {
        "name": "i32_max",
        "ty": "i32",
        "value": "@2147483647"
      },
      {
        "name": "i32_min",
        "ty": "i32",
        "value": "@-2147483648"
      },
      {
        "name": "i64_max",
        "ty": "i64",
        "value": "@9223372036854775807"
      },
      {
        "name": "i64_min",
        "ty": "i64",
        "value": "@-9223372036854775808"
      },
      {
        "name": "i8_max",
        "ty": "i8",
        "value": "@127"
      },
      {
        "name": "i8_min",
        "ty": "i8",
        "value": "@-128"
      },
      {
        "name": "u16_max",
        "ty": "u16",
        "value": "@65535"
      },
      {
        "name": "u16_min",
        "ty": "u16",
        "value": "@0"
      },
      {
        "name": "u32_max",
        "ty": "u32",
        "value": "@4294967295"
      },
      {
        "name": "u32_min",
        "ty": "u32",
        "value": "@0"
      },
      {
        "name": "u64_max",
        "ty": "u64",
        "value": "@18446744073709551615"
      },
      {
        "name": "u64_min",
        "ty": "u64",
        "value": "@0"
      },
      {
        "name": "u8_max",
        "ty": "u8",
        "value": "@255"
      },
      {
        "name": "u8_min",
        "ty": "u8",
        "value": "@0"
      }
    ]
  },
  {
    "input": "let u16_mul: @u16 = @100 * @200",
    "parse": {
      "Command": {
        "ScriptStatement": "let u16_mul: @u16 = @100 * @200"
      }
    },
    "eval": {
      "Error": "TypeMismatch { expected: \"u16\", actual: \"int\" }"
    },
    "environment": [
      {
        "name": "i16_max",
        "ty": "i16",
        "value": "@32767"
      },
      {
        "name": "i16_min",
        "ty": "i16",
        "value": "@-32768"
      },
      {
        "name": "i32_max",
        "ty": "i32",
        "value": "@2147483647"
      },
      {
        "name": "i32_min",
        "ty": "i32",
        "value": "@-2147483648"
      },
      {
        "name": "i64_max",
        "ty": "i64",
        "value": "@9223372036854775807"
      },
      {
        "name": "i64_min",
        "ty": "i64",
        "value": "@-9223372036854775808"
      },
      {
        "name": "i8_max",
        "ty": "i8",
        "value": "@127"
      },
      {
        "name": "i8_min",
        "ty": "i8",
        "value": "@-128"
      },
      {
        "name": "u16_max",
        "ty": "u16",
        "value": "@65535"
      },
      {
        "name": "u16_min",
        "ty": "u16",
        "value": "@0"
      },
      {
        "name": "u32_max",
        "ty": "u32",
        "value": "@4294967295"
      },
      {
        "name": "u32_min",
        "ty": "u32",
        "value": "@0"
      },
      {
        "name": "u64_max",
        "ty": "u64",
        "value": "@18446744073709551615"
      },
      {
        "name": "u64_min",
        "ty": "u64",
        "value": "@0"
      },
      {
        "name": "u8_max",
        "ty": "u8",
        "value": "@255"
      },
      {
        "name": "u8_min",
        "ty": "u8",
        "value": "@0"
      }
    ]
  },
  {
    "input": "u16_mul",
    "parse": {
      "Command": {
        "Expression": "u16_mul"
      }
    },
    "eval": {
      "Error": "UnresolvedName(\"u16_mul\")"
    },
    "environment": [
      {
        "name": "i16_max",
        "ty": "i16",
        "value": "@32767"
      },
      {
        "name": "i16_min",
        "ty": "i16",
        "value": "@-32768"
      },
      {
        "name": "i32_max",
        "ty": "i32",
        "value": "@2147483647"
      },
      {
        "name": "i32_min",
        "ty": "i32",
        "value": "@-2147483648"
      },
      {
        "name": "i64_max",
        "ty": "i64",
        "value": "@9223372036854775807"
      },
      {
        "name": "i64_min",
        "ty": "i64",
        "value": "@-9223372036854775808"
      },
      {
        "name": "i8_max",
        "ty": "i8",
        "value": "@127"
      },
      {
        "name": "i8_min",
        "ty": "i8",
        "value": "@-128"
      },
      {
        "name": "u16_max",
        "ty": "u16",
        "value": "@65535"
      },
      {
        "name": "u16_min",
        "ty": "u16",
        "value": "@0"
      },
      {
        "name": "u32_max",
        "ty": "u32",
        "value": "@4294967295"
      },
      {
        "name": "u32_min",
        "ty": "u32",
        "value": "@0"
      },
      {
        "name": "u64_max",
        "ty": "u64",
        "value": "@18446744073709551615"
      },
      {
        "name": "u64_min",
        "ty": "u64",
        "value": "@0"
      },
      {
        "name": "u8_max",
        "ty": "u8",
        "value": "@255"
      },
      {
        "name": "u8_min",
        "ty": "u8",
        "value": "@0"
      }
    ]
  },
  {
    "input": "let i16_sub: @i16 = @1000 - @500",
    "parse": {
      "Command": {
        "ScriptStatement": "let i16_sub: @i16 = @1000 - @500"
      }
    },
    "eval": {
      "Error": "TypeMismatch { expected: \"i16\", actual: \"int\" }"
    },
    "environment": [
      {
        "name": "i16_max",
        "ty": "i16",
        "value": "@32767"
      },
      {
        "name": "i16_min",
        "ty": "i16",
        "value": "@-32768"
      },
      {
        "name": "i32_max",
        "ty": "i32",
        "value": "@2147483647"
      },
      {
        "name": "i32_min",
        "ty": "i32",
        "value": "@-2147483648"
      },
      {
        "name": "i64_max",
        "ty": "i64",
        "value": "@9223372036854775807"
      },
      {
        "name": "i64_min",
        "ty": "i64",
        "value": "@-9223372036854775808"
      },
      {
        "name": "i8_max",
        "ty": "i8",
        "value": "@127"
      },
      {
        "name": "i8_min",
        "ty": "i8",
        "value": "@-128"
      },
      {
        "name": "u16_max",
        "ty": "u16",
        "value": "@65535"
      },
      {
        "name": "u16_min",
        "ty": "u16",
        "value": "@0"
      },
      {
        "name": "u32_max",
        "ty": "u32",
        "value": "@4294967295"
      },
      {
        "name": "u32_min",
        "ty": "u32",
        "value": "@0"
      },
      {
        "name": "u64_max",
        "ty": "u64",
        "value": "@18446744073709551615"
      },
      {
        "name": "u64_min",
        "ty": "u64",
        "value": "@0"
      },
      {
        "name": "u8_max",
        "ty": "u8",
        "value": "@255"
      },
      {
        "name": "u8_min",
        "ty": "u8",
        "value": "@0"
      }
    ]
  },
  {
    "input": "i16_sub",
    "parse": {
      "Command": {
        "Expression": "i16_sub"
      }
    },
    "eval": {
      "Error": "UnresolvedName(\"i16_sub\")"
    },
    "environment": [
      {
        "name": "i16_max",
        "ty": "i16",
        "value": "@32767"
      },
      {
        "name": "i16_min",
        "ty": "i16",
        "value": "@-32768"
      },
      {
        "name": "i32_max",
        "ty": "i32",
        "value": "@2147483647"
      },
      {
        "name": "i32_min",
        "ty": "i32",
        "value": "@-2147483648"
      },
      {
        "name": "i64_max",
        "ty": "i64",
        "value": "@9223372036854775807"
      },
      {
        "name": "i64_min",
        "ty": "i64",
        "value": "@-9223372036854775808"
      },
      {
        "name": "i8_max",
        "ty": "i8",
        "value": "@127"
      },
      {
        "name": "i8_min",
        "ty": "i8",
        "value": "@-128"
      },
      {
        "name": "u16_max",
        "ty": "u16",
        "value": "@65535"
      },
      {
        "name": "u16_min",
        "ty": "u16",
        "value": "@0"
      },
      {
        "name": "u32_max",
        "ty": "u32",
        "value": "@4294967295"
      },
      {
        "name": "u32_min",
        "ty": "u32",
        "value": "@0"
      },
      {
        "name": "u64_max",
        "ty": "u64",
        "value": "@18446744073709551615"
      },
      {
        "name": "u64_min",
        "ty": "u64",
        "value": "@0"
      },
      {
        "name": "u8_max",
        "ty": "u8",
        "value": "@255"
      },
      {
        "name": "u8_min",
        "ty": "u8",
        "value": "@0"
      }
    ]
  },
  {
    "input": "let u32_div: @u32 = @1000 / @10",
    "parse": {
      "Command": {
        "ScriptStatement": "let u32_div: @u32 = @1000 / @10"
      }
    },
    "eval": {
      "Error": "InvalidOperandType { op: \"/\", ty: \"u32\" }"
    },
    "environment": [
      {
        "name": "i16_max",
        "ty": "i16",
        "value": "@32767"
      },
      {
        "name": "i16_min",
        "ty": "i16",
        "value": "@-32768"
      },
      {
        "name": "i32_max",
        "ty": "i32",
        "value": "@2147483647"
      },
      {
        "name": "i32_min",
        "ty": "i32",
        "value": "@-2147483648"
      },
      {
        "name": "i64_max",
        "ty": "i64",
        "value": "@9223372036854775807"
      },
      {
        "name": "i64_min",
        "ty": "i64",
        "value": "@-9223372036854775808"
      },
      {
        "name": "i8_max",
        "ty": "i8",
        "value": "@127"
      },
      {
        "name": "i8_min",
        "ty": "i8",
        "value": "@-128"
      },
      {
        "name": "u16_max",
        "ty": "u16",
        "value": "@65535"
      },
      {
        "name": "u16_min",
        "ty": "u16",
        "value": "@0"
      },
      {
        "name": "u32_max",
        "ty": "u32",
        "value": "@4294967295"
      },
      {
        "name": "u32_min",
        "ty": "u32",
        "value": "@0"
      },
      {
        "name": "u64_max",
        "ty": "u64",
        "value": "@18446744073709551615"
      },
      {
        "name": "u64_min",
        "ty": "u64",
        "value": "@0"
      },
      {
        "name": "u8_max",
        "ty": "u8",
        "value": "@255"
      },
      {
        "name": "u8_min",
        "ty": "u8",
        "value": "@0"
      }
    ]
  },
  {
    "input": "u32_div",
    "parse": {
      "Command": {
        "Expression": "u32_div"
      }
    },
    "eval": {
      "Error": "UnresolvedName(\"u32_div\")"
    },
    "environment": [
      {
        "name": "i16_max",
        "ty": "i16",
        "value": "@32767"
      },
      {
        "name": "i16_min",
        "ty": "i16",
        "value": "@-32768"
      },
      {
        "name": "i32_max",
        "ty": "i32",
        "value": "@2147483647"
      },
      {
        "name": "i32_min",
        "ty": "i32",
        "value": "@-2147483648"
      },
      {
        "name": "i64_max",
        "ty": "i64",
        "value": "@9223372036854775807"
      },
      {
        "name": "i64_min",
        "ty": "i64",
        "value": "@-9223372036854775808"
      },
      {
        "name": "i8_max",
        "ty": "i8",
        "value": "@127"
      },
      {
        "name": "i8_min",
        "ty": "i8",
        "value": "@-128"
      },
      {
        "name": "u16_max",
        "ty": "u16",
        "value": "@65535"
      },
      {
        "name": "u16_min",
        "ty": "u16",
        "value": "@0"
      },
      {
        "name": "u32_max",
        "ty": "u32",
        "value": "@4294967295"
      },
      {
        "name": "u32_min",
        "ty": "u32",
        "value": "@0"
      },
      {
        "name": "u64_max",
        "ty": "u64",
        "value": "@18446744073709551615"
      },
      {
        "name": "u64_min",
        "ty": "u64",
        "value": "@0"
      },
      {
        "name": "u8_max",
        "ty": "u8",
        "value": "@255"
      },
      {
        "name": "u8_min",
        "ty": "u8",
        "value": "@0"
      }
    ]
  },
  {
    "input": "let i32_mul: @i32 = @-100 * @50",
    "parse": {
      "Command": {
        "ScriptStatement": "let i32_mul: @i32 = @-100 * @50"
      }
    },
    "eval": {
      "Error": "TypeMismatch { expected: \"i32\", actual: \"u32\" }"
    },
    "environment": [
      {
        "name": "i16_max",
        "ty": "i16",
        "value": "@32767"
      },
      {
        "name": "i16_min",
        "ty": "i16",
        "value": "@-32768"
      },
      {
        "name": "i32_max",
        "ty": "i32",
        "value": "@2147483647"
      },
      {
        "name": "i32_min",
        "ty": "i32",
        "value": "@-2147483648"
      },
      {
        "name": "i64_max",
        "ty": "i64",
        "value": "@9223372036854775807"
      },
      {
        "name": "i64_min",
        "ty": "i64",
        "value": "@-9223372036854775808"
      },
      {
        "name": "i8_max",
        "ty": "i8",
        "value": "@127"
      },
      {
        "name": "i8_min",
        "ty": "i8",
        "value": "@-128"
      },
      {
        "name": "u16_max",
        "ty": "u16",
        "value": "@65535"
      },
      {
        "name": "u16_min",
        "ty": "u16",
        "value": "@0"
      },
      {
        "name": "u32_max",
        "ty": "u32",
        "value": "@4294967295"
      },
      {
        "name": "u32_min",
        "ty": "u32",
        "value": "@0"
      },
      {
        "name": "u64_max",
        "ty": "u64",
        "value": "@18446744073709551615"
      },
      {
        "name": "u64_min",
        "ty": "u64",
        "value": "@0"
      },
      {
        "name": "u8_max",
        "ty": "u8",
        "value": "@255"
      },
      {
        "name": "u8_min",
        "ty": "u8",
        "value": "@0"
      }
    ]
  },
  {
    "input": "i32_mul",
    "parse": {
      "Command": {
        "Expression": "i32_mul"
      }
    },
    "eval": {
      "Error": "UnresolvedName(\"i32_mul\")"
    },
    "environment": [
      {
        "name": "i16_max",
        "ty": "i16",
        "value": "@32767"
      },
      {
        "name": "i16_min",
        "ty": "i16",
        "value": "@-32768"
      },
      {
        "name": "i32_max",
        "ty": "i32",
        "value": "@2147483647"
      },
      {
        "name": "i32_min",
        "ty": "i32",
        "value": "@-2147483648"
      },
      {
        "name": "i64_max",
        "ty": "i64",
        "value": "@9223372036854775807"
      },
      {
        "name": "i64_min",
        "ty": "i64",
        "value": "@-9223372036854775808"
      },
      {
        "name": "i8_max",
        "ty": "i8",
        "value": "@127"
      },
      {
        "name": "i8_min",
        "ty": "i8",
        "value": "@-128"
      },
      {
        "name": "u16_max",
        "ty": "u16",
        "value": "@65535"
      },
      {
        "name": "u16_min",
        "ty": "u16",
        "value": "@0"
      },
      {
        "name": "u32_max",
        "ty": "u32",
        "value": "@4294967295"
      },
      {
        "name": "u32_min",
        "ty": "u32",
        "value": "@0"
      },
      {
        "name": "u64_max",
        "ty": "u64",
        "value": "@18446744073709551615"
      },
      {
        "name": "u64_min",
        "ty": "u64",
        "value": "@0"
      },
      {
        "name": "u8_max",
        "ty": "u8",
        "value": "@255"
      },
      {
        "name": "u8_min",
        "ty": "u8",
        "value": "@0"
      }
    ]
  },
  {
    "input": "let u64_add: @u64 = @1000000000000 + @2000000000000",
    "parse": {
      "Command": {
        "ScriptStatement": "let u64_add: @u64 = @1000000000000 + @2000000000000"
      }
    },
    "eval": {
      "Error": "CannotSynthesize"
    },
    "environment": [
      {
        "name": "i16_max",
        "ty": "i16",
        "value": "@32767"
      },
      {
        "name": "i16_min",
        "ty": "i16",
        "value": "@-32768"
      },
      {
        "name": "i32_max",
        "ty": "i32",
        "value": "@2147483647"
      },
      {
        "name": "i32_min",
        "ty": "i32",
        "value": "@-2147483648"
      },
      {
        "name": "i64_max",
        "ty": "i64",
        "value": "@9223372036854775807"
      },
      {
        "name": "i64_min",
        "ty": "i64",
        "value": "@-9223372036854775808"
      },
      {
        "name": "i8_max",
        "ty": "i8",
        "value": "@127"
      },
      {
        "name": "i8_min",
        "ty": "i8",
        "value": "@-128"
      },
      {
        "name": "u16_max",
        "ty": "u16",
        "value": "@65535"
      },
      {
        "name": "u16_min",
        "ty": "u16",
        "value": "@0"
      },
      {
        "name": "u32_max",
        "ty": "u32",
        "value": "@4294967295"
      },
      {
        "name": "u32_min",
        "ty": "u32",
        "value": "@0"
      },
      {
        "name": "u64_max",
        "ty": "u64",
        "value": "@18446744073709551615"
      },
      {
        "name": "u64_min",
        "ty": "u64",
        "value": "@0"
      },
      {
        "name": "u8_max",
        "ty": "u8",
        "value": "@255"
      },
      {
        "name": "u8_min",
        "ty": "u8",
        "value": "@0"
      }
    ]
  },
  {
    "input": "u64_add",
    "parse": {
      "Command": {
        "Expression": "u64_add"
      }
    },
    "eval": {
      "Error": "UnresolvedName(\"u64_add\")"
    },
    "environment": [
      {
        "name": "i16_max",
        "ty": "i16",
        "value": "@32767"
      },
      {
        "name": "i16_min",
        "ty": "i16",
        "value": "@-32768"
      },
      {
        "name": "i32_max",
        "ty": "i32",
        "value": "@2147483647"
      },
      {
        "name": "i32_min",
        "ty": "i32",
        "value": "@-2147483648"
      },
      {
        "name": "i64_max",
        "ty": "i64",
        "value": "@9223372036854775807"
      },
      {
        "name": "i64_min",
        "ty": "i64",
        "value": "@-9223372036854775808"
      },
      {
        "name": "i8_max",
        "ty": "i8",
        "value": "@127"
      },
      {
        "name": "i8_min",
        "ty": "i8",
        "value": "@-128"
      },
      {
        "name": "u16_max",
        "ty": "u16",
        "value": "@65535"
      },
      {
        "name": "u16_min",
        "ty": "u16",
        "value": "@0"
      },
      {
        "name": "u32_max",
        "ty": "u32",
        "value": "@4294967295"
      },
      {
        "name": "u32_min",
        "ty": "u32",
        "value": "@0"
      },
      {
        "name": "u64_max",
        "ty": "u64",
        "value": "@18446744073709551615"
      },
      {
        "name": "u64_min",
        "ty": "u64",
        "value": "@0"
      },
      {
        "name": "u8_max",
        "ty": "u8",
        "value": "@255"
      },
      {
        "name": "u8_min",
        "ty": "u8",
        "value": "@0"
      }
    ]
  },
  {
    "input": "let i64_sub: @i64 = @-1000000000000 - @500000000000",
    "parse": {
      "Command": {
        "ScriptStatement": "let i64_sub: @i64 = @-1000000000000 - @500000000000"
      }
    },
    "eval": {
      "Error": "CannotSynthesize"
    },
    "environment": [
      {
        "name": "i16_max",
        "ty": "i16",
        "value": "@32767"
      },
      {
        "name": "i16_min",
        "ty": "i16",
        "value": "@-32768"
      },
      {
        "name": "i32_max",
        "ty": "i32",
        "value": "@2147483647"
      },
      {
        "name": "i32_min",
        "ty": "i32",
        "value": "@-2147483648"
      },
      {
        "name": "i64_max",
        "ty": "i64",
        "value": "@9223372036854775807"
      },
      {
        "name": "i64_min",
        "ty": "i64",
        "value": "@-9223372036854775808"
      },
      {
        "name": "i8_max",
        "ty": "i8",
        "value": "@127"
      },
      {
        "name": "i8_min",
        "ty": "i8",
        "value": "@-128"
      },
      {
        "name": "u16_max",
        "ty": "u16",
        "value": "@65535"
      },
      {
        "name": "u16_min",
        "ty": "u16",
        "value": "@0"
      },
      {
        "name": "u32_max",
        "ty": "u32",
        "value": "@4294967295"
      },
      {
        "name": "u32_min",
        "ty": "u32",
        "value": "@0"
      },
      {
        "name": "u64_max",
        "ty": "u64",
        "value": "@18446744073709551615"
      },
      {
        "name": "u64_min",
        "ty": "u64",
        "value": "@0"
      },
      {
        "name": "u8_max",
        "ty": "u8",
        "value": "@255"
      },
      {
        "name": "u8_min",
        "ty": "u8",
        "value": "@0"
      }
    ]
  },
  {
    "input": "i64_sub",
    "parse": {
      "Command": {
        "Expression": "i64_sub"
      }
    },
    "eval": {
      "Error": "UnresolvedName(\"i64_sub\")"
    },
    "environment": [
      {
        "name": "i16_max",
        "ty": "i16",
        "value": "@32767"
      },
      {
        "name": "i16_min",
        "ty": "i16",
        "value": "@-32768"
      },
      {
        "name": "i32_max",
        "ty": "i32",
        "value": "@2147483647"
      },
      {
        "name": "i32_min",
        "ty": "i32",
        "value": "@-2147483648"
      },
      {
        "name": "i64_max",
        "ty": "i64",
        "value": "@9223372036854775807"
      },
      {
        "name": "i64_min",
        "ty": "i64",
        "value": "@-9223372036854775808"
      },
      {
        "name": "i8_max",
        "ty": "i8",
        "value": "@127"
      },
      {
        "name": "i8_min",
        "ty": "i8",
        "value": "@-128"
      },
      {
        "name": "u16_max",
        "ty": "u16",
        "value": "@65535"
      },
      {
        "name": "u16_min",
        "ty": "u16",
        "value": "@0"
      },
      {
        "name": "u32_max",
        "ty": "u32",
        "value": "@4294967295"
      },
      {
        "name": "u32_min",
        "ty": "u32",
        "value": "@0"
      },
      {
        "name": "u64_max",
        "ty": "u64",
        "value": "@18446744073709551615"
      },
      {
        "name": "u64_min",
        "ty": "u64",
        "value": "@0"
      },
      {
        "name": "u8_max",
        "ty": "u8",
        "value": "@255"
      },
      {
        "name": "u8_min",
        "ty": "u8",
        "value": "@0"
      }
    ]
  }
]