[
  {
    "input": "let nums = [1, 2, 3]",
    "parse": {
      "Command": {
        "ScriptStatement": "let nums = [1, 2, 3]"
      }
    },
    "eval": {
      "Success": [
        {
          "Value": {
            "name": "nums",
            "ty": "list<int>",
            "value": "[1, 2, 3]"
          }
        }
      ]
    },
    "environment": [
      {
        "name": "nums",
        "ty": "list<int>",
        "value": "[1, 2, 3]"
      }
    ]
  },
  {
    "input": "nums",
    "parse": {
      "Command": {
        "Expression": "nums"
      }
    },
    "eval": {
      "SuccessExpr": {
        "ty": "list<int>",
        "value": "[1, 2, 3]"
      }
    },
    "environment": [
      {
        "name": "nums",
        "ty": "list<int>",
        "value": "[1, 2, 3]"
      }
    ]
  },
  {
    "input": "let words = [\"hello\", \"world\"]",
    "parse": {
      "Command": {
        "ScriptStatement": "let words = [\"hello\", \"world\"]"
      }
    },
    "eval": {
      "Success": [
        {
          "Value": {
            "name": "words",
            "ty": "list<string>",
            "value": "[\"hello\", \"world\"]"
          }
        }
      ]
    },
    "environment": [
      {
        "name": "nums",
        "ty": "list<int>",
        "value": "[1, 2, 3]"
      },
      {
        "name": "words",
        "ty": "list<string>",
        "value": "[\"hello\", \"world\"]"
      }
    ]
  },
  {
    "input": "words",
    "parse": {
      "Command": {
        "Expression": "words"
      }
    },
    "eval": {
      "SuccessExpr": {
        "ty": "list<string>",
        "value": "[\"hello\", \"world\"]"
      }
    },
    "environment": [
      {
        "name": "nums",
        "ty": "list<int>",
        "value": "[1, 2, 3]"
      },
      {
        "name": "words",
        "ty": "list<string>",
        "value": "[\"hello\", \"world\"]"
      }
    ]
  },
  {
    "input": "let bigger = [10, 20, 30, 40, 50]",
    "parse": {
      "Command": {
        "ScriptStatement": "let bigger = [10, 20, 30, 40, 50]"
      }
    },
    "eval": {
      "Success": [
        {
          "Value": {
            "name": "bigger",
            "ty": "list<int>",
            "value": "[10, 20, 30, 40, 50]"
          }
        }
      ]
    },
    "environment": [
      {
        "name": "bigger",
        "ty": "list<int>",
        "value": "[10, 20, 30, 40, 50]"
      },
      {
        "name": "nums",
        "ty": "list<int>",
        "value": "[1, 2, 3]"
      },
      {
        "name": "words",
        "ty": "list<string>",
        "value": "[\"hello\", \"world\"]"
      }
    ]
  },
  {
    "input": "bigger",
    "parse": {
      "Command": {
        "Expression": "bigger"
      }
    },
    "eval": {
      "SuccessExpr": {
        "ty": "list<int>",
        "value": "[10, 20, 30, 40, 50]"
      }
    },
    "environment": [
      {
        "name": "bigger",
        "ty": "list<int>",
        "value": "[10, 20, 30, 40, 50]"
      },
      {
        "name": "nums",
        "ty": "list<int>",
        "value": "[1, 2, 3]"
      },
      {
        "name": "words",
        "ty": "list<string>",
        "value": "[\"hello\", \"world\"]"
      }
    ]
  }
]