[
  {
    "input": "let a: int = 100",
    "parse": {
      "Command": {
        "ScriptStatement": "let a: int = 100"
      }
    },
    "eval": {
      "SuccessLet": {
        "name": "a",
        "ty": "int",
        "value": "100"
      }
    },
    "environment": [
      {
        "name": "a",
        "ty": "int",
        "value": "100"
      }
    ]
  },
  {
    "input": "let b: int = 200",
    "parse": {
      "Command": {
        "ScriptStatement": "let b: int = 200"
      }
    },
    "eval": {
      "SuccessLet": {
        "name": "b",
        "ty": "int",
        "value": "200"
      }
    },
    "environment": [
      {
        "name": "a",
        "ty": "int",
        "value": "100"
      },
      {
        "name": "b",
        "ty": "int",
        "value": "200"
      }
    ]
  },
  {
    "input": "a + b",
    "parse": {
      "Command": {
        "Expression": "a + b"
      }
    },
    "eval": {
      "SuccessExpr": {
        "expr_kind": "expr",
        "ty": "int",
        "value": "300"
      }
    },
    "environment": [
      {
        "name": "a",
        "ty": "int",
        "value": "100"
      },
      {
        "name": "b",
        "ty": "int",
        "value": "200"
      }
    ]
  }
]