Analysis(
    sections: [
        SectionResult(
            section_type: "scriptunit-fragment",
            name: None,
            typecheck: TypecheckResult(
                status: "Success",
            ),
            ownership: OwnershipResult(
                status: "Success",
            ),
            lowering: LoweringResult(
                status: "Success",
                ir: """
                    scriptunit:
                    block0:
                        v0 = none
                        v1 = const 999u32
                        store.copy s0, v1
                        v2, v3 = unwrap_option v0
                        branch v3, block1, block2
                    block1:
                        store.copy s0, v2
                        goto block3
                    block2:
                        goto block3
                    block3:
                        unit_end
                """,
            ),
            output: "(fragment executed)",
        ),
        SectionResult(
            section_type: "scriptunit-expr",
            name: None,
            typecheck: TypecheckResult(
                status: "Success",
            ),
            ownership: OwnershipResult(
                status: "Success",
            ),
            lowering: LoweringResult(
                status: "Success",
                ir: """
                    scriptunit:
                    block0:
                        unit_end
                """,
            ),
            output: "999",
        ),
    ],
)