Analysis(
    sections: [
        SectionResult(
            section_type: "scriptunit-fragment",
            name: None,
            typecheck: TypecheckResult(
                status: "Success",
            ),
            ownership: OwnershipResult(
                status: "Success",
            ),
            lowering: LoweringResult(
                status: "Success",
                ir: """
                    scriptunit:
                    block0:
                        v0 = const 0u32
                        v1 = call u0(v0)
                        v2 = const 1u32
                        v3 = call u0(v2)
                        v4 = const 6u32
                        v5 = call u0(v4)
                        v6 = const 10u32
                        v7 = call u0(v6)
                        v8 = const 13u32
                        v9 = call u0(v8)
                        v10 = const 34u32
                        v11 = call u0(v10)
                        v12 = const 4294967295u32
                        v13 = call u0(v12)
                        v14 = pack Tuple7 {v1, v3, v5, v7, v9, v11, v13}
                        debuglog v14
                        v15 = const 1000u32
                        v16 = call u1(v15)
                        debuglog v16
                        unit_end
                    
                    fn classify(p0):
                    block0:
                        v0 = const 0u32
                        store.copy s0, v0
                        v1 = const 2u32
                        v2 = intrinsic RemU32(p0, v1)
                        v3 = const 0u32
                        v4 = eq v2, v3
                        branch v4, block1, block2
                    block1:
                        v5 = const 1u32
                        v6 = intrinsic AddWrappingU32(s0, v5)
                        store.copy s0, v6
                        goto block3
                    block2:
                        goto block3
                    block3:
                        v7 = const 3u32
                        v8 = intrinsic RemU32(p0, v7)
                        v9 = const 0u32
                        v10 = ne v8, v9
                        branch v10, block4, block5
                    block4:
                        v11 = const 10u32
                        v12 = intrinsic AddWrappingU32(s0, v11)
                        store.copy s0, v12
                        goto block6
                    block5:
                        goto block6
                    block6:
                        v13 = const 7u32
                        v14 = intrinsic RemU32(p0, v13)
                        v15 = const 3u32
                        v16 = lt v14, v15
                        branch v16, block7, block8
                    block7:
                        v17 = const 100u32
                        v18 = intrinsic AddWrappingU32(s0, v17)
                        store.copy s0, v18
                        goto block9
                    block8:
                        goto block9
                    block9:
                        v19 = const 7u32
                        v20 = intrinsic RemU32(p0, v19)
                        v21 = const 3u32
                        v22 = le v20, v21
                        branch v22, block10, block11
                    block10:
                        v23 = const 1000u32
                        v24 = intrinsic AddWrappingU32(s0, v23)
                        store.copy s0, v24
                        goto block12
                    block11:
                        goto block12
                    block12:
                        v25 = const 5u32
                        v26 = intrinsic RemU32(p0, v25)
                        v27 = const 2u32
                        v28 = gt v26, v27
                        branch v28, block13, block14
                    block13:
                        v29 = const 10000u32
                        v30 = intrinsic AddWrappingU32(s0, v29)
                        store.copy s0, v30
                        goto block15
                    block14:
                        goto block15
                    block15:
                        v31 = const 5u32
                        v32 = intrinsic RemU32(p0, v31)
                        v33 = const 4u32
                        v34 = ge v32, v33
                        branch v34, block16, block17
                    block16:
                        v35 = const 100000u32
                        v36 = intrinsic AddWrappingU32(s0, v35)
                        store.copy s0, v36
                        goto block18
                    block17:
                        goto block18
                    block18:
                        v37 = load.copy s0
                        return v37
                    
                    fn count_primes(p0):
                    block0:
                        v0 = const 0u32
                        store.copy s0, v0
                        v1 = const 2u32
                        store.copy s1, v1
                        goto block1
                    block1:
                        v2 = le s1, p0
                        branch v2, block2, block12
                    block2:
                        v3 = const 2u32
                        store.copy s2, v3
                        v4 = const true
                        store.copy s3, v4
                        goto block3
                    block3:
                        v5 = intrinsic MulWrappingU32(s2, s2)
                        v6 = le v5, s1
                        branch v6, block4, block8
                    block4:
                        v7 = intrinsic RemU32(s1, s2)
                        v8 = const 0u32
                        v9 = eq v7, v8
                        branch v9, block5, block6
                    block5:
                        v10 = const false
                        store.copy s3, v10
                        goto block7
                    block6:
                        goto block7
                    block7:
                        v11 = const 1u32
                        v12 = intrinsic AddWrappingU32(s2, v11)
                        store.copy s2, v12
                        goto block3
                    block8:
                        v13 = load.copy s3
                        branch v13, block9, block10
                    block9:
                        v14 = const 1u32
                        v15 = intrinsic AddWrappingU32(s0, v14)
                        store.copy s0, v15
                        goto block11
                    block10:
                        goto block11
                    block11:
                        v16 = const 1u32
                        v17 = intrinsic AddWrappingU32(s1, v16)
                        store.copy s1, v17
                        goto block1
                    block12:
                        v18 = load.copy s0
                        return v18
                """,
            ),
            output: "(fragment executed)",
            debug_output: Some("(1101, 1110, 1, 1011, 10010, 110011, 1000)\n168\n"),
        ),
    ],
)