Analysis(
    sections: [
        SectionResult(
            section_type: "scriptunit-fragment",
            name: None,
            typecheck: TypecheckResult(
                status: "Success",
            ),
            ownership: OwnershipResult(
                status: "Success",
            ),
            lowering: LoweringResult(
                status: "Success",
                ir: """
                    scriptunit:
                    block0:
                        unit_end
                    
                    fn get_greeting():
                    block0:
                        v0 = staticref "hello"
                        v1 = clone *v0
                        return v1
                """,
            ),
            output: "(fragment executed)",
        ),
        SectionResult(
            section_type: "scriptunit-expr",
            name: None,
            typecheck: TypecheckResult(
                status: "Success",
            ),
            ownership: OwnershipResult(
                status: "Success",
            ),
            lowering: LoweringResult(
                status: "Success",
                ir: """
                    scriptunit:
                    block0:
                        v0 = call @0 unit0.u0()
                        unit_end v0
                """,
            ),
            output: "\"hello\"",
        ),
    ],
)