Analysis(
    sections: [
        SectionResult(
            section_type: "scriptunit-fragment",
            name: None,
            typecheck: TypecheckResult(
                status: "Success",
            ),
            ownership: OwnershipResult(
                status: "Success",
            ),
            lowering: LoweringResult(
                status: "Success",
                ir: """
                    scriptunit:
                    block0:
                        v0 = const 10u32
                        v1 = const 20u32
                        v2 = pack Struct0 {v0, v1}
                        v3 = call u0(v2)
                        debuglog v3
                        drop v3
                        unit_end
                    
                    fn sum_coords(p0):
                    block0:
                        v0 = getfield p0.0
                        v1 = widen v0
                        v2 = getfield p0.1
                        v3 = widen v2
                        v4 = add v1, v3
                        drop v1
                        drop v3
                        return v4
                """,
            ),
            output: "(fragment executed)",
            debug_output: Some("30\n"),
        ),
    ],
)