Analysis(
    sections: [
        SectionResult(
            section_type: "scriptunit-fragment",
            name: None,
            typecheck: TypecheckResult(
                status: "Success",
            ),
            ownership: OwnershipResult(
                status: "Success",
            ),
            lowering: LoweringResult(
                status: "Success",
                ir: """
                    scriptunit:
                    block0:
                        v0 = const true
                        v1 = call u0(v0)
                        debuglog v1
                        v2 = const false
                        v3 = call u0(v2)
                        debuglog v3
                        unit_end
                    
                    fn test_branch(p0):
                    block0:
                        v0 = const "test string"
                        v1 = copy p0
                        branch v1, block1, block2
                    block1:
                        v2 = const 1u32
                        drop v0
                        return v2
                    block2:
                        v3 = const 0u32
                        drop v0
                        return v3
                """,
            ),
            output: "(fragment executed)",
            debug_output: Some("1\n0\n"),
        ),
    ],
)