Analysis(
    sections: [
        SectionResult(
            section_type: "scriptunit-fragment",
            name: None,
            typecheck: TypecheckResult(
                status: "Success",
            ),
            ownership: OwnershipResult(
                status: "Success",
            ),
            lowering: LoweringResult(
                status: "Success",
                ir: """
                    scriptunit:
                    block0:
                        v0 = const 100u32
                        v1 = const 200u32
                        v2 = pack Tuple2 {v0, v1}
                        store.copy s0, v2
                        v3 = call u0(s0)
                        v4 = getfieldref s0.0
                        debuglog *v4
                        v5 = getfieldref s0.1
                        debuglog *v5
                        unit_end
                    
                    fn set_first(p0):
                    block0:
                        v0 = const 42u32
                        setfield p0.0, v0
                        v1 = const true
                        return v1
                """,
            ),
            output: "(fragment executed)",
            debug_output: Some("42\n200\n"),
        ),
    ],
)