Analysis(
    sections: [
        SectionResult(
            section_type: "scriptunit-fragment",
            name: None,
            typecheck: TypecheckResult(
                status: "Success",
            ),
            ownership: OwnershipResult(
                status: "Success",
            ),
            lowering: LoweringResult(
                status: "Success",
                ir: """
                    scriptunit:
                    block0:
                        v0 = const 42int
                        v1 = const "test"
                        v2 = const true
                        v3 = const 100int
                        v4 = pack Struct0 {v0, v1, v2, v3}
                        v5 = getfieldref v4.0
                        debuglog *v5
                        v6 = getfieldref v4.1
                        debuglog *v6
                        v7 = getfieldref v4.2
                        debuglog *v7
                        v8 = getfieldref v4.3
                        debuglog *v8
                        unit_end_drop v4
                        unit_end
                """,
            ),
            output: "(fragment executed)",
            debug_output: Some("42\n\"test\"\ntrue\n100\n"),
        ),
    ],
)