Analysis(
    sections: [
        SectionResult(
            section_type: "scriptunit-fragment",
            name: None,
            typecheck: TypecheckResult(
                status: "Success",
            ),
            ownership: OwnershipResult(
                status: "Success",
            ),
            lowering: LoweringResult(
                status: "Success",
                ir: """
                    scriptunit:
                    block0:
                        v0 = const 10u32
                        v1 = const 20u32
                        v2 = pack Struct0 {v0, v1}
                        v3 = getfield v2.0
                        v4 = const 5u32
                        v5 = gt v3, v4
                        branch v5, block1, block2
                    block1:
                        v6 = getfieldref v2.0
                        debuglog *v6
                        goto block3
                    block2:
                        goto block3
                    block3:
                        v7 = getfield v2.1
                        v8 = const 100u32
                        v9 = lt v7, v8
                        branch v9, block4, block5
                    block4:
                        v10 = getfieldref v2.1
                        debuglog *v10
                        goto block6
                    block5:
                        goto block6
                    block6:
                        unit_end
                """,
            ),
            output: "(fragment executed)",
            debug_output: Some("10\n20\n"),
        ),
    ],
)