Analysis(
    sections: [
        SectionResult(
            section_type: "module",
            name: Some("local/test/offset_math"),
            typecheck: TypecheckResult(
                status: "Success",
            ),
            ownership: OwnershipResult(
                status: "Success",
            ),
            lowering: LoweringResult(
                status: "Success",
                ir: """
                    fn add(p0, p1):
                    block0:
                        v0, v1 = add.checked p0, p1
                        branch v1, block1, block2
                    block1:
                        v2 = const "arithmetic overflow"
                        v3 = error_from v2
                        v4 = err v3
                        return v4
                    block2:
                        v5 = ok v0
                        return v5
                    
                    fn sub(p0, p1):
                    block0:
                        v0, v1 = sub.checked p0, p1
                        branch v1, block1, block2
                    block1:
                        v2 = const "arithmetic overflow"
                        v3 = error_from v2
                        v4 = err v3
                        return v4
                    block2:
                        v5 = ok v0
                        return v5
                    
                    fn mul(p0, p1):
                    block0:
                        v0, v1 = mul.checked p0, p1
                        branch v1, block1, block2
                    block1:
                        v2 = const "arithmetic overflow"
                        v3 = error_from v2
                        v4 = err v3
                        return v4
                    block2:
                        v5 = ok v0
                        return v5
                    
                    fn negate(p0):
                    block0:
                        v0, v1 = neg.checked p0
                        branch v1, block1, block2
                    block1:
                        v2 = const "negation overflow"
                        v3 = error_from v2
                        v4 = err v3
                        return v4
                    block2:
                        v5 = ok v0
                        return v5
                    
                    fn max_of(p0, p1):
                    block0:
                        v0 = ge p0, p1
                        branch v0, block1, block2
                    block1:
                        v1 = copy p0
                        return v1
                    block2:
                        v2 = copy p1
                        return v2
                    
                    fn min_of(p0, p1):
                    block0:
                        v0 = le p0, p1
                        branch v0, block1, block2
                    block1:
                        v1 = copy p0
                        return v1
                    block2:
                        v2 = copy p1
                        return v2
                """,
            ),
            output: "",
        ),
        SectionResult(
            section_type: "scriptunit-fragment",
            name: None,
            typecheck: TypecheckResult(
                status: "Success",
            ),
            ownership: OwnershipResult(
                status: "Success",
            ),
            lowering: LoweringResult(
                status: "Success",
                ir: """
                    scriptunit:
                    block0:
                        v0 = const 100offset
                        v1 = const -50offset
                        v2 = call m0.u0(v0, v1)
                        debuglog v2
                        drop v2
                        v3 = call m0.u1(v0, v1)
                        debuglog v3
                        drop v3
                        v4 = call m0.u2(v0, v1)
                        debuglog v4
                        drop v4
                        v5 = call m0.u3(v0)
                        debuglog v5
                        drop v5
                        v6 = call m0.u3(v1)
                        debuglog v6
                        drop v6
                        v7 = call m0.u4(v0, v1)
                        debuglog v7
                        v8 = call m0.u5(v0, v1)
                        debuglog v8
                        unit_end
                """,
            ),
            output: "(fragment executed)",
            debug_output: Some("ok 50\nok 150\nok -5000\nok -100\nok 50\n100\n-50\n"),
        ),
    ],
)