Analysis(
    sections: [
        SectionResult(
            section_type: "scriptunit-fragment",
            name: None,
            typecheck: TypecheckResult(
                status: "Success",
            ),
            ownership: OwnershipResult(
                status: "Success",
            ),
            lowering: LoweringResult(
                status: "Success",
                ir: """
                    scriptunit:
                    block0:
                        v0 = const 100int
                        v1 = const 200int
                        v2 = pack Struct0 {v0, v1}
                        v3 = getfieldref v2.0
                        v4 = call u0(*v3)
                        debuglog v4
                        drop v4
                        unit_end_drop v2
                        unit_end
                    
                    fn takes_ref(p0):
                    block0:
                        v0 = const 0int
                        v1 = add p0, v0
                        drop v0
                        return v1
                """,
            ),
            output: "(fragment executed)",
            debug_output: Some("100\n"),
        ),
    ],
)