{
  "steps": [
    {
      "action": "add",
      "module": "local/test/a",
      "source_hash": "1a7d0eca8a6a16ae",
      "results": {
        "local/test/a": {
          "is_direct": true,
          "is_dependent": false,
          "parsed": true,
          "parse_ok": true,
          "resolved_names": true,
          "typechecked": true,
          "typecheck_ok": true,
          "lowered": true,
          "lower_ok": true,
          "hash_changed": true,
          "expected": {
            "parsed": true,
            "resolved_names": true,
            "typechecked": true,
            "lowered": true,
            "hash_changed": true
          },
          "correct": true
        }
      }
    },
    {
      "action": "add",
      "module": "local/test/a",
      "source_hash": "04b0bf25184891b6",
      "results": {
        "local/test/a": {
          "is_direct": true,
          "is_dependent": false,
          "parsed": true,
          "parse_ok": true,
          "resolved_names": true,
          "typechecked": true,
          "typecheck_ok": true,
          "lowered": true,
          "lower_ok": true,
          "hash_changed": true,
          "expected": {
            "parsed": true,
            "resolved_names": true,
            "typechecked": true,
            "lowered": true,
            "hash_changed": true
          },
          "correct": true
        }
      }
    },
    {
      "action": "add",
      "module": "local/test/a",
      "source_hash": "006988ab6a0c75ba",
      "results": {
        "local/test/a": {
          "is_direct": true,
          "is_dependent": false,
          "parsed": true,
          "parse_ok": true,
          "resolved_names": true,
          "typechecked": true,
          "typecheck_ok": true,
          "lowered": true,
          "lower_ok": true,
          "hash_changed": true,
          "expected": {
            "parsed": true,
            "resolved_names": true,
            "typechecked": true,
            "lowered": true,
            "hash_changed": true
          },
          "correct": true
        }
      }
    },
    {
      "action": "add",
      "module": "local/test/a",
      "source_hash": "6563f47b6db403fa",
      "results": {
        "local/test/a": {
          "is_direct": true,
          "is_dependent": false,
          "parsed": true,
          "parse_ok": true,
          "resolved_names": true,
          "typechecked": true,
          "typecheck_ok": true,
          "lowered": true,
          "lower_ok": true,
          "hash_changed": true,
          "expected": {
            "parsed": true,
            "resolved_names": true,
            "typechecked": true,
            "lowered": true,
            "hash_changed": true
          },
          "correct": true
        }
      }
    }
  ],
  "summary": {
    "total_steps": 4,
    "all_correct": true
  }
}