{
  "errors": [
    {
      "actual": "@!@u32",
      "expected": "u32",
      "kind": "TypeMismatch"
    }
  ],
  "judgements": [
    {
      "kind": "function",
      "name": "add",
      "params": [
        {
          "name": "a",
          "type": "@u32"
        },
        {
          "name": "b",
          "type": "@u32"
        }
      ],
      "return_type": "@u32"
    }
  ]
}