{
  "errors": [
    {
      "kind": "CannotSynthesize"
    },
    {
      "kind": "CannotSynthesize"
    },
    {
      "kind": "CannotSynthesize"
    }
  ],
  "judgements": [
    {
      "kind": "function",
      "name": "test",
      "params": [
        {
          "name": "n",
          "type": "@int"
        }
      ],
      "return_type": "@int"
    }
  ]
}