{
  "errors": [
    {
      "kind": "DatalitError",
      "message": "CannotSynthesize"
    }
  ],
  "judgements": [
    {
      "kind": "function",
      "name": "fib",
      "params": [
        {
          "name": "n",
          "type": "@u32"
        }
      ],
      "return_type": "@u32"
    }
  ]
}