DualAnalysis(
    sections: [
        DualSectionResult(
            section_type: "scriptunit-fragment",
            typecheck: TypecheckResult(
                status: "Success",
            ),
            interp_lowering: LoweringResult(
                status: "Success",
                ir: """
                    scriptunit:
                    block0:
                        v0 = const -9223372036854775808i64
                        debuglog v0
                        unit_end
                    exports:
                        x = v0
                """,
            ),
            aot_lowering: LoweringResult(
                status: "Success",
                ir: """
                    scriptunit:
                    block0:
                        v0 = const -9223372036854775808i64
                        debuglog v0
                        unit_end
                    exports:
                        x = v0
                """,
            ),
            ir_match: true,
            interp_output: "-9223372036854775808\n",
            aot_output: "-9223372036854775808\n",
            output_match: true,
            aot_compile: Some(AotCompileResult(
                status: "Success",
            )),
            link: Some(LinkResult(
                status: "Success",
            )),
            execution: Some(ExecutionResult(
                status: "Success",
                exit_code: 0,
            )),
        ),
    ],
)