DualAnalysis(
    sections: [
        DualSectionResult(
            section_type: "scriptunit-fragment",
            typecheck: TypecheckResult(
                status: "Success",
            ),
            interp_lowering: LoweringResult(
                status: "Success",
                ir: "scriptunit:\nblock0:\n    v0 = const \"items\"\n    v1 = const 1u32\n    v2 = const 2u32\n    v3 = const 3u32\n    v4 = const 4u32\n    v5 = const 5u32\n    v6 = list [v1, v2, v3, v4, v5]\n    v7 = pack Struct0 {v0, v6}\n    v8 = getfieldref v7.0\n    debuglog v8\n    v9 = getfieldref v7.1\n    debuglog v9\n    unit_end\nexports:\n    container = v7\n",
            ),
            aot_lowering: LoweringResult(
                status: "Success",
                ir: "scriptunit:\nblock0:\n    v0 = const \"items\"\n    v1 = const 1u32\n    v2 = const 2u32\n    v3 = const 3u32\n    v4 = const 4u32\n    v5 = const 5u32\n    v6 = list [v1, v2, v3, v4, v5]\n    v7 = pack Struct0 {v0, v6}\n    v8 = getfieldref v7.0\n    debuglog v8\n    v9 = getfieldref v7.1\n    debuglog v9\n    drop v7\n    unit_end\nexports:\n    container = v7\n",
            ),
            ir_match: true,
            interp_output: "\"items\"\n[1, 2, 3, 4, 5]\n",
            aot_output: "\"items\"\n[1, 2, 3, 4, 5]\n",
            output_match: true,
            aot_compile: Some(AotCompileResult(
                status: "Success",
            )),
            link: Some(LinkResult(
                status: "Success",
            )),
            execution: Some(ExecutionResult(
                status: "Success",
                exit_code: 0,
            )),
        ),
    ],
)