DualAnalysis(
    sections: [
        DualSectionResult(
            section_type: "module",
            name: Some("local/test/mod"),
            typecheck: TypecheckResult(
                status: "Success",
            ),
            interp_lowering: LoweringResult(
                status: "Success",
                ir: "fn fn0():\nblock0:\n    goto block1\nblock1:\n    v0 = const true\n    branch v0, block2, block6\nblock2:\n    v1 = const \"\"\n    v2 = const true\n    branch v2, block3, block4\nblock3:\n    v3 = const 160u64\n    goto block5\nblock4:\n    v4 = const 241u32\n    goto block5\nblock5:\n    drop.tracked v1\n    goto block6\nblock6:\n    goto block7\nblock7:\n    v5 = const false\n    branch v5, block8, block12\nblock8:\n    v6 = const true\n    branch v6, block9, block10\nblock9:\n    v7 = const 1i64\n    goto block11\nblock10:\n    goto block11\nblock11:\n    v8 = const 245.9f32\n    goto block12\nblock12:\n    v9 = const 111i32\n    return v9\n",
            ),
            aot_lowering: LoweringResult(
                status: "Success",
                ir: "fn fn0():\nblock0:\n    goto block1\nblock1:\n    v0 = const true\n    branch v0, block2, block6\nblock2:\n    v1 = const \"\"\n    v2 = const true\n    branch v2, block3, block4\nblock3:\n    v3 = const 160u64\n    goto block5\nblock4:\n    v4 = const 241u32\n    goto block5\nblock5:\n    drop.tracked v1\n    goto block6\nblock6:\n    goto block7\nblock7:\n    v5 = const false\n    branch v5, block8, block12\nblock8:\n    v6 = const true\n    branch v6, block9, block10\nblock9:\n    v7 = const 1i64\n    goto block11\nblock10:\n    goto block11\nblock11:\n    v8 = const 245.9f32\n    goto block12\nblock12:\n    v9 = const 111i32\n    return v9\n",
            ),
            ir_match: true,
            interp_output: "",
            aot_output: "",
            output_match: true,
        ),
        DualSectionResult(
            section_type: "scriptunit-fragment",
            typecheck: TypecheckResult(
                status: "Success",
            ),
            interp_lowering: LoweringResult(
                status: "Success",
                ir: "scriptunit:\nblock0:\n    v0 = call m0.f0()\n    debuglog v0\n    unit_end\n",
            ),
            aot_lowering: LoweringResult(
                status: "Success",
                ir: "scriptunit:\nblock0:\n    v0 = call m0.f0()\n    debuglog v0\n    unit_end\n",
            ),
            ir_match: true,
            interp_output: "111\n",
            aot_output: "111\n",
            output_match: true,
            aot_compile: Some(AotCompileResult(
                status: "Success",
            )),
            link: Some(LinkResult(
                status: "Success",
            )),
            execution: Some(ExecutionResult(
                status: "Success",
                exit_code: 0,
            )),
        ),
    ],
)