DualAnalysis(
    sections: [
        DualSectionResult(
            section_type: "scriptunit-fragment",
            typecheck: TypecheckResult(
                status: "Success",
            ),
            interp_lowering: LoweringResult(
                status: "Success",
                ir: "scriptunit:\nblock0:\n    v0 = call f0()\n    debuglog v0\n    drop v0\n    unit_end\n\nfn test():\nblock0:\n    v0 = const 42int\n    v1 = some v0\n    return v1\nexports:\n    test = f0\n",
            ),
            aot_lowering: LoweringResult(
                status: "Success",
                ir: "scriptunit:\nblock0:\n    v0 = call f0()\n    debuglog v0\n    drop v0\n    unit_end\n\nfn test():\nblock0:\n    v0 = const 42int\n    v1 = some v0\n    return v1\nexports:\n    test = f0\n",
            ),
            ir_match: true,
            interp_output: "some 42\n",
            aot_output: "some 42\n",
            output_match: true,
            aot_compile: Some(AotCompileResult(
                status: "Success",
            )),
            link: Some(LinkResult(
                status: "Success",
            )),
            execution: Some(ExecutionResult(
                status: "Success",
                exit_code: 0,
            )),
        ),
    ],
)