DualAnalysis(
    sections: [
        DualSectionResult(
            section_type: "scriptunit-fragment",
            typecheck: TypecheckResult(
                status: "Success",
            ),
            interp_lowering: LoweringResult(
                status: "Success",
                ir: "scriptunit:\nblock0:\n    v0 = call f0()\n    debuglog v0\n    drop v0\n    unit_end\n\nfn test():\nblock0:\n    v0 = const 10int\n    v1 = some v0\n    v2, v3 = unwrap_option v1\n    branch v3, block2, block1\nblock1:\n    v4 = none\n    return v4\nblock2:\n    v5 = some v2\n    return v5\nexports:\n    test = f0\n",
            ),
            aot_lowering: LoweringResult(
                status: "Success",
                ir: "scriptunit:\nblock0:\n    v0 = call f0()\n    debuglog v0\n    drop v0\n    unit_end\n\nfn test():\nblock0:\n    v0 = const 10int\n    v1 = some v0\n    v2, v3 = unwrap_option v1\n    branch v3, block2, block1\nblock1:\n    v4 = none\n    return v4\nblock2:\n    v5 = some v2\n    return v5\nexports:\n    test = f0\n",
            ),
            ir_match: true,
            interp_output: "some @10\n",
            aot_output: "some @10\n",
            output_match: true,
            aot_compile: Some(AotCompileResult(
                status: "Success",
            )),
            link: Some(LinkResult(
                status: "Success",
            )),
            execution: Some(ExecutionResult(
                status: "Success",
                exit_code: 0,
            )),
        ),
    ],
)