DualAnalysis(
    sections: [
        DualSectionResult(
            section_type: "module",
            name: Some("local/test/mutual"),
            typecheck: TypecheckResult(
                status: "Success",
            ),
            ownership: OwnershipResult(
                status: "Error",
                message: "Ownership error in is_even: InconsistentBranchMove { stmt_idx: 0, name: \"n\", moved_in: \"then\" }, UseAfterMove { local_index: 16404, moved_at: 16404, name: \"n\", recovery_hint: InsertAdapt { description: \"clone `n` before the earlier use\" } }\nOwnership error in is_odd: InconsistentBranchMove { stmt_idx: 0, name: \"n\", moved_in: \"then\" }, UseAfterMove { local_index: 16412, moved_at: 16412, name: \"n\", recovery_hint: InsertAdapt { description: \"clone `n` before the earlier use\" } }",
            ),
            interp_lowering: LoweringResult(
                status: "Skipped",
            ),
            aot_lowering: LoweringResult(
                status: "Skipped",
            ),
            ir_match: true,
            interp_output: "",
            aot_output: "",
            output_match: true,
        ),
        DualSectionResult(
            section_type: "scriptunit-fragment",
            typecheck: TypecheckResult(
                status: "Skipped",
            ),
            ownership: OwnershipResult(
                status: "Skipped",
            ),
            interp_lowering: LoweringResult(
                status: "Skipped",
            ),
            aot_lowering: LoweringResult(
                status: "Skipped",
            ),
            ir_match: true,
            interp_output: "",
            aot_output: "",
            output_match: true,
        ),
    ],
)