DualAnalysis(
    sections: [
        DualSectionResult(
            section_type: "module",
            name: Some("local/test/structops"),
            typecheck: TypecheckResult(
                status: "Success",
            ),
            ownership: OwnershipResult(
                status: "Success",
            ),
            interp_lowering: LoweringResult(
                status: "Success",
                ir: """
                    fn double_coords(p0):
                    block0:
                        v0 = copy p0
                        v1 = getfield v0.0
                        v2 = copy p0
                        v3 = getfield v2.0
                        v4, v5 = add.checked v1, v3
                        branch v5, block1, block2
                    block1:
                        v6 = const.tracked "arithmetic overflow"
                        v7 = error_from.tracked v6
                        v8 = err.tracked v7
                        return v8
                    block2:
                        v9 = copy p0
                        v10 = getfield v9.1
                        v11 = copy p0
                        v12 = getfield v11.1
                        v13, v14 = add.checked v10, v12
                        branch v14, block3, block4
                    block3:
                        v15 = const.tracked "arithmetic overflow"
                        v16 = error_from.tracked v15
                        v17 = err.tracked v16
                        return v17
                    block4:
                        v18 = pack Struct0 {v4, v13}
                        v19 = ok.tracked v18
                        return v19
                """,
            ),
            aot_lowering: LoweringResult(
                status: "Success",
                ir: """
                    fn double_coords(p0):
                    block0:
                        v0 = copy p0
                        v1 = getfield v0.0
                        v2 = copy p0
                        v3 = getfield v2.0
                        v4, v5 = add.checked v1, v3
                        branch v5, block1, block2
                    block1:
                        v6 = const.tracked "arithmetic overflow"
                        v7 = error_from.tracked v6
                        v8 = err.tracked v7
                        return v8
                    block2:
                        v9 = copy p0
                        v10 = getfield v9.1
                        v11 = copy p0
                        v12 = getfield v11.1
                        v13, v14 = add.checked v10, v12
                        branch v14, block3, block4
                    block3:
                        v15 = const.tracked "arithmetic overflow"
                        v16 = error_from.tracked v15
                        v17 = err.tracked v16
                        return v17
                    block4:
                        v18 = pack Struct0 {v4, v13}
                        v19 = ok.tracked v18
                        return v19
                """,
            ),
            ir_match: true,
            interp_output: "",
            aot_output: "",
            output_match: true,
        ),
        DualSectionResult(
            section_type: "scriptunit-fragment",
            typecheck: TypecheckResult(
                status: "Success",
            ),
            ownership: OwnershipResult(
                status: "Success",
            ),
            interp_lowering: LoweringResult(
                status: "Success",
                ir: """
                    scriptunit:
                    block0:
                        v0 = const 5u32
                        v1 = const 10u32
                        v2 = pack Struct0 {v0, v1}
                        v3 = call.tracked m0.f0(v2)
                        debuglog v3
                        drop v3
                        unit_end
                    exports:
                        original = v2
                """,
            ),
            aot_lowering: LoweringResult(
                status: "Success",
                ir: """
                    scriptunit:
                    block0:
                        v0 = const 5u32
                        v1 = const 10u32
                        v2 = pack Struct0 {v0, v1}
                        v3 = call.tracked m0.f0(v2)
                        debuglog v3
                        drop v3
                        unit_end
                    exports:
                        original = v2
                """,
            ),
            ir_match: true,
            interp_output: "ok {x = 10, y = 20}\n",
            aot_output: "ok {x = 10, y = 20}\n",
            output_match: true,
            aot_compile: Some(AotCompileResult(
                status: "Success",
            )),
            link: Some(LinkResult(
                status: "Success",
            )),
            execution: Some(ExecutionResult(
                status: "Success",
                exit_code: 0,
            )),
        ),
    ],
)