DualAnalysis(
    sections: [
        DualSectionResult(
            section_type: "scriptunit-fragment",
            typecheck: TypecheckResult(
                status: "Success",
            ),
            ownership: OwnershipResult(
                status: "Success",
            ),
            interp_lowering: LoweringResult(
                status: "Success",
                ir: """
                    scriptunit:
                    block0:
                        v0 = call f0()
                        debuglog v0
                        unit_end
                    
                    fn test():
                    block0:
                        v0 = const 1u32
                        v1 = const 2u32
                        v2 = pack Tuple2 {v0, v1}
                        v3 = const 3u32
                        v4 = pack Tuple2 {v2, v3}
                        store.copy.tracked s0, v4
                        v5 = const 99u32
                        setfield s0.0.1, v5
                        v6 = load.copy s0
                        v7 = getfield v6.0
                        v8 = getfield v7.1
                        return v8
                    exports:
                        test = f0
                """,
            ),
            aot_lowering: LoweringResult(
                status: "Success",
                ir: """
                    scriptunit:
                    block0:
                        v0 = call f0()
                        debuglog v0
                        unit_end
                    
                    fn test():
                    block0:
                        v0 = const 1u32
                        v1 = const 2u32
                        v2 = pack Tuple2 {v0, v1}
                        v3 = const 3u32
                        v4 = pack Tuple2 {v2, v3}
                        store.copy.tracked s0, v4
                        v5 = const 99u32
                        setfield s0.0.1, v5
                        v6 = load.copy s0
                        v7 = getfield v6.0
                        v8 = getfield v7.1
                        return v8
                    exports:
                        test = f0
                """,
            ),
            ir_match: true,
            interp_output: "99\n",
            aot_output: "99\n",
            output_match: true,
            aot_compile: Some(AotCompileResult(
                status: "Success",
            )),
            link: Some(LinkResult(
                status: "Success",
            )),
            execution: Some(ExecutionResult(
                status: "Success",
                exit_code: 0,
            )),
        ),
    ],
)