DualAnalysis(
    sections: [
        DualSectionResult(
            section_type: "scriptunit-fragment",
            typecheck: TypecheckResult(
                status: "Success",
            ),
            interp_lowering: LoweringResult(
                status: "Success",
                ir: "scriptunit:\nblock0:\n    v0 = const 100u32\n    v1 = const 200u32\n    v2 = pack Struct0 {v0, v1}\n    store s0, v2\n    v3 = call f0(s0)\n    v4 = getfieldref s0.0\n    debuglog v4\n    v5 = getfieldref s0.1\n    debuglog v5\n    unit_end\n\nfn set_x(p0):\nblock0:\n    v0 = const 42u32\n    setfield p0.0, v0\n    v1 = const true\n    return v1\nexports:\n    set_x = f0\n    p = s0\n    _ok = v3\n",
            ),
            aot_lowering: LoweringResult(
                status: "Success",
                ir: "scriptunit:\nblock0:\n    v0 = const 100u32\n    v1 = const 200u32\n    v2 = pack Struct0 {v0, v1}\n    store s0, v2\n    v3 = call f0(s0)\n    v4 = getfieldref s0.0\n    debuglog v4\n    v5 = getfieldref s0.1\n    debuglog v5\n    unit_end\n\nfn set_x(p0):\nblock0:\n    v0 = const 42u32\n    setfield p0.0, v0\n    v1 = const true\n    return v1\nexports:\n    set_x = f0\n    p = s0\n    _ok = v3\n",
            ),
            ir_match: true,
            interp_output: "@42\n@200\n",
            aot_output: "@42\n@200\n",
            output_match: true,
            aot_compile: Some(AotCompileResult(
                status: "Success",
            )),
            link: Some(LinkResult(
                status: "Success",
            )),
            execution: Some(ExecutionResult(
                status: "Success",
                exit_code: 0,
            )),
        ),
    ],
)