DualAnalysis(
    sections: [
        DualSectionResult(
            section_type: "scriptunit-fragment",
            typecheck: TypecheckResult(
                status: "Success",
            ),
            ownership: OwnershipResult(
                status: "Success",
            ),
            interp_lowering: LoweringResult(
                status: "Success",
                ir: """
                    scriptunit:
                    block0:
                        v0 = const 4294967295usize
                        v1 = const 1usize
                        v2 = const 0usize
                        v3 = call f1(v0, v1)
                        v4 = const 999usize
                        v5 = call f0(v3, v4)
                        debuglog v5
                        v6 = call f2(v2, v1)
                        v7 = const 999usize
                        v8 = call f0(v6, v7)
                        debuglog v8
                        v9 = call f3(v1, v2)
                        v10 = const 999usize
                        v11 = call f0(v9, v10)
                        debuglog v11
                        unit_end
                    
                    fn unwrap_usize(p0, p1):
                    block0:
                        v0 = copy p0
                        v1, v2 = unwrap_option v0
                        branch v2, block1, block2
                    block1:
                        return v1
                    block2:
                        goto block3
                    block3:
                        v3 = copy p1
                        return v3
                    fn checked_add(p0, p1):
                    block0:
                        v0, v1 = add.checked p0, p1
                        branch v1, block1, block2
                    block1:
                        v2 = none
                        return v2
                    block2:
                        v3 = some v0
                        return v3
                    fn checked_sub(p0, p1):
                    block0:
                        v0, v1 = sub.checked p0, p1
                        branch v1, block1, block2
                    block1:
                        v2 = none
                        return v2
                    block2:
                        v3 = some v0
                        return v3
                    fn checked_div(p0, p1):
                    block0:
                        v0, v1 = div.checked p0, p1
                        branch v1, block1, block2
                    block1:
                        v2 = none
                        return v2
                    block2:
                        v3 = some v0
                        return v3
                    exports:
                        unwrap_usize = f0
                        checked_add = f1
                        checked_sub = f2
                        checked_div = f3
                        max = v0
                        one = v1
                        zero = v2
                """,
            ),
            aot_lowering: LoweringResult(
                status: "Success",
                ir: """
                    scriptunit:
                    block0:
                        v0 = const 4294967295usize
                        v1 = const 1usize
                        v2 = const 0usize
                        v3 = call f1(v0, v1)
                        v4 = const 999usize
                        v5 = call f0(v3, v4)
                        debuglog v5
                        v6 = call f2(v2, v1)
                        v7 = const 999usize
                        v8 = call f0(v6, v7)
                        debuglog v8
                        v9 = call f3(v1, v2)
                        v10 = const 999usize
                        v11 = call f0(v9, v10)
                        debuglog v11
                        unit_end
                    
                    fn unwrap_usize(p0, p1):
                    block0:
                        v0 = copy p0
                        v1, v2 = unwrap_option v0
                        branch v2, block1, block2
                    block1:
                        return v1
                    block2:
                        goto block3
                    block3:
                        v3 = copy p1
                        return v3
                    fn checked_add(p0, p1):
                    block0:
                        v0, v1 = add.checked p0, p1
                        branch v1, block1, block2
                    block1:
                        v2 = none
                        return v2
                    block2:
                        v3 = some v0
                        return v3
                    fn checked_sub(p0, p1):
                    block0:
                        v0, v1 = sub.checked p0, p1
                        branch v1, block1, block2
                    block1:
                        v2 = none
                        return v2
                    block2:
                        v3 = some v0
                        return v3
                    fn checked_div(p0, p1):
                    block0:
                        v0, v1 = div.checked p0, p1
                        branch v1, block1, block2
                    block1:
                        v2 = none
                        return v2
                    block2:
                        v3 = some v0
                        return v3
                    exports:
                        unwrap_usize = f0
                        checked_add = f1
                        checked_sub = f2
                        checked_div = f3
                        max = v0
                        one = v1
                        zero = v2
                """,
            ),
            ir_match: true,
            interp_output: "999\n999\n999\n",
            aot_output: "999\n999\n999\n",
            output_match: true,
            aot_compile: Some(AotCompileResult(
                status: "Success",
            )),
            link: Some(LinkResult(
                status: "Success",
            )),
            execution: Some(ExecutionResult(
                status: "Success",
                exit_code: 0,
            )),
        ),
    ],
)