DualAnalysis(
    sections: [
        DualSectionResult(
            section_type: "scriptunit-fragment",
            typecheck: TypecheckResult(
                status: "Success",
            ),
            ownership: OwnershipResult(
                status: "Success",
            ),
            interp_lowering: LoweringResult(
                status: "Success",
                ir: """
                    scriptunit:
                    block0:
                        v0 = const 0usize
                        v1 = const 1usize
                        v2 = const 4294967295usize
                        v3 = const 2147483647usize
                        v4 = intrinsic UsizeToIsize(v0)
                        debuglog v4
                        v5 = intrinsic UsizeToIsize(v1)
                        debuglog v5
                        v6 = intrinsic UsizeToIsize(v3)
                        debuglog v6
                        v7 = intrinsic UsizeToIsize(v2)
                        debuglog v7
                        v8 = const 0isize
                        v9 = const 1isize
                        v10 = const -1isize
                        v11 = const 2147483647isize
                        v12 = const -2147483648isize
                        v13 = intrinsic IsizeToUsize(v8)
                        debuglog v13
                        v14 = intrinsic IsizeToUsize(v9)
                        debuglog v14
                        v15 = intrinsic IsizeToUsize(v10)
                        debuglog v15
                        v16 = intrinsic IsizeToUsize(v11)
                        debuglog v16
                        v17 = intrinsic IsizeToUsize(v12)
                        debuglog v17
                        unit_end
                    exports:
                        u_zero = v0
                        u_one = v1
                        u_max = v2
                        u_half = v3
                        i_zero = v8
                        i_one = v9
                        i_neg = v10
                        i_max = v11
                        i_min = v12
                """,
            ),
            aot_lowering: LoweringResult(
                status: "Success",
                ir: """
                    scriptunit:
                    block0:
                        v0 = const 0usize
                        v1 = const 1usize
                        v2 = const 4294967295usize
                        v3 = const 2147483647usize
                        v4 = intrinsic UsizeToIsize(v0)
                        debuglog v4
                        v5 = intrinsic UsizeToIsize(v1)
                        debuglog v5
                        v6 = intrinsic UsizeToIsize(v3)
                        debuglog v6
                        v7 = intrinsic UsizeToIsize(v2)
                        debuglog v7
                        v8 = const 0isize
                        v9 = const 1isize
                        v10 = const -1isize
                        v11 = const 2147483647isize
                        v12 = const -2147483648isize
                        v13 = intrinsic IsizeToUsize(v8)
                        debuglog v13
                        v14 = intrinsic IsizeToUsize(v9)
                        debuglog v14
                        v15 = intrinsic IsizeToUsize(v10)
                        debuglog v15
                        v16 = intrinsic IsizeToUsize(v11)
                        debuglog v16
                        v17 = intrinsic IsizeToUsize(v12)
                        debuglog v17
                        unit_end
                    exports:
                        u_zero = v0
                        u_one = v1
                        u_max = v2
                        u_half = v3
                        i_zero = v8
                        i_one = v9
                        i_neg = v10
                        i_max = v11
                        i_min = v12
                """,
            ),
            ir_match: true,
            interp_output: "0\n1\n2147483647\n-1\n0\n1\n4294967295\n2147483647\n2147483648\n",
            aot_output: "0\n1\n2147483647\n-1\n0\n1\n4294967295\n2147483647\n2147483648\n",
            output_match: true,
            aot_compile: Some(AotCompileResult(
                status: "Success",
            )),
            link: Some(LinkResult(
                status: "Success",
            )),
            execution: Some(ExecutionResult(
                status: "Success",
                exit_code: 0,
            )),
        ),
    ],
)