DualAnalysis(
    sections: [
        DualSectionResult(
            section_type: "scriptunit-fragment",
            typecheck: TypecheckResult(
                status: "Success",
            ),
            ownership: OwnershipResult(
                status: "Success",
            ),
            interp_lowering: LoweringResult(
                status: "Success",
                ir: """
                    scriptunit:
                    block0:
                        v0 = call @0 f0()
                        debuglog v0
                        drop v0
                        unit_end
                    
                    fn test():
                    block0:
                        v0 = const "first"
                        v1 = const "second"
                        v2 = const 0u32
                        v3 = const 1u32
                        v4, v5 = sub.checked v2, v3
                        branch v5, block1, block2
                    block1:
                        v6 = none
                        drop v1
                        drop v0
                        return v6
                    block2:
                        v7 = pack Tuple3 {v0, v1, v4}
                        v8 = some v7
                        return v8
                    exports:
                        test = f0
                """,
            ),
            aot_lowering: LoweringResult(
                status: "Success",
                ir: """
                    scriptunit:
                    block0:
                        v0 = call @0 f0()
                        debuglog v0
                        drop v0
                        unit_end
                    
                    fn test():
                    block0:
                        v0 = const "first"
                        v1 = const "second"
                        v2 = const 0u32
                        v3 = const 1u32
                        v4, v5 = sub.checked v2, v3
                        branch v5, block1, block2
                    block1:
                        v6 = none
                        drop v1
                        drop v0
                        return v6
                    block2:
                        v7 = pack Tuple3 {v0, v1, v4}
                        v8 = some v7
                        return v8
                    exports:
                        test = f0
                """,
            ),
            ir_match: true,
            interp_output: "none\n",
            aot_output: "none\n",
            output_match: true,
            aot_compile: Some(AotCompileResult(
                status: "Success",
            )),
            link: Some(LinkResult(
                status: "Success",
            )),
            execution: Some(ExecutionResult(
                status: "Success",
                exit_code: 0,
            )),
        ),
    ],
)