DualAnalysis(
    sections: [
        DualSectionResult(
            section_type: "scriptunit-fragment",
            typecheck: TypecheckResult(
                status: "Success",
            ),
            ownership: OwnershipResult(
                status: "Success",
            ),
            interp_lowering: LoweringResult(
                status: "Success",
                ir: """
                    scriptunit:
                    block0:
                        v0 = const "duplicate"
                        v1 = clone v0
                        v2 = call @0 f0(v1, v0)
                        debuglog v2
                        unit_end_drop v2
                        unit_end
                    
                    fn concat_strings(p0, p1):
                    block0:
                        v0 = move p0
                        drop p1
                        return v0
                    exports:
                        concat_strings = f0
                        s = v0
                        result = v2
                """,
            ),
            aot_lowering: LoweringResult(
                status: "Success",
                ir: """
                    scriptunit:
                    block0:
                        v0 = const "duplicate"
                        v1 = clone v0
                        v2 = call @0 f0(v1, v0)
                        debuglog v2
                        unit_end_drop v2
                        unit_end
                    
                    fn concat_strings(p0, p1):
                    block0:
                        v0 = move p0
                        drop p1
                        return v0
                    exports:
                        concat_strings = f0
                        s = v0
                        result = v2
                """,
            ),
            ir_match: true,
            interp_output: "\"duplicate\"\n",
            aot_output: "\"duplicate\"\n",
            output_match: true,
            aot_compile: Some(AotCompileResult(
                status: "Success",
            )),
            link: Some(LinkResult(
                status: "Success",
            )),
            execution: Some(ExecutionResult(
                status: "Success",
                exit_code: 0,
            )),
        ),
    ],
)