DualAnalysis(
    sections: [
        DualSectionResult(
            section_type: "scriptunit-fragment",
            typecheck: TypecheckResult(
                status: "Success",
            ),
            ownership: OwnershipResult(
                status: "Success",
            ),
            interp_lowering: LoweringResult(
                status: "Success",
                ir: """
                    scriptunit:
                    block0:
                        v0 = const 1u32
                        v1 = const 2u32
                        v2 = list [v0, v1]
                        v3 = const 3u32
                        v4 = const 4u32
                        v5 = const 5u32
                        v6 = list [v3, v4, v5]
                        v7 = list [v2, v6]
                        v8 = const 0index
                        v9 = const 1index
                        v10 = const 99u32
                        v11 = call @0 u0(v7, v8, v9, v10)
                        debuglog v11
                        drop v11
                        v12 = const 1u32
                        v13 = const 2u32
                        v14 = list [v12, v13]
                        v15 = const 3u32
                        v16 = const 4u32
                        v17 = const 5u32
                        v18 = list [v15, v16, v17]
                        v19 = list [v14, v18]
                        v20 = const 1index
                        v21 = const 2index
                        v22 = const 77u32
                        v23 = call @1 u0(v19, v20, v21, v22)
                        debuglog v23
                        drop v23
                        v24 = const 1u32
                        v25 = const 2u32
                        v26 = list [v24, v25]
                        v27 = const 3u32
                        v28 = const 4u32
                        v29 = const 5u32
                        v30 = list [v27, v28, v29]
                        v31 = list [v26, v30]
                        v32 = const 5index
                        v33 = const 0index
                        v34 = const 77u32
                        v35 = call @2 u0(v31, v32, v33, v34)
                        debuglog v35
                        drop v35
                        unit_end
                    
                    fn set_nested(p0, p1, p2, p3):
                    block0:
                        v0 = move p0
                        store.move.tracked s0, v0
                        v1 = listboundscheck s0[p1]
                        branch v1, block2, block1
                    block1:
                        v2 = none
                        drop.tracked s0
                        return v2
                    block2:
                        v3 = listelementref s0[p1]
                        v4 = listboundscheck *v3[p2]
                        branch v4, block4, block3
                    block3:
                        v5 = none
                        drop.tracked s0
                        return v5
                    block4:
                        v6 = copy p3
                        listset *v3[p2] = v6
                        v7 = load.move.tracked s0
                        v8 = some v7
                        return v8
                """,
            ),
            aot_lowering: LoweringResult(
                status: "Success",
                ir: """
                    scriptunit:
                    block0:
                        v0 = const 1u32
                        v1 = const 2u32
                        v2 = list [v0, v1]
                        v3 = const 3u32
                        v4 = const 4u32
                        v5 = const 5u32
                        v6 = list [v3, v4, v5]
                        v7 = list [v2, v6]
                        v8 = const 0index
                        v9 = const 1index
                        v10 = const 99u32
                        v11 = call @0 u0(v7, v8, v9, v10)
                        debuglog v11
                        drop v11
                        v12 = const 1u32
                        v13 = const 2u32
                        v14 = list [v12, v13]
                        v15 = const 3u32
                        v16 = const 4u32
                        v17 = const 5u32
                        v18 = list [v15, v16, v17]
                        v19 = list [v14, v18]
                        v20 = const 1index
                        v21 = const 2index
                        v22 = const 77u32
                        v23 = call @1 u0(v19, v20, v21, v22)
                        debuglog v23
                        drop v23
                        v24 = const 1u32
                        v25 = const 2u32
                        v26 = list [v24, v25]
                        v27 = const 3u32
                        v28 = const 4u32
                        v29 = const 5u32
                        v30 = list [v27, v28, v29]
                        v31 = list [v26, v30]
                        v32 = const 5index
                        v33 = const 0index
                        v34 = const 77u32
                        v35 = call @2 u0(v31, v32, v33, v34)
                        debuglog v35
                        drop v35
                        unit_end
                    
                    fn set_nested(p0, p1, p2, p3):
                    block0:
                        v0 = move p0
                        store.move.tracked s0, v0
                        v1 = listboundscheck s0[p1]
                        branch v1, block2, block1
                    block1:
                        v2 = none
                        drop.tracked s0
                        return v2
                    block2:
                        v3 = listelementref s0[p1]
                        v4 = listboundscheck *v3[p2]
                        branch v4, block4, block3
                    block3:
                        v5 = none
                        drop.tracked s0
                        return v5
                    block4:
                        v6 = copy p3
                        listset *v3[p2] = v6
                        v7 = load.move.tracked s0
                        v8 = some v7
                        return v8
                """,
            ),
            ir_match: true,
            interp_output: "some [[1, 99], [3, 4, 5]]\nsome [[1, 2], [3, 4, 77]]\nnone\n",
            aot_output: "some [[1, 99], [3, 4, 5]]\nsome [[1, 2], [3, 4, 77]]\nnone\n",
            output_match: true,
            aot_compile: Some(AotCompileResult(
                status: "Success",
            )),
            link: Some(LinkResult(
                status: "Success",
            )),
            execution: Some(ExecutionResult(
                status: "Success",
                exit_code: 0,
            )),
        ),
    ],
)