// PASS: Specialized and unspecialized outputs match

Analysis(
    sections: [
        SectionResult(
            section_type: "module",
            name: Some("local/test/nested"),
            typecheck: TypecheckResult(
                status: "Success",
            ),
            ownership: OwnershipResult(
                status: "Success",
            ),
            lowering: LoweringResult(
                status: "Error",
                message: "double_add::const \'N\': lowering error: binding not available yet: n",
            ),
            output: "",
        ),
        SectionResult(
            section_type: "scriptunit-fragment",
            name: None,
            typecheck: TypecheckResult(
                status: "Skipped",
            ),
            ownership: OwnershipResult(
                status: "Skipped",
            ),
            lowering: LoweringResult(
                status: "Skipped",
            ),
            output: "",
        ),
        SectionResult(
            section_type: "scriptunit-expr",
            name: None,
            typecheck: TypecheckResult(
                status: "Skipped",
            ),
            ownership: OwnershipResult(
                status: "Skipped",
            ),
            lowering: LoweringResult(
                status: "Skipped",
            ),
            output: "",
        ),
    ],
)