// PASS: Specialized and unspecialized outputs match

Analysis(
    sections: [
        SectionResult(
            section_type: "module",
            name: Some("local/test/many"),
            typecheck: TypecheckResult(
                status: "Success",
            ),
            ownership: OwnershipResult(
                status: "Success",
            ),
            lowering: LoweringResult(
                status: "Success",
                ir: """
                    fn scale(p0, p1):
                    block0:
                        v0 = mul p1, p0
                        drop p0
                        drop p1
                        return v0
                """,
            ),
            output: "",
        ),
        SectionResult(
            section_type: "scriptunit-fragment",
            name: None,
            typecheck: TypecheckResult(
                status: "Success",
            ),
            ownership: OwnershipResult(
                status: "Success",
            ),
            lowering: LoweringResult(
                status: "Success",
                ir: """
                    scriptunit:
                    block0:
                        v0 = const 1int
                        v1 = const 2int
                        v2 = const 3int
                        v3 = const 4int
                        v4 = const 5int
                        v5 = const 6int
                        v6 = const 7int
                        v7 = const 8int
                        v8 = const 1int
                        v9 = const 10int
                        drop v8
                        v10 = call @0 u0(v9)
                        v11 = const 2int
                        v12 = const 10int
                        drop v11
                        v13 = call @1 u1(v12)
                        v14 = const 3int
                        v15 = const 10int
                        drop v14
                        v16 = call @2 u2(v15)
                        v17 = const 4int
                        v18 = const 10int
                        drop v17
                        v19 = call @3 u3(v18)
                        v20 = const 5int
                        v21 = const 10int
                        drop v20
                        v22 = call @4 u4(v21)
                        v23 = const 6int
                        v24 = const 10int
                        drop v23
                        v25 = call @5 u5(v24)
                        v26 = const 7int
                        v27 = const 10int
                        drop v26
                        v28 = call @6 u6(v27)
                        v29 = const 8int
                        v30 = const 10int
                        drop v29
                        v31 = call @7 u7(v30)
                        debuglog v10
                        debuglog v13
                        debuglog v16
                        debuglog v19
                        debuglog v22
                        debuglog v25
                        debuglog v28
                        debuglog v31
                        unit_end_drop v0
                        unit_end_drop v1
                        unit_end_drop v2
                        unit_end_drop v3
                        unit_end_drop v4
                        unit_end_drop v5
                        unit_end_drop v6
                        unit_end_drop v7
                        unit_end_drop v10
                        unit_end_drop v13
                        unit_end_drop v16
                        unit_end_drop v19
                        unit_end_drop v22
                        unit_end_drop v25
                        unit_end_drop v28
                        unit_end_drop v31
                        unit_end
                    
                    fn scale__ct0(p0):
                    block0:
                        v1 = const 1int
                        v0 = mul p0, v1
                        drop v1
                        drop p0
                        return v0
                    
                    fn scale__ct1(p0):
                    block0:
                        v1 = const 2int
                        v0 = mul p0, v1
                        drop v1
                        drop p0
                        return v0
                    
                    fn scale__ct2(p0):
                    block0:
                        v1 = const 3int
                        v0 = mul p0, v1
                        drop v1
                        drop p0
                        return v0
                    
                    fn scale__ct3(p0):
                    block0:
                        v1 = const 4int
                        v0 = mul p0, v1
                        drop v1
                        drop p0
                        return v0
                    
                    fn scale__ct4(p0):
                    block0:
                        v1 = const 5int
                        v0 = mul p0, v1
                        drop v1
                        drop p0
                        return v0
                    
                    fn scale__ct5(p0):
                    block0:
                        v1 = const 6int
                        v0 = mul p0, v1
                        drop v1
                        drop p0
                        return v0
                    
                    fn scale__ct6(p0):
                    block0:
                        v1 = const 7int
                        v0 = mul p0, v1
                        drop v1
                        drop p0
                        return v0
                    
                    fn scale__ct7(p0):
                    block0:
                        v1 = const 8int
                        v0 = mul p0, v1
                        drop v1
                        drop p0
                        return v0
                """,
            ),
            output: "(fragment executed)",
            debug_output: Some("10\n20\n30\n40\n50\n60\n70\n80\n"),
        ),
        SectionResult(
            section_type: "scriptunit-expr",
            name: None,
            typecheck: TypecheckResult(
                status: "Success",
            ),
            ownership: OwnershipResult(
                status: "Success",
            ),
            lowering: LoweringResult(
                status: "Success",
                ir: """
                    scriptunit:
                    block0:
                        v0 = add unit0.v10, unit0.v13
                        v1 = add v0, unit0.v16
                        drop v0
                        v2 = add v1, unit0.v19
                        drop v1
                        v3 = add v2, unit0.v22
                        drop v2
                        v4 = add v3, unit0.v25
                        drop v3
                        v5 = add v4, unit0.v28
                        drop v4
                        v6 = add v5, unit0.v31
                        drop v5
                        unit_end v6
                """,
            ),
            output: "360",
        ),
    ],
)